[INFO] Scanning for projects...
[WARNING] 
[WARNING] Some problems were encountered while building the effective model for com.hivearmor:hivearmor:war:11.0.0-SNAPSHOT
[WARNING] 'dependencies.dependency.(groupId:artifactId:type:classifier)' must be unique: org.springframework.boot:spring-boot-starter-test:jar -> duplicate declaration of version (?) @ com.hivearmor:hivearmor:${revision}, /Users/encryptshell/GIT/UTMStack-11/backend/pom.xml, line 492, column 21
[WARNING] 
[WARNING] It is highly recommended to fix these problems because they threaten the stability of your build.
[WARNING] 
[WARNING] For this reason, future Maven versions might no longer support building such malformed projects.
[WARNING] 
[INFO] ------------------------------------------------------------------------
[INFO] Detecting the operating system and CPU architecture
[INFO] ------------------------------------------------------------------------
[INFO] os.detected.name: osx
[INFO] os.detected.arch: aarch_64
[INFO] os.detected.version: 26.5
[INFO] os.detected.version.major: 26
[INFO] os.detected.version.minor: 5
[INFO] os.detected.classifier: osx-aarch_64
[INFO] 
[INFO] ----------------------< com.hivearmor:hivearmor >-----------------------
[INFO] Building HiveArmor-API 11.0.0-SNAPSHOT
[INFO]   from pom.xml
[INFO] --------------------------------[ war ]---------------------------------
[INFO] 
[INFO] --- liquibase:4.27.0:validate (default-cli) @ hivearmor ---
[WARNING]  Parameter 'logging' (user property 'liquibase.logging') is deprecated: Logging managed by maven
[ERROR] The liquibase-maven-plugin now manages logging via the standard maven logging config, not the 'logging' configuration. Use the -e, -X or -q flags or see https://maven.apache.org/maven-logging.html
[INFO] ------------------------------------------------------------------------
[INFO] Loading artifacts into URLClassLoader
[INFO]   artifact: file:/Users/encryptshell/.m2/repository/tech/jhipster/jhipster-framework/8.8.0/jhipster-framework-8.8.0.jar
[INFO]   artifact: file:/Users/encryptshell/.m2/repository/com/fasterxml/jackson/module/jackson-module-jaxb-annotations/2.18.2/jackson-module-jaxb-annotations-2.18.2.jar
[INFO]   artifact: file:/Users/encryptshell/.m2/repository/com/fasterxml/jackson/core/jackson-annotations/2.18.2/jackson-annotations-2.18.2.jar
[INFO]   artifact: file:/Users/encryptshell/.m2/repository/com/fasterxml/jackson/core/jackson-core/2.18.2/jackson-core-2.18.2.jar
[INFO]   artifact: file:/Users/encryptshell/.m2/repository/com/fasterxml/jackson/core/jackson-databind/2.18.2/jackson-databind-2.18.2.jar
[INFO]   artifact: file:/Users/encryptshell/.m2/repository/javax/xml/bind/jaxb-api/2.2.12/jaxb-api-2.2.12.jar
[INFO]   artifact: file:/Users/encryptshell/.m2/repository/jakarta/activation/jakarta.activation-api/2.1.3/jakarta.activation-api-2.1.3.jar
[INFO]   artifact: file:/Users/encryptshell/.m2/repository/com/fasterxml/jackson/datatype/jackson-datatype-hibernate6/2.18.2/jackson-datatype-hibernate6-2.18.2.jar
[INFO]   artifact: file:/Users/encryptshell/.m2/repository/jakarta/transaction/jakarta.transaction-api/2.0.1/jakarta.transaction-api-2.0.1.jar
[INFO]   artifact: file:/Users/encryptshell/.m2/repository/com/fasterxml/jackson/datatype/jackson-datatype-hppc/2.18.2/jackson-datatype-hppc-2.18.2.jar
[INFO]   artifact: file:/Users/encryptshell/.m2/repository/com/carrotsearch/hppc/0.9.1/hppc-0.9.1.jar
[INFO]   artifact: file:/Users/encryptshell/.m2/repository/com/fasterxml/jackson/datatype/jackson-datatype-jsr310/2.18.2/jackson-datatype-jsr310-2.18.2.jar
[INFO]   artifact: file:/Users/encryptshell/.m2/repository/com/zaxxer/HikariCP/5.1.0/HikariCP-5.1.0.jar
[INFO]   artifact: file:/Users/encryptshell/.m2/repository/org/slf4j/slf4j-api/2.0.16/slf4j-api-2.0.16.jar
[INFO]   artifact: file:/Users/encryptshell/.m2/repository/org/apache/commons/commons-lang3/3.17.0/commons-lang3-3.17.0.jar
[INFO]   artifact: file:/Users/encryptshell/.m2/repository/org/hibernate/orm/hibernate-jpamodelgen/6.6.4.Final/hibernate-jpamodelgen-6.6.4.Final.jar
[INFO]   artifact: file:/Users/encryptshell/.m2/repository/org/hibernate/common/hibernate-commons-annotations/7.0.3.Final/hibernate-commons-annotations-7.0.3.Final.jar
[INFO]   artifact: file:/Users/encryptshell/.m2/repository/io/smallrye/jandex/3.2.0/jandex-3.2.0.jar
[INFO]   artifact: file:/Users/encryptshell/.m2/repository/jakarta/xml/bind/jakarta.xml.bind-api/4.0.2/jakarta.xml.bind-api-4.0.2.jar
[INFO]   artifact: file:/Users/encryptshell/.m2/repository/org/glassfish/jaxb/jaxb-runtime/4.0.5/jaxb-runtime-4.0.5.jar
[INFO]   artifact: file:/Users/encryptshell/.m2/repository/org/glassfish/jaxb/jaxb-core/4.0.5/jaxb-core-4.0.5.jar
[INFO]   artifact: file:/Users/encryptshell/.m2/repository/org/glassfish/jaxb/txw2/4.0.5/txw2-4.0.5.jar
[INFO]   artifact: file:/Users/encryptshell/.m2/repository/com/sun/istack/istack-commons-runtime/4.1.2/istack-commons-runtime-4.1.2.jar
[INFO]   artifact: file:/Users/encryptshell/.m2/repository/jakarta/validation/jakarta.validation-api/3.0.2/jakarta.validation-api-3.0.2.jar
[INFO]   artifact: file:/Users/encryptshell/.m2/repository/jakarta/annotation/jakarta.annotation-api/2.1.1/jakarta.annotation-api-2.1.1.jar
[INFO]   artifact: file:/Users/encryptshell/.m2/repository/org/antlr/antlr4-runtime/4.13.0/antlr4-runtime-4.13.0.jar
[INFO]   artifact: file:/Users/encryptshell/.m2/repository/net/bytebuddy/byte-buddy/1.15.11/byte-buddy-1.15.11.jar
[INFO]   artifact: file:/Users/encryptshell/.m2/repository/org/jboss/logging/jboss-logging/3.6.1.Final/jboss-logging-3.6.1.Final.jar
[INFO]   artifact: file:/Users/encryptshell/.m2/repository/org/hibernate/orm/hibernate-core/6.6.4.Final/hibernate-core-6.6.4.Final.jar
[INFO]   artifact: file:/Users/encryptshell/.m2/repository/jakarta/persistence/jakarta.persistence-api/3.1.0/jakarta.persistence-api-3.1.0.jar
[INFO]   artifact: file:/Users/encryptshell/.m2/repository/com/fasterxml/classmate/1.7.0/classmate-1.7.0.jar
[INFO]   artifact: file:/Users/encryptshell/.m2/repository/jakarta/inject/jakarta.inject-api/2.0.1/jakarta.inject-api-2.0.1.jar
[INFO]   artifact: file:/Users/encryptshell/.m2/repository/org/hibernate/validator/hibernate-validator/8.0.2.Final/hibernate-validator-8.0.2.Final.jar
[INFO]   artifact: file:/Users/encryptshell/.m2/repository/org/liquibase/liquibase-core/4.27.0/liquibase-core-4.27.0.jar
[INFO]   artifact: file:/Users/encryptshell/.m2/repository/com/opencsv/opencsv/5.9/opencsv-5.9.jar
[INFO]   artifact: file:/Users/encryptshell/.m2/repository/org/apache/commons/commons-text/1.11.0/commons-text-1.11.0.jar
[INFO]   artifact: file:/Users/encryptshell/.m2/repository/org/apache/commons/commons-collections4/4.4/commons-collections4-4.4.jar
[INFO]   artifact: file:/Users/encryptshell/.m2/repository/org/yaml/snakeyaml/2.3/snakeyaml-2.3.jar
[INFO]   artifact: file:/Users/encryptshell/.m2/repository/org/postgresql/postgresql/42.7.4/postgresql-42.7.4.jar
[INFO]   artifact: file:/Users/encryptshell/.m2/repository/org/checkerframework/checker-qual/3.42.0/checker-qual-3.42.0.jar
[INFO]   artifact: file:/Users/encryptshell/.m2/repository/org/mapstruct/mapstruct/1.4.2.Final/mapstruct-1.4.2.Final.jar
[INFO]   artifact: file:/Users/encryptshell/.m2/repository/org/mapstruct/mapstruct-processor/1.4.2.Final/mapstruct-processor-1.4.2.Final.jar
[INFO]   artifact: file:/Users/encryptshell/.m2/repository/org/projectlombok/lombok/1.18.34/lombok-1.18.34.jar
[INFO]   artifact: file:/Users/encryptshell/.m2/repository/org/springframework/boot/spring-boot-configuration-processor/3.4.1/spring-boot-configuration-processor-3.4.1.jar
[INFO]   artifact: file:/Users/encryptshell/.m2/repository/org/springframework/boot/spring-boot-loader-tools/3.4.1/spring-boot-loader-tools-3.4.1.jar
[INFO]   artifact: file:/Users/encryptshell/.m2/repository/org/apache/commons/commons-compress/1.25.0/commons-compress-1.25.0.jar
[INFO]   artifact: file:/Users/encryptshell/.m2/repository/org/springframework/spring-core/6.2.1/spring-core-6.2.1.jar
[INFO]   artifact: file:/Users/encryptshell/.m2/repository/org/springframework/spring-jcl/6.2.1/spring-jcl-6.2.1.jar
[INFO]   artifact: file:/Users/encryptshell/.m2/repository/org/springframework/boot/spring-boot-starter-actuator/3.4.1/spring-boot-starter-actuator-3.4.1.jar
[INFO]   artifact: file:/Users/encryptshell/.m2/repository/org/springframework/boot/spring-boot-starter/3.4.1/spring-boot-starter-3.4.1.jar
[INFO]   artifact: file:/Users/encryptshell/.m2/repository/org/springframework/boot/spring-boot-actuator-autoconfigure/3.4.1/spring-boot-actuator-autoconfigure-3.4.1.jar
[INFO]   artifact: file:/Users/encryptshell/.m2/repository/org/springframework/boot/spring-boot-actuator/3.4.1/spring-boot-actuator-3.4.1.jar
[INFO]   artifact: file:/Users/encryptshell/.m2/repository/io/micrometer/micrometer-observation/1.14.2/micrometer-observation-1.14.2.jar
[INFO]   artifact: file:/Users/encryptshell/.m2/repository/io/micrometer/micrometer-commons/1.14.2/micrometer-commons-1.14.2.jar
[INFO]   artifact: file:/Users/encryptshell/.m2/repository/io/micrometer/micrometer-jakarta9/1.14.2/micrometer-jakarta9-1.14.2.jar
[INFO]   artifact: file:/Users/encryptshell/.m2/repository/io/micrometer/micrometer-core/1.14.2/micrometer-core-1.14.2.jar
[INFO]   artifact: file:/Users/encryptshell/.m2/repository/org/hdrhistogram/HdrHistogram/2.2.2/HdrHistogram-2.2.2.jar
[INFO]   artifact: file:/Users/encryptshell/.m2/repository/org/latencyutils/LatencyUtils/2.0.3/LatencyUtils-2.0.3.jar
[INFO]   artifact: file:/Users/encryptshell/.m2/repository/org/springframework/boot/spring-boot-starter-data-jpa/3.4.1/spring-boot-starter-data-jpa-3.4.1.jar
[INFO]   artifact: file:/Users/encryptshell/.m2/repository/org/springframework/boot/spring-boot-starter-jdbc/3.4.1/spring-boot-starter-jdbc-3.4.1.jar
[INFO]   artifact: file:/Users/encryptshell/.m2/repository/org/springframework/spring-jdbc/6.2.1/spring-jdbc-6.2.1.jar
[INFO]   artifact: file:/Users/encryptshell/.m2/repository/org/springframework/data/spring-data-jpa/3.4.1/spring-data-jpa-3.4.1.jar
[INFO]   artifact: file:/Users/encryptshell/.m2/repository/org/springframework/spring-orm/6.2.1/spring-orm-6.2.1.jar
[INFO]   artifact: file:/Users/encryptshell/.m2/repository/org/springframework/spring-tx/6.2.1/spring-tx-6.2.1.jar
[INFO]   artifact: file:/Users/encryptshell/.m2/repository/org/springframework/spring-aspects/6.2.1/spring-aspects-6.2.1.jar
[INFO]   artifact: file:/Users/encryptshell/.m2/repository/org/aspectj/aspectjweaver/1.9.22.1/aspectjweaver-1.9.22.1.jar
[INFO]   artifact: file:/Users/encryptshell/.m2/repository/org/springframework/boot/spring-boot-starter-logging/3.4.1/spring-boot-starter-logging-3.4.1.jar
[INFO]   artifact: file:/Users/encryptshell/.m2/repository/ch/qos/logback/logback-classic/1.5.12/logback-classic-1.5.12.jar
[INFO]   artifact: file:/Users/encryptshell/.m2/repository/ch/qos/logback/logback-core/1.5.12/logback-core-1.5.12.jar
[INFO]   artifact: file:/Users/encryptshell/.m2/repository/org/apache/logging/log4j/log4j-to-slf4j/2.24.3/log4j-to-slf4j-2.24.3.jar
[INFO]   artifact: file:/Users/encryptshell/.m2/repository/org/slf4j/jul-to-slf4j/2.0.16/jul-to-slf4j-2.0.16.jar
[INFO]   artifact: file:/Users/encryptshell/.m2/repository/org/springframework/boot/spring-boot-starter-mail/3.4.1/spring-boot-starter-mail-3.4.1.jar
[INFO]   artifact: file:/Users/encryptshell/.m2/repository/org/springframework/spring-context-support/6.2.1/spring-context-support-6.2.1.jar
[INFO]   artifact: file:/Users/encryptshell/.m2/repository/org/eclipse/angus/jakarta.mail/2.0.3/jakarta.mail-2.0.3.jar
[INFO]   artifact: file:/Users/encryptshell/.m2/repository/org/eclipse/angus/angus-activation/2.0.2/angus-activation-2.0.2.jar
[INFO]   artifact: file:/Users/encryptshell/.m2/repository/org/springframework/security/spring-security-saml2-service-provider/6.4.2/spring-security-saml2-service-provider-6.4.2.jar
[INFO]   artifact: file:/Users/encryptshell/.m2/repository/org/springframework/security/spring-security-web/6.4.2/spring-security-web-6.4.2.jar
[INFO]   artifact: file:/Users/encryptshell/.m2/repository/org/opensaml/opensaml-saml-api/4.3.2/opensaml-saml-api-4.3.2.jar
[INFO]   artifact: file:/Users/encryptshell/.m2/repository/org/opensaml/opensaml-core/4.3.2/opensaml-core-4.3.2.jar
[INFO]   artifact: file:/Users/encryptshell/.m2/repository/org/opensaml/opensaml-messaging-api/4.3.2/opensaml-messaging-api-4.3.2.jar
[INFO]   artifact: file:/Users/encryptshell/.m2/repository/org/opensaml/opensaml-profile-api/4.3.2/opensaml-profile-api-4.3.2.jar
[INFO]   artifact: file:/Users/encryptshell/.m2/repository/org/opensaml/opensaml-security-api/4.3.2/opensaml-security-api-4.3.2.jar
[INFO]   artifact: file:/Users/encryptshell/.m2/repository/org/cryptacular/cryptacular/1.2.5/cryptacular-1.2.5.jar
[INFO]   artifact: file:/Users/encryptshell/.m2/repository/org/bouncycastle/bcprov-jdk18on/1.72/bcprov-jdk18on-1.72.jar
[INFO]   artifact: file:/Users/encryptshell/.m2/repository/org/bouncycastle/bcpkix-jdk18on/1.72/bcpkix-jdk18on-1.72.jar
[INFO]   artifact: file:/Users/encryptshell/.m2/repository/org/bouncycastle/bcutil-jdk18on/1.72/bcutil-jdk18on-1.72.jar
[INFO]   artifact: file:/Users/encryptshell/.m2/repository/org/opensaml/opensaml-soap-api/4.3.2/opensaml-soap-api-4.3.2.jar
[INFO]   artifact: file:/Users/encryptshell/.m2/repository/org/opensaml/opensaml-xmlsec-api/4.3.2/opensaml-xmlsec-api-4.3.2.jar
[INFO]   artifact: file:/Users/encryptshell/.m2/repository/org/apache/santuario/xmlsec/2.3.4/xmlsec-2.3.4.jar
[INFO]   artifact: file:/Users/encryptshell/.m2/repository/net/shibboleth/utilities/java-support/8.4.2/java-support-8.4.2.jar
[INFO]   artifact: file:/Users/encryptshell/.m2/repository/org/opensaml/opensaml-saml-impl/4.3.2/opensaml-saml-impl-4.3.2.jar
[INFO]   artifact: file:/Users/encryptshell/.m2/repository/org/opensaml/opensaml-security-impl/4.3.2/opensaml-security-impl-4.3.2.jar
[INFO]   artifact: file:/Users/encryptshell/.m2/repository/org/opensaml/opensaml-soap-impl/4.3.2/opensaml-soap-impl-4.3.2.jar
[INFO]   artifact: file:/Users/encryptshell/.m2/repository/org/opensaml/opensaml-storage-api/4.3.2/opensaml-storage-api-4.3.2.jar
[INFO]   artifact: file:/Users/encryptshell/.m2/repository/org/opensaml/opensaml-xmlsec-impl/4.3.2/opensaml-xmlsec-impl-4.3.2.jar
[INFO]   artifact: file:/Users/encryptshell/.m2/repository/io/dropwizard/metrics/metrics-core/4.2.25/metrics-core-4.2.25.jar
[INFO]   artifact: file:/Users/encryptshell/.m2/repository/org/apache/velocity/velocity-engine-core/2.3/velocity-engine-core-2.3.jar
[INFO]   artifact: file:/Users/encryptshell/.m2/repository/org/apache/httpcomponents/httpclient/4.5.3/httpclient-4.5.3.jar
[INFO]   artifact: file:/Users/encryptshell/.m2/repository/org/apache/httpcomponents/httpcore/4.4.16/httpcore-4.4.16.jar
[INFO]   artifact: file:/Users/encryptshell/.m2/repository/org/springframework/boot/spring-boot-starter-security/3.4.1/spring-boot-starter-security-3.4.1.jar
[INFO]   artifact: file:/Users/encryptshell/.m2/repository/org/springframework/spring-aop/6.2.1/spring-aop-6.2.1.jar
[INFO]   artifact: file:/Users/encryptshell/.m2/repository/org/springframework/security/spring-security-config/6.4.2/spring-security-config-6.4.2.jar
[INFO]   artifact: file:/Users/encryptshell/.m2/repository/org/springframework/security/spring-security-messaging/6.4.2/spring-security-messaging-6.4.2.jar
[INFO]   artifact: file:/Users/encryptshell/.m2/repository/org/springframework/security/spring-security-core/6.4.2/spring-security-core-6.4.2.jar
[INFO]   artifact: file:/Users/encryptshell/.m2/repository/org/springframework/security/spring-security-crypto/6.4.2/spring-security-crypto-6.4.2.jar
[INFO]   artifact: file:/Users/encryptshell/.m2/repository/org/springframework/spring-beans/6.2.1/spring-beans-6.2.1.jar
[INFO]   artifact: file:/Users/encryptshell/.m2/repository/org/springframework/spring-context/6.2.1/spring-context-6.2.1.jar
[INFO]   artifact: file:/Users/encryptshell/.m2/repository/org/springframework/spring-expression/6.2.1/spring-expression-6.2.1.jar
[INFO]   artifact: file:/Users/encryptshell/.m2/repository/org/springframework/spring-messaging/6.2.1/spring-messaging-6.2.1.jar
[INFO]   artifact: file:/Users/encryptshell/.m2/repository/org/springframework/boot/spring-boot-starter-thymeleaf/3.4.1/spring-boot-starter-thymeleaf-3.4.1.jar
[INFO]   artifact: file:/Users/encryptshell/.m2/repository/org/thymeleaf/thymeleaf-spring6/3.1.3.RELEASE/thymeleaf-spring6-3.1.3.RELEASE.jar
[INFO]   artifact: file:/Users/encryptshell/.m2/repository/org/thymeleaf/thymeleaf/3.1.3.RELEASE/thymeleaf-3.1.3.RELEASE.jar
[INFO]   artifact: file:/Users/encryptshell/.m2/repository/org/attoparser/attoparser/2.0.7.RELEASE/attoparser-2.0.7.RELEASE.jar
[INFO]   artifact: file:/Users/encryptshell/.m2/repository/org/unbescape/unbescape/1.1.6.RELEASE/unbescape-1.1.6.RELEASE.jar
[INFO]   artifact: file:/Users/encryptshell/.m2/repository/org/springframework/boot/spring-boot-starter-web/3.4.1/spring-boot-starter-web-3.4.1.jar
[INFO]   artifact: file:/Users/encryptshell/.m2/repository/org/springframework/boot/spring-boot-starter-json/3.4.1/spring-boot-starter-json-3.4.1.jar
[INFO]   artifact: file:/Users/encryptshell/.m2/repository/com/fasterxml/jackson/datatype/jackson-datatype-jdk8/2.18.2/jackson-datatype-jdk8-2.18.2.jar
[INFO]   artifact: file:/Users/encryptshell/.m2/repository/com/fasterxml/jackson/module/jackson-module-parameter-names/2.18.2/jackson-module-parameter-names-2.18.2.jar
[INFO]   artifact: file:/Users/encryptshell/.m2/repository/org/springframework/boot/spring-boot-starter-tomcat/3.4.1/spring-boot-starter-tomcat-3.4.1.jar
[INFO]   artifact: file:/Users/encryptshell/.m2/repository/org/apache/tomcat/embed/tomcat-embed-core/10.1.34/tomcat-embed-core-10.1.34.jar
[INFO]   artifact: file:/Users/encryptshell/.m2/repository/org/apache/tomcat/embed/tomcat-embed-websocket/10.1.34/tomcat-embed-websocket-10.1.34.jar
[INFO]   artifact: file:/Users/encryptshell/.m2/repository/org/springframework/spring-web/6.2.1/spring-web-6.2.1.jar
[INFO]   artifact: file:/Users/encryptshell/.m2/repository/org/springframework/spring-webmvc/6.2.1/spring-webmvc-6.2.1.jar
[INFO]   artifact: file:/Users/encryptshell/.m2/repository/org/springframework/boot/spring-boot-starter-webflux/3.4.1/spring-boot-starter-webflux-3.4.1.jar
[INFO]   artifact: file:/Users/encryptshell/.m2/repository/org/springframework/boot/spring-boot-starter-reactor-netty/3.4.1/spring-boot-starter-reactor-netty-3.4.1.jar
[INFO]   artifact: file:/Users/encryptshell/.m2/repository/io/projectreactor/netty/reactor-netty-http/1.2.1/reactor-netty-http-1.2.1.jar
[INFO]   artifact: file:/Users/encryptshell/.m2/repository/io/netty/netty-resolver-dns/4.1.116.Final/netty-resolver-dns-4.1.116.Final.jar
[INFO]   artifact: file:/Users/encryptshell/.m2/repository/io/netty/netty-codec-dns/4.1.116.Final/netty-codec-dns-4.1.116.Final.jar
[INFO]   artifact: file:/Users/encryptshell/.m2/repository/io/netty/netty-resolver-dns-native-macos/4.1.116.Final/netty-resolver-dns-native-macos-4.1.116.Final-osx-x86_64.jar
[INFO]   artifact: file:/Users/encryptshell/.m2/repository/io/netty/netty-resolver-dns-classes-macos/4.1.116.Final/netty-resolver-dns-classes-macos-4.1.116.Final.jar
[INFO]   artifact: file:/Users/encryptshell/.m2/repository/io/netty/netty-transport-native-epoll/4.1.116.Final/netty-transport-native-epoll-4.1.116.Final-linux-x86_64.jar
[INFO]   artifact: file:/Users/encryptshell/.m2/repository/io/netty/netty-transport-classes-epoll/4.1.116.Final/netty-transport-classes-epoll-4.1.116.Final.jar
[INFO]   artifact: file:/Users/encryptshell/.m2/repository/io/projectreactor/netty/reactor-netty-core/1.2.1/reactor-netty-core-1.2.1.jar
[INFO]   artifact: file:/Users/encryptshell/.m2/repository/org/springframework/spring-webflux/6.2.1/spring-webflux-6.2.1.jar
[INFO]   artifact: file:/Users/encryptshell/.m2/repository/io/projectreactor/reactor-core/3.7.1/reactor-core-3.7.1.jar
[INFO]   artifact: file:/Users/encryptshell/.m2/repository/org/reactivestreams/reactive-streams/1.0.4/reactive-streams-1.0.4.jar
[INFO]   artifact: file:/Users/encryptshell/.m2/repository/org/zalando/problem-spring-web-starter/0.29.1/problem-spring-web-starter-0.29.1.jar
[INFO]   artifact: file:/Users/encryptshell/.m2/repository/org/zalando/problem-spring-web-autoconfigure/0.29.1/problem-spring-web-autoconfigure-0.29.1.jar
[INFO]   artifact: file:/Users/encryptshell/.m2/repository/org/zalando/jackson-datatype-problem/0.27.1/jackson-datatype-problem-0.27.1.jar
[INFO]   artifact: file:/Users/encryptshell/.m2/repository/org/zalando/problem/0.27.1/problem-0.27.1.jar
[INFO]   artifact: file:/Users/encryptshell/.m2/repository/org/zalando/problem-spring-web/0.29.1/problem-spring-web-0.29.1.jar
[INFO]   artifact: file:/Users/encryptshell/.m2/repository/org/zalando/problem-violations/0.29.1/problem-violations-0.29.1.jar
[INFO]   artifact: file:/Users/encryptshell/.m2/repository/org/zalando/problem-spring-common/0.29.1/problem-spring-common-0.29.1.jar
[INFO]   artifact: file:/Users/encryptshell/.m2/repository/org/zalando/faux-pas/0.9.0/faux-pas-0.9.0.jar
[INFO]   artifact: file:/Users/encryptshell/.m2/repository/io/jsonwebtoken/jjwt-api/0.11.5/jjwt-api-0.11.5.jar
[INFO]   artifact: file:/Users/encryptshell/.m2/repository/io/jsonwebtoken/jjwt-impl/0.11.5/jjwt-impl-0.11.5.jar
[INFO]   artifact: file:/Users/encryptshell/.m2/repository/io/jsonwebtoken/jjwt-jackson/0.11.5/jjwt-jackson-0.11.5.jar
[INFO]   artifact: file:/Users/encryptshell/.m2/repository/org/springframework/security/spring-security-data/6.4.2/spring-security-data-6.4.2.jar
[INFO]   artifact: file:/Users/encryptshell/.m2/repository/org/springframework/data/spring-data-commons/3.4.1/spring-data-commons-3.4.1.jar
[INFO]   artifact: file:/Users/encryptshell/.m2/repository/net/sf/jtidy/jtidy/r938/jtidy-r938.jar
[INFO]   artifact: file:/Users/encryptshell/.m2/repository/dev/samstevens/totp/totp-spring-boot-starter/1.7.1/totp-spring-boot-starter-1.7.1.jar
[INFO]   artifact: file:/Users/encryptshell/.m2/repository/dev/samstevens/totp/totp/1.7.1/totp-1.7.1.jar
[INFO]   artifact: file:/Users/encryptshell/.m2/repository/org/springframework/boot/spring-boot-autoconfigure/3.4.1/spring-boot-autoconfigure-3.4.1.jar
[INFO]   artifact: file:/Users/encryptshell/.m2/repository/org/springframework/vault/spring-vault-core/3.1.2/spring-vault-core-3.1.2.jar
[INFO]   artifact: file:/Users/encryptshell/.m2/repository/org/apache/commons/commons-csv/1.8/commons-csv-1.8.jar
[INFO]   artifact: file:/Users/encryptshell/.m2/repository/com/itextpdf/itext7-core/7.2.0/itext7-core-7.2.0.pom
[INFO]   artifact: file:/Users/encryptshell/.m2/repository/com/itextpdf/barcodes/7.2.0/barcodes-7.2.0.jar
[INFO]   artifact: file:/Users/encryptshell/.m2/repository/com/itextpdf/font-asian/7.2.0/font-asian-7.2.0.jar
[INFO]   artifact: file:/Users/encryptshell/.m2/repository/com/itextpdf/forms/7.2.0/forms-7.2.0.jar
[INFO]   artifact: file:/Users/encryptshell/.m2/repository/com/itextpdf/hyph/7.2.0/hyph-7.2.0.jar
[INFO]   artifact: file:/Users/encryptshell/.m2/repository/com/itextpdf/io/7.2.0/io-7.2.0.jar
[INFO]   artifact: file:/Users/encryptshell/.m2/repository/com/itextpdf/commons/7.2.0/commons-7.2.0.jar
[INFO]   artifact: file:/Users/encryptshell/.m2/repository/com/itextpdf/kernel/7.2.0/kernel-7.2.0.jar
[INFO]   artifact: file:/Users/encryptshell/.m2/repository/org/bouncycastle/bcpkix-jdk15on/1.68/bcpkix-jdk15on-1.68.jar
[INFO]   artifact: file:/Users/encryptshell/.m2/repository/org/bouncycastle/bcprov-jdk15on/1.68/bcprov-jdk15on-1.68.jar
[INFO]   artifact: file:/Users/encryptshell/.m2/repository/com/itextpdf/layout/7.2.0/layout-7.2.0.jar
[INFO]   artifact: file:/Users/encryptshell/.m2/repository/com/itextpdf/pdfa/7.2.0/pdfa-7.2.0.jar
[INFO]   artifact: file:/Users/encryptshell/.m2/repository/com/itextpdf/sign/7.2.0/sign-7.2.0.jar
[INFO]   artifact: file:/Users/encryptshell/.m2/repository/com/itextpdf/styled-xml-parser/7.2.0/styled-xml-parser-7.2.0.jar
[INFO]   artifact: file:/Users/encryptshell/.m2/repository/com/itextpdf/svg/7.2.0/svg-7.2.0.jar
[INFO]   artifact: file:/Users/encryptshell/.m2/repository/org/xhtmlrenderer/flying-saucer-pdf/9.1.22/flying-saucer-pdf-9.1.22.jar
[INFO]   artifact: file:/Users/encryptshell/.m2/repository/com/lowagie/itext/2.1.7/itext-2.1.7.jar
[INFO]   artifact: file:/Users/encryptshell/.m2/repository/org/bouncycastle/bcmail-jdk14/1.64/bcmail-jdk14-1.64.jar
[INFO]   artifact: file:/Users/encryptshell/.m2/repository/org/bouncycastle/bcpkix-jdk14/1.64/bcpkix-jdk14-1.64.jar
[INFO]   artifact: file:/Users/encryptshell/.m2/repository/org/bouncycastle/bctsp-jdk14/1.46/bctsp-jdk14-1.46.jar
[INFO]   artifact: file:/Users/encryptshell/.m2/repository/org/bouncycastle/bcprov-jdk14/1.64/bcprov-jdk14-1.64.jar
[INFO]   artifact: file:/Users/encryptshell/.m2/repository/org/xhtmlrenderer/flying-saucer-core/9.1.22/flying-saucer-core-9.1.22.jar
[INFO]   artifact: file:/Users/encryptshell/.m2/repository/org/springdoc/springdoc-openapi-starter-webmvc-ui/2.6.0/springdoc-openapi-starter-webmvc-ui-2.6.0.jar
[INFO]   artifact: file:/Users/encryptshell/.m2/repository/org/springdoc/springdoc-openapi-starter-webmvc-api/2.7.0/springdoc-openapi-starter-webmvc-api-2.7.0.jar
[INFO]   artifact: file:/Users/encryptshell/.m2/repository/org/springdoc/springdoc-openapi-starter-common/2.7.0/springdoc-openapi-starter-common-2.7.0.jar
[INFO]   artifact: file:/Users/encryptshell/.m2/repository/io/swagger/core/v3/swagger-core-jakarta/2.2.25/swagger-core-jakarta-2.2.25.jar
[INFO]   artifact: file:/Users/encryptshell/.m2/repository/io/swagger/core/v3/swagger-annotations-jakarta/2.2.25/swagger-annotations-jakarta-2.2.25.jar
[INFO]   artifact: file:/Users/encryptshell/.m2/repository/io/swagger/core/v3/swagger-models-jakarta/2.2.25/swagger-models-jakarta-2.2.25.jar
[INFO]   artifact: file:/Users/encryptshell/.m2/repository/com/fasterxml/jackson/dataformat/jackson-dataformat-yaml/2.18.2/jackson-dataformat-yaml-2.18.2.jar
[INFO]   artifact: file:/Users/encryptshell/.m2/repository/org/webjars/swagger-ui/5.18.2/swagger-ui-5.18.2.jar
[INFO]   artifact: file:/Users/encryptshell/.m2/repository/org/opensearch/client/opensearch-java/2.10.4/opensearch-java-2.10.4.jar
[INFO]   artifact: file:/Users/encryptshell/.m2/repository/commons-logging/commons-logging/1.3.2/commons-logging-1.3.2.jar
[INFO]   artifact: file:/Users/encryptshell/.m2/repository/com/google/code/findbugs/jsr305/3.0.2/jsr305-3.0.2.jar
[INFO]   artifact: file:/Users/encryptshell/.m2/repository/org/opensearch/client/opensearch-rest-client/2.12.0/opensearch-rest-client-2.12.0.jar
[INFO]   artifact: file:/Users/encryptshell/.m2/repository/org/apache/httpcomponents/httpasyncclient/4.1.5/httpasyncclient-4.1.5.jar
[INFO]   artifact: file:/Users/encryptshell/.m2/repository/org/apache/httpcomponents/httpcore-nio/4.4.16/httpcore-nio-4.4.16.jar
[INFO]   artifact: file:/Users/encryptshell/.m2/repository/jakarta/json/bind/jakarta.json.bind-api/3.0.1/jakarta.json.bind-api-3.0.1.jar
[INFO]   artifact: file:/Users/encryptshell/.m2/repository/org/apache/httpcomponents/core5/httpcore5/5.3.1/httpcore5-5.3.1.jar
[INFO]   artifact: file:/Users/encryptshell/.m2/repository/org/apache/httpcomponents/core5/httpcore5-h2/5.3.1/httpcore5-h2-5.3.1.jar
[INFO]   artifact: file:/Users/encryptshell/.m2/repository/org/eclipse/yasson/3.0.4/yasson-3.0.4.jar
[INFO]   artifact: file:/Users/encryptshell/.m2/repository/org/apache/httpcomponents/client5/httpclient5/5.4.1/httpclient5-5.4.1.jar
[INFO]   artifact: file:/Users/encryptshell/.m2/repository/jakarta/json/jakarta.json-api/2.1.1/jakarta.json-api-2.1.1.jar
[INFO]   artifact: file:/Users/encryptshell/.m2/repository/org/eclipse/parsson/parsson/1.1.6/parsson-1.1.6.jar
[INFO]   artifact: file:/Users/encryptshell/.m2/repository/com/squareup/okhttp3/okhttp/4.11.0/okhttp-4.11.0.jar
[INFO]   artifact: file:/Users/encryptshell/.m2/repository/com/squareup/okio/okio/3.2.0/okio-3.2.0.jar
[INFO]   artifact: file:/Users/encryptshell/.m2/repository/com/squareup/okio/okio-jvm/3.2.0/okio-jvm-3.2.0.jar
[INFO]   artifact: file:/Users/encryptshell/.m2/repository/org/jetbrains/kotlin/kotlin-stdlib-common/1.9.25/kotlin-stdlib-common-1.9.25.jar
[INFO]   artifact: file:/Users/encryptshell/.m2/repository/org/jetbrains/kotlin/kotlin-stdlib/1.9.25/kotlin-stdlib-1.9.25.jar
[INFO]   artifact: file:/Users/encryptshell/.m2/repository/org/jetbrains/annotations/13.0/annotations-13.0.jar
[INFO]   artifact: file:/Users/encryptshell/.m2/repository/org/jetbrains/kotlin/kotlin-stdlib-jdk8/1.9.25/kotlin-stdlib-jdk8-1.9.25.jar
[INFO]   artifact: file:/Users/encryptshell/.m2/repository/org/jetbrains/kotlin/kotlin-stdlib-jdk7/1.9.25/kotlin-stdlib-jdk7-1.9.25.jar
[INFO]   artifact: file:/Users/encryptshell/.m2/repository/io/grpc/grpc-okhttp/1.65.1/grpc-okhttp-1.65.1.jar
[INFO]   artifact: file:/Users/encryptshell/.m2/repository/io/grpc/grpc-api/1.65.1/grpc-api-1.65.1.jar
[INFO]   artifact: file:/Users/encryptshell/.m2/repository/io/grpc/grpc-util/1.65.1/grpc-util-1.65.1.jar
[INFO]   artifact: file:/Users/encryptshell/.m2/repository/com/google/guava/guava/33.3.1-jre/guava-33.3.1-jre.jar
[INFO]   artifact: file:/Users/encryptshell/.m2/repository/com/google/guava/failureaccess/1.0.2/failureaccess-1.0.2.jar
[INFO]   artifact: file:/Users/encryptshell/.m2/repository/com/google/guava/listenablefuture/9999.0-empty-to-avoid-conflict-with-guava/listenablefuture-9999.0-empty-to-avoid-conflict-with-guava.jar
[INFO]   artifact: file:/Users/encryptshell/.m2/repository/com/google/j2objc/j2objc-annotations/3.0.0/j2objc-annotations-3.0.0.jar
[INFO]   artifact: file:/Users/encryptshell/.m2/repository/io/perfmark/perfmark-api/0.26.0/perfmark-api-0.26.0.jar
[INFO]   artifact: file:/Users/encryptshell/.m2/repository/io/grpc/grpc-netty/1.65.1/grpc-netty-1.65.1.jar
[INFO]   artifact: file:/Users/encryptshell/.m2/repository/io/netty/netty-codec-http2/4.1.116.Final/netty-codec-http2-4.1.116.Final.jar
[INFO]   artifact: file:/Users/encryptshell/.m2/repository/io/netty/netty-common/4.1.116.Final/netty-common-4.1.116.Final.jar
[INFO]   artifact: file:/Users/encryptshell/.m2/repository/io/netty/netty-buffer/4.1.116.Final/netty-buffer-4.1.116.Final.jar
[INFO]   artifact: file:/Users/encryptshell/.m2/repository/io/netty/netty-transport/4.1.116.Final/netty-transport-4.1.116.Final.jar
[INFO]   artifact: file:/Users/encryptshell/.m2/repository/io/netty/netty-resolver/4.1.116.Final/netty-resolver-4.1.116.Final.jar
[INFO]   artifact: file:/Users/encryptshell/.m2/repository/io/netty/netty-codec/4.1.116.Final/netty-codec-4.1.116.Final.jar
[INFO]   artifact: file:/Users/encryptshell/.m2/repository/io/netty/netty-handler/4.1.116.Final/netty-handler-4.1.116.Final.jar
[INFO]   artifact: file:/Users/encryptshell/.m2/repository/io/netty/netty-codec-http/4.1.116.Final/netty-codec-http-4.1.116.Final.jar
[INFO]   artifact: file:/Users/encryptshell/.m2/repository/io/netty/netty-handler-proxy/4.1.116.Final/netty-handler-proxy-4.1.116.Final.jar
[INFO]   artifact: file:/Users/encryptshell/.m2/repository/io/netty/netty-codec-socks/4.1.116.Final/netty-codec-socks-4.1.116.Final.jar
[INFO]   artifact: file:/Users/encryptshell/.m2/repository/com/google/errorprone/error_prone_annotations/2.23.0/error_prone_annotations-2.23.0.jar
[INFO]   artifact: file:/Users/encryptshell/.m2/repository/io/netty/netty-transport-native-unix-common/4.1.116.Final/netty-transport-native-unix-common-4.1.116.Final.jar
[INFO]   artifact: file:/Users/encryptshell/.m2/repository/io/grpc/grpc-protobuf/1.65.1/grpc-protobuf-1.65.1.jar
[INFO]   artifact: file:/Users/encryptshell/.m2/repository/com/google/api/grpc/proto-google-common-protos/2.29.0/proto-google-common-protos-2.29.0.jar
[INFO]   artifact: file:/Users/encryptshell/.m2/repository/io/grpc/grpc-protobuf-lite/1.65.1/grpc-protobuf-lite-1.65.1.jar
[INFO]   artifact: file:/Users/encryptshell/.m2/repository/io/grpc/grpc-stub/1.65.1/grpc-stub-1.65.1.jar
[INFO]   artifact: file:/Users/encryptshell/.m2/repository/io/grpc/grpc-core/1.65.1/grpc-core-1.65.1.jar
[INFO]   artifact: file:/Users/encryptshell/.m2/repository/com/google/android/annotations/4.1.1.4/annotations-4.1.1.4.jar
[INFO]   artifact: file:/Users/encryptshell/.m2/repository/org/codehaus/mojo/animal-sniffer-annotations/1.23/animal-sniffer-annotations-1.23.jar
[INFO]   artifact: file:/Users/encryptshell/.m2/repository/io/grpc/grpc-context/1.65.1/grpc-context-1.65.1.jar
[INFO]   artifact: file:/Users/encryptshell/.m2/repository/org/apache/tomcat/annotations-api/6.0.53/annotations-api-6.0.53.jar
[INFO]   artifact: file:/Users/encryptshell/.m2/repository/com/google/protobuf/protobuf-java/4.29.3/protobuf-java-4.29.3.jar
[INFO]   artifact: file:/Users/encryptshell/.m2/repository/org/springframework/boot/spring-boot-starter-websocket/3.4.1/spring-boot-starter-websocket-3.4.1.jar
[INFO]   artifact: file:/Users/encryptshell/.m2/repository/org/springframework/spring-websocket/6.2.1/spring-websocket-6.2.1.jar
[INFO]   artifact: file:/Users/encryptshell/.m2/repository/com/jayway/jsonpath/json-path/2.9.0/json-path-2.9.0.jar
[INFO]   artifact: file:/Users/encryptshell/.m2/repository/net/minidev/json-smart/2.5.1/json-smart-2.5.1.jar
[INFO]   artifact: file:/Users/encryptshell/.m2/repository/net/minidev/accessors-smart/2.5.1/accessors-smart-2.5.1.jar
[INFO]   artifact: file:/Users/encryptshell/.m2/repository/org/ow2/asm/asm/9.6/asm-9.6.jar
[INFO]   artifact: file:/Users/encryptshell/.m2/repository/org/apache/tika/tika-core/3.3.0/tika-core-3.3.0.jar
[INFO]   artifact: file:/Users/encryptshell/.m2/repository/commons-io/commons-io/2.21.0/commons-io-2.21.0.jar
[INFO]   artifact: file:/Users/encryptshell/.m2/repository/com/warrenstrange/googleauth/1.4.0/googleauth-1.4.0.jar
[INFO]   artifact: file:/Users/encryptshell/.m2/repository/commons-codec/commons-codec/1.17.1/commons-codec-1.17.1.jar
[INFO]   artifact: file:/Users/encryptshell/.m2/repository/com/google/zxing/core/3.4.1/core-3.4.1.jar
[INFO]   artifact: file:/Users/encryptshell/.m2/repository/com/google/zxing/javase/3.4.1/javase-3.4.1.jar
[INFO]   artifact: file:/Users/encryptshell/.m2/repository/com/beust/jcommander/1.78/jcommander-1.78.jar
[INFO]   artifact: file:/Users/encryptshell/.m2/repository/com/github/jai-imageio/jai-imageio-core/1.4.0/jai-imageio-core-1.4.0.jar
[INFO]   artifact: file:/Users/encryptshell/.m2/repository/com/github/ben-manes/caffeine/caffeine/3.0.5/caffeine-3.0.5.jar
[INFO]   artifact: file:/Users/encryptshell/.m2/repository/commons-net/commons-net/3.9.0/commons-net-3.9.0.jar
[INFO]   artifact: file:/Users/encryptshell/.m2/repository/net/logstash/logback/logstash-logback-encoder/8.0/logstash-logback-encoder-8.0.jar
[INFO]   artifact: file:/Users/encryptshell/.m2/repository/com/google/code/gson/gson/2.11.0/gson-2.11.0.jar
[INFO]   artifact: file:/Users/encryptshell/.m2/repository/org/apache/poi/poi/5.2.5/poi-5.2.5.jar
[INFO]   artifact: file:/Users/encryptshell/.m2/repository/org/apache/commons/commons-math3/3.6.1/commons-math3-3.6.1.jar
[INFO]   artifact: file:/Users/encryptshell/.m2/repository/com/zaxxer/SparseBitSet/1.3/SparseBitSet-1.3.jar
[INFO]   artifact: file:/Users/encryptshell/.m2/repository/org/apache/logging/log4j/log4j-api/2.24.3/log4j-api-2.24.3.jar
[INFO]   artifact: file:/Users/encryptshell/.m2/repository/org/apache/poi/poi-ooxml/5.2.5/poi-ooxml-5.2.5.jar
[INFO]   artifact: file:/Users/encryptshell/.m2/repository/org/apache/poi/poi-ooxml-lite/5.2.5/poi-ooxml-lite-5.2.5.jar
[INFO]   artifact: file:/Users/encryptshell/.m2/repository/org/apache/xmlbeans/xmlbeans/5.2.0/xmlbeans-5.2.0.jar
[INFO]   artifact: file:/Users/encryptshell/.m2/repository/com/github/virtuald/curvesapi/1.08/curvesapi-1.08.jar
[INFO]   artifact: file:/Users/encryptshell/.m2/repository/org/springframework/boot/spring-boot-starter-test/3.4.1/spring-boot-starter-test-3.4.1.jar
[INFO]   artifact: file:/Users/encryptshell/.m2/repository/org/springframework/boot/spring-boot-test/3.4.1/spring-boot-test-3.4.1.jar
[INFO]   artifact: file:/Users/encryptshell/.m2/repository/org/springframework/boot/spring-boot-test-autoconfigure/3.4.1/spring-boot-test-autoconfigure-3.4.1.jar
[INFO]   artifact: file:/Users/encryptshell/.m2/repository/org/assertj/assertj-core/3.26.3/assertj-core-3.26.3.jar
[INFO]   artifact: file:/Users/encryptshell/.m2/repository/org/awaitility/awaitility/4.2.2/awaitility-4.2.2.jar
[INFO]   artifact: file:/Users/encryptshell/.m2/repository/org/hamcrest/hamcrest/2.2/hamcrest-2.2.jar
[INFO]   artifact: file:/Users/encryptshell/.m2/repository/org/junit/jupiter/junit-jupiter/5.11.4/junit-jupiter-5.11.4.jar
[INFO]   artifact: file:/Users/encryptshell/.m2/repository/org/junit/jupiter/junit-jupiter-api/5.11.4/junit-jupiter-api-5.11.4.jar
[INFO]   artifact: file:/Users/encryptshell/.m2/repository/org/junit/jupiter/junit-jupiter-params/5.11.4/junit-jupiter-params-5.11.4.jar
[INFO]   artifact: file:/Users/encryptshell/.m2/repository/org/junit/jupiter/junit-jupiter-engine/5.11.4/junit-jupiter-engine-5.11.4.jar
[INFO]   artifact: file:/Users/encryptshell/.m2/repository/org/mockito/mockito-junit-jupiter/5.14.2/mockito-junit-jupiter-5.14.2.jar
[INFO]   artifact: file:/Users/encryptshell/.m2/repository/org/skyscreamer/jsonassert/1.5.3/jsonassert-1.5.3.jar
[INFO]   artifact: file:/Users/encryptshell/.m2/repository/com/vaadin/external/google/android-json/0.0.20131108.vaadin1/android-json-0.0.20131108.vaadin1.jar
[INFO]   artifact: file:/Users/encryptshell/.m2/repository/org/springframework/spring-test/6.2.1/spring-test-6.2.1.jar
[INFO]   artifact: file:/Users/encryptshell/.m2/repository/org/xmlunit/xmlunit-core/2.10.0/xmlunit-core-2.10.0.jar
[INFO]   artifact: file:/Users/encryptshell/.m2/repository/org/springframework/security/spring-security-test/6.4.2/spring-security-test-6.4.2.jar
[INFO]   artifact: file:/Users/encryptshell/.m2/repository/com/tngtech/archunit/archunit-junit5/0.21.0/archunit-junit5-0.21.0.jar
[INFO]   artifact: file:/Users/encryptshell/.m2/repository/com/tngtech/archunit/archunit-junit5-api/0.21.0/archunit-junit5-api-0.21.0.jar
[INFO]   artifact: file:/Users/encryptshell/.m2/repository/com/tngtech/archunit/archunit/0.21.0/archunit-0.21.0.jar
[INFO]   artifact: file:/Users/encryptshell/.m2/repository/com/tngtech/archunit/archunit-junit5-engine/0.21.0/archunit-junit5-engine-0.21.0.jar
[INFO]   artifact: file:/Users/encryptshell/.m2/repository/com/tngtech/archunit/archunit-junit5-engine-api/0.21.0/archunit-junit5-engine-api-0.21.0.jar
[INFO]   artifact: file:/Users/encryptshell/.m2/repository/net/jqwik/jqwik/1.8.3/jqwik-1.8.3.jar
[INFO]   artifact: file:/Users/encryptshell/.m2/repository/org/apiguardian/apiguardian-api/1.1.2/apiguardian-api-1.1.2.jar
[INFO]   artifact: file:/Users/encryptshell/.m2/repository/net/jqwik/jqwik-api/1.8.3/jqwik-api-1.8.3.jar
[INFO]   artifact: file:/Users/encryptshell/.m2/repository/org/opentest4j/opentest4j/1.3.0/opentest4j-1.3.0.jar
[INFO]   artifact: file:/Users/encryptshell/.m2/repository/org/junit/platform/junit-platform-commons/1.11.4/junit-platform-commons-1.11.4.jar
[INFO]   artifact: file:/Users/encryptshell/.m2/repository/net/jqwik/jqwik-web/1.8.3/jqwik-web-1.8.3.jar
[INFO]   artifact: file:/Users/encryptshell/.m2/repository/net/jqwik/jqwik-time/1.8.3/jqwik-time-1.8.3.jar
[INFO]   artifact: file:/Users/encryptshell/.m2/repository/net/jqwik/jqwik-engine/1.8.3/jqwik-engine-1.8.3.jar
[INFO]   artifact: file:/Users/encryptshell/.m2/repository/org/junit/platform/junit-platform-engine/1.11.4/junit-platform-engine-1.11.4.jar
[INFO]   artifact: file:/Users/encryptshell/.m2/repository/org/mockito/mockito-core/5.14.2/mockito-core-5.14.2.jar
[INFO]   artifact: file:/Users/encryptshell/.m2/repository/net/bytebuddy/byte-buddy-agent/1.15.11/byte-buddy-agent-1.15.11.jar
[INFO]   artifact: file:/Users/encryptshell/.m2/repository/org/objenesis/objenesis/3.3/objenesis-3.3.jar
[INFO]   artifact: file:/Users/encryptshell/.m2/repository/org/springframework/boot/spring-boot-starter-undertow/3.4.1/spring-boot-starter-undertow-3.4.1.jar
[INFO]   artifact: file:/Users/encryptshell/.m2/repository/io/undertow/undertow-core/2.3.18.Final/undertow-core-2.3.18.Final.jar
[INFO]   artifact: file:/Users/encryptshell/.m2/repository/org/jboss/xnio/xnio-api/3.8.16.Final/xnio-api-3.8.16.Final.jar
[INFO]   artifact: file:/Users/encryptshell/.m2/repository/org/wildfly/common/wildfly-common/1.5.4.Final/wildfly-common-1.5.4.Final.jar
[INFO]   artifact: file:/Users/encryptshell/.m2/repository/org/wildfly/client/wildfly-client-config/1.0.1.Final/wildfly-client-config-1.0.1.Final.jar
[INFO]   artifact: file:/Users/encryptshell/.m2/repository/org/jboss/xnio/xnio-nio/3.8.16.Final/xnio-nio-3.8.16.Final.jar
[INFO]   artifact: file:/Users/encryptshell/.m2/repository/org/jboss/threads/jboss-threads/3.5.0.Final/jboss-threads-3.5.0.Final.jar
[INFO]   artifact: file:/Users/encryptshell/.m2/repository/io/undertow/undertow-servlet/2.3.18.Final/undertow-servlet-2.3.18.Final.jar
[INFO]   artifact: file:/Users/encryptshell/.m2/repository/jakarta/servlet/jakarta.servlet-api/6.0.0/jakarta.servlet-api-6.0.0.jar
[INFO]   artifact: file:/Users/encryptshell/.m2/repository/io/undertow/undertow-websockets-jsr/2.3.18.Final/undertow-websockets-jsr-2.3.18.Final.jar
[INFO]   artifact: file:/Users/encryptshell/.m2/repository/jakarta/websocket/jakarta.websocket-api/2.1.1/jakarta.websocket-api-2.1.1.jar
[INFO]   artifact: file:/Users/encryptshell/.m2/repository/jakarta/websocket/jakarta.websocket-client-api/2.1.1/jakarta.websocket-client-api-2.1.1.jar
[INFO]   artifact: file:/Users/encryptshell/.m2/repository/org/apache/tomcat/embed/tomcat-embed-el/10.1.34/tomcat-embed-el-10.1.34.jar
[INFO]   artifact: file:/Users/encryptshell/.m2/repository/org/springframework/boot/spring-boot-devtools/3.4.1/spring-boot-devtools-3.4.1.jar
[INFO]   artifact: file:/Users/encryptshell/.m2/repository/org/springframework/boot/spring-boot/3.4.1/spring-boot-3.4.1.jar
[INFO]   artifact: file:/Users/encryptshell/GIT/UTMStack-11/backend/target/classes/
[INFO]   artifact: file:/Users/encryptshell/GIT/UTMStack-11/backend/target/test-classes/
[INFO] ------------------------------------------------------------------------
[WARNING] Cannot handle classloader url file:/Users/encryptshell/.m2/repository/com/itextpdf/itext7-core/7.2.0/itext7-core-7.2.0.pom: Not a directory: /Users/encryptshell/.m2/repository/com/itextpdf/itext7-core/7.2.0/itext7-core-7.2.0.pom. Operations that need to list files from this location may not work as expected
java.lang.IllegalArgumentException: Not a directory: /Users/encryptshell/.m2/repository/com/itextpdf/itext7-core/7.2.0/itext7-core-7.2.0.pom
    at liquibase.resource.DirectoryResourceAccessor.<init> (DirectoryResourceAccessor.java:37)
    at liquibase.resource.DirectoryResourceAccessor.<init> (DirectoryResourceAccessor.java:20)
    at liquibase.resource.DirectoryPathHandler.getResourceAccessor (DirectoryPathHandler.java:48)
    at liquibase.resource.PathHandlerFactory.getResourceAccessor (PathHandlerFactory.java:37)
    at liquibase.resource.ClassLoaderResourceAccessor.configureAdditionalResourceAccessors (ClassLoaderResourceAccessor.java:72)
    at liquibase.resource.ClassLoaderResourceAccessor.configureAdditionalResourceAccessors (ClassLoaderResourceAccessor.java:86)
    at liquibase.resource.ClassLoaderResourceAccessor.init (ClassLoaderResourceAccessor.java:55)
    at liquibase.resource.ClassLoaderResourceAccessor.describeLocations (ClassLoaderResourceAccessor.java:34)
    at liquibase.resource.CompositeResourceAccessor.describeLocations (CompositeResourceAccessor.java:82)
    at liquibase.resource.SearchPathResourceAccessor.<init> (SearchPathResourceAccessor.java:50)
    at org.liquibase.maven.plugins.AbstractLiquibaseChangeLogMojo.getResourceAccessor (AbstractLiquibaseChangeLogMojo.java:136)
    at org.liquibase.maven.plugins.AbstractLiquibaseMojo.lambda$execute$3 (AbstractLiquibaseMojo.java:858)
    at liquibase.Scope.lambda$child$0 (Scope.java:190)
    at liquibase.Scope.child (Scope.java:199)
    at liquibase.Scope.child (Scope.java:189)
    at liquibase.Scope.child (Scope.java:168)
    at org.liquibase.maven.plugins.AbstractLiquibaseMojo.execute (AbstractLiquibaseMojo.java:837)
    at org.apache.maven.plugin.DefaultBuildPluginManager.executeMojo (DefaultBuildPluginManager.java:126)
    at org.apache.maven.lifecycle.internal.MojoExecutor.doExecute2 (MojoExecutor.java:328)
    at org.apache.maven.lifecycle.internal.MojoExecutor.doExecute (MojoExecutor.java:316)
    at org.apache.maven.lifecycle.internal.MojoExecutor.execute (MojoExecutor.java:212)
    at org.apache.maven.lifecycle.internal.MojoExecutor.execute (MojoExecutor.java:174)
    at org.apache.maven.lifecycle.internal.MojoExecutor.access$000 (MojoExecutor.java:75)
    at org.apache.maven.lifecycle.internal.MojoExecutor$1.run (MojoExecutor.java:162)
    at org.apache.maven.plugin.DefaultMojosExecutionStrategy.execute (DefaultMojosExecutionStrategy.java:39)
    at org.apache.maven.lifecycle.internal.MojoExecutor.execute (MojoExecutor.java:159)
    at org.apache.maven.lifecycle.internal.LifecycleModuleBuilder.buildProject (LifecycleModuleBuilder.java:105)
    at org.apache.maven.lifecycle.internal.LifecycleModuleBuilder.buildProject (LifecycleModuleBuilder.java:73)
    at org.apache.maven.lifecycle.internal.builder.singlethreaded.SingleThreadedBuilder.build (SingleThreadedBuilder.java:53)
    at org.apache.maven.lifecycle.internal.LifecycleStarter.execute (LifecycleStarter.java:118)
    at org.apache.maven.DefaultMaven.doExecute (DefaultMaven.java:261)
    at org.apache.maven.DefaultMaven.doExecute (DefaultMaven.java:173)
    at org.apache.maven.DefaultMaven.execute (DefaultMaven.java:101)
    at org.apache.maven.cli.MavenCli.execute (MavenCli.java:919)
    at org.apache.maven.cli.MavenCli.doMain (MavenCli.java:285)
    at org.apache.maven.cli.MavenCli.main (MavenCli.java:207)
    at jdk.internal.reflect.DirectMethodHandleAccessor.invoke (DirectMethodHandleAccessor.java:104)
    at java.lang.reflect.Method.invoke (Method.java:565)
    at org.codehaus.plexus.classworlds.launcher.Launcher.launchEnhanced (Launcher.java:255)
    at org.codehaus.plexus.classworlds.launcher.Launcher.launch (Launcher.java:201)
    at org.codehaus.plexus.classworlds.launcher.Launcher.mainWithExitCode (Launcher.java:362)
    at org.codehaus.plexus.classworlds.launcher.Launcher.main (Launcher.java:314)
[INFO] Loading artifacts into URLClassLoader
[INFO]   artifact: file:/Users/encryptshell/.m2/repository/tech/jhipster/jhipster-framework/8.8.0/jhipster-framework-8.8.0.jar
[INFO]   artifact: file:/Users/encryptshell/.m2/repository/com/fasterxml/jackson/module/jackson-module-jaxb-annotations/2.18.2/jackson-module-jaxb-annotations-2.18.2.jar
[INFO]   artifact: file:/Users/encryptshell/.m2/repository/com/fasterxml/jackson/core/jackson-annotations/2.18.2/jackson-annotations-2.18.2.jar
[INFO]   artifact: file:/Users/encryptshell/.m2/repository/com/fasterxml/jackson/core/jackson-core/2.18.2/jackson-core-2.18.2.jar
[INFO]   artifact: file:/Users/encryptshell/.m2/repository/com/fasterxml/jackson/core/jackson-databind/2.18.2/jackson-databind-2.18.2.jar
[INFO]   artifact: file:/Users/encryptshell/.m2/repository/javax/xml/bind/jaxb-api/2.2.12/jaxb-api-2.2.12.jar
[INFO]   artifact: file:/Users/encryptshell/.m2/repository/jakarta/activation/jakarta.activation-api/2.1.3/jakarta.activation-api-2.1.3.jar
[INFO]   artifact: file:/Users/encryptshell/.m2/repository/com/fasterxml/jackson/datatype/jackson-datatype-hibernate6/2.18.2/jackson-datatype-hibernate6-2.18.2.jar
[INFO]   artifact: file:/Users/encryptshell/.m2/repository/jakarta/transaction/jakarta.transaction-api/2.0.1/jakarta.transaction-api-2.0.1.jar
[INFO]   artifact: file:/Users/encryptshell/.m2/repository/com/fasterxml/jackson/datatype/jackson-datatype-hppc/2.18.2/jackson-datatype-hppc-2.18.2.jar
[INFO]   artifact: file:/Users/encryptshell/.m2/repository/com/carrotsearch/hppc/0.9.1/hppc-0.9.1.jar
[INFO]   artifact: file:/Users/encryptshell/.m2/repository/com/fasterxml/jackson/datatype/jackson-datatype-jsr310/2.18.2/jackson-datatype-jsr310-2.18.2.jar
[INFO]   artifact: file:/Users/encryptshell/.m2/repository/com/zaxxer/HikariCP/5.1.0/HikariCP-5.1.0.jar
[INFO]   artifact: file:/Users/encryptshell/.m2/repository/org/slf4j/slf4j-api/2.0.16/slf4j-api-2.0.16.jar
[INFO]   artifact: file:/Users/encryptshell/.m2/repository/org/apache/commons/commons-lang3/3.17.0/commons-lang3-3.17.0.jar
[INFO]   artifact: file:/Users/encryptshell/.m2/repository/org/hibernate/orm/hibernate-jpamodelgen/6.6.4.Final/hibernate-jpamodelgen-6.6.4.Final.jar
[INFO]   artifact: file:/Users/encryptshell/.m2/repository/org/hibernate/common/hibernate-commons-annotations/7.0.3.Final/hibernate-commons-annotations-7.0.3.Final.jar
[INFO]   artifact: file:/Users/encryptshell/.m2/repository/io/smallrye/jandex/3.2.0/jandex-3.2.0.jar
[INFO]   artifact: file:/Users/encryptshell/.m2/repository/jakarta/xml/bind/jakarta.xml.bind-api/4.0.2/jakarta.xml.bind-api-4.0.2.jar
[INFO]   artifact: file:/Users/encryptshell/.m2/repository/org/glassfish/jaxb/jaxb-runtime/4.0.5/jaxb-runtime-4.0.5.jar
[INFO]   artifact: file:/Users/encryptshell/.m2/repository/org/glassfish/jaxb/jaxb-core/4.0.5/jaxb-core-4.0.5.jar
[INFO]   artifact: file:/Users/encryptshell/.m2/repository/org/glassfish/jaxb/txw2/4.0.5/txw2-4.0.5.jar
[INFO]   artifact: file:/Users/encryptshell/.m2/repository/com/sun/istack/istack-commons-runtime/4.1.2/istack-commons-runtime-4.1.2.jar
[INFO]   artifact: file:/Users/encryptshell/.m2/repository/jakarta/validation/jakarta.validation-api/3.0.2/jakarta.validation-api-3.0.2.jar
[INFO]   artifact: file:/Users/encryptshell/.m2/repository/jakarta/annotation/jakarta.annotation-api/2.1.1/jakarta.annotation-api-2.1.1.jar
[INFO]   artifact: file:/Users/encryptshell/.m2/repository/org/antlr/antlr4-runtime/4.13.0/antlr4-runtime-4.13.0.jar
[INFO]   artifact: file:/Users/encryptshell/.m2/repository/net/bytebuddy/byte-buddy/1.15.11/byte-buddy-1.15.11.jar
[INFO]   artifact: file:/Users/encryptshell/.m2/repository/org/jboss/logging/jboss-logging/3.6.1.Final/jboss-logging-3.6.1.Final.jar
[INFO]   artifact: file:/Users/encryptshell/.m2/repository/org/hibernate/orm/hibernate-core/6.6.4.Final/hibernate-core-6.6.4.Final.jar
[INFO]   artifact: file:/Users/encryptshell/.m2/repository/jakarta/persistence/jakarta.persistence-api/3.1.0/jakarta.persistence-api-3.1.0.jar
[INFO]   artifact: file:/Users/encryptshell/.m2/repository/com/fasterxml/classmate/1.7.0/classmate-1.7.0.jar
[INFO]   artifact: file:/Users/encryptshell/.m2/repository/jakarta/inject/jakarta.inject-api/2.0.1/jakarta.inject-api-2.0.1.jar
[INFO]   artifact: file:/Users/encryptshell/.m2/repository/org/hibernate/validator/hibernate-validator/8.0.2.Final/hibernate-validator-8.0.2.Final.jar
[INFO]   artifact: file:/Users/encryptshell/.m2/repository/org/liquibase/liquibase-core/4.27.0/liquibase-core-4.27.0.jar
[INFO]   artifact: file:/Users/encryptshell/.m2/repository/com/opencsv/opencsv/5.9/opencsv-5.9.jar
[INFO]   artifact: file:/Users/encryptshell/.m2/repository/org/apache/commons/commons-text/1.11.0/commons-text-1.11.0.jar
[INFO]   artifact: file:/Users/encryptshell/.m2/repository/org/apache/commons/commons-collections4/4.4/commons-collections4-4.4.jar
[INFO]   artifact: file:/Users/encryptshell/.m2/repository/org/yaml/snakeyaml/2.3/snakeyaml-2.3.jar
[INFO]   artifact: file:/Users/encryptshell/.m2/repository/org/postgresql/postgresql/42.7.4/postgresql-42.7.4.jar
[INFO]   artifact: file:/Users/encryptshell/.m2/repository/org/checkerframework/checker-qual/3.42.0/checker-qual-3.42.0.jar
[INFO]   artifact: file:/Users/encryptshell/.m2/repository/org/mapstruct/mapstruct/1.4.2.Final/mapstruct-1.4.2.Final.jar
[INFO]   artifact: file:/Users/encryptshell/.m2/repository/org/mapstruct/mapstruct-processor/1.4.2.Final/mapstruct-processor-1.4.2.Final.jar
[INFO]   artifact: file:/Users/encryptshell/.m2/repository/org/projectlombok/lombok/1.18.34/lombok-1.18.34.jar
[INFO]   artifact: file:/Users/encryptshell/.m2/repository/org/springframework/boot/spring-boot-configuration-processor/3.4.1/spring-boot-configuration-processor-3.4.1.jar
[INFO]   artifact: file:/Users/encryptshell/.m2/repository/org/springframework/boot/spring-boot-loader-tools/3.4.1/spring-boot-loader-tools-3.4.1.jar
[INFO]   artifact: file:/Users/encryptshell/.m2/repository/org/apache/commons/commons-compress/1.25.0/commons-compress-1.25.0.jar
[INFO]   artifact: file:/Users/encryptshell/.m2/repository/org/springframework/spring-core/6.2.1/spring-core-6.2.1.jar
[INFO]   artifact: file:/Users/encryptshell/.m2/repository/org/springframework/spring-jcl/6.2.1/spring-jcl-6.2.1.jar
[INFO]   artifact: file:/Users/encryptshell/.m2/repository/org/springframework/boot/spring-boot-starter-actuator/3.4.1/spring-boot-starter-actuator-3.4.1.jar
[INFO]   artifact: file:/Users/encryptshell/.m2/repository/org/springframework/boot/spring-boot-starter/3.4.1/spring-boot-starter-3.4.1.jar
[INFO]   artifact: file:/Users/encryptshell/.m2/repository/org/springframework/boot/spring-boot-actuator-autoconfigure/3.4.1/spring-boot-actuator-autoconfigure-3.4.1.jar
[INFO]   artifact: file:/Users/encryptshell/.m2/repository/org/springframework/boot/spring-boot-actuator/3.4.1/spring-boot-actuator-3.4.1.jar
[INFO]   artifact: file:/Users/encryptshell/.m2/repository/io/micrometer/micrometer-observation/1.14.2/micrometer-observation-1.14.2.jar
[INFO]   artifact: file:/Users/encryptshell/.m2/repository/io/micrometer/micrometer-commons/1.14.2/micrometer-commons-1.14.2.jar
[INFO]   artifact: file:/Users/encryptshell/.m2/repository/io/micrometer/micrometer-jakarta9/1.14.2/micrometer-jakarta9-1.14.2.jar
[INFO]   artifact: file:/Users/encryptshell/.m2/repository/io/micrometer/micrometer-core/1.14.2/micrometer-core-1.14.2.jar
[INFO]   artifact: file:/Users/encryptshell/.m2/repository/org/hdrhistogram/HdrHistogram/2.2.2/HdrHistogram-2.2.2.jar
[INFO]   artifact: file:/Users/encryptshell/.m2/repository/org/latencyutils/LatencyUtils/2.0.3/LatencyUtils-2.0.3.jar
[INFO]   artifact: file:/Users/encryptshell/.m2/repository/org/springframework/boot/spring-boot-starter-data-jpa/3.4.1/spring-boot-starter-data-jpa-3.4.1.jar
[INFO]   artifact: file:/Users/encryptshell/.m2/repository/org/springframework/boot/spring-boot-starter-jdbc/3.4.1/spring-boot-starter-jdbc-3.4.1.jar
[INFO]   artifact: file:/Users/encryptshell/.m2/repository/org/springframework/spring-jdbc/6.2.1/spring-jdbc-6.2.1.jar
[INFO]   artifact: file:/Users/encryptshell/.m2/repository/org/springframework/data/spring-data-jpa/3.4.1/spring-data-jpa-3.4.1.jar
[INFO]   artifact: file:/Users/encryptshell/.m2/repository/org/springframework/spring-orm/6.2.1/spring-orm-6.2.1.jar
[INFO]   artifact: file:/Users/encryptshell/.m2/repository/org/springframework/spring-tx/6.2.1/spring-tx-6.2.1.jar
[INFO]   artifact: file:/Users/encryptshell/.m2/repository/org/springframework/spring-aspects/6.2.1/spring-aspects-6.2.1.jar
[INFO]   artifact: file:/Users/encryptshell/.m2/repository/org/aspectj/aspectjweaver/1.9.22.1/aspectjweaver-1.9.22.1.jar
[INFO]   artifact: file:/Users/encryptshell/.m2/repository/org/springframework/boot/spring-boot-starter-logging/3.4.1/spring-boot-starter-logging-3.4.1.jar
[INFO]   artifact: file:/Users/encryptshell/.m2/repository/ch/qos/logback/logback-classic/1.5.12/logback-classic-1.5.12.jar
[INFO]   artifact: file:/Users/encryptshell/.m2/repository/ch/qos/logback/logback-core/1.5.12/logback-core-1.5.12.jar
[INFO]   artifact: file:/Users/encryptshell/.m2/repository/org/apache/logging/log4j/log4j-to-slf4j/2.24.3/log4j-to-slf4j-2.24.3.jar
[INFO]   artifact: file:/Users/encryptshell/.m2/repository/org/slf4j/jul-to-slf4j/2.0.16/jul-to-slf4j-2.0.16.jar
[INFO]   artifact: file:/Users/encryptshell/.m2/repository/org/springframework/boot/spring-boot-starter-mail/3.4.1/spring-boot-starter-mail-3.4.1.jar
[INFO]   artifact: file:/Users/encryptshell/.m2/repository/org/springframework/spring-context-support/6.2.1/spring-context-support-6.2.1.jar
[INFO]   artifact: file:/Users/encryptshell/.m2/repository/org/eclipse/angus/jakarta.mail/2.0.3/jakarta.mail-2.0.3.jar
[INFO]   artifact: file:/Users/encryptshell/.m2/repository/org/eclipse/angus/angus-activation/2.0.2/angus-activation-2.0.2.jar
[INFO]   artifact: file:/Users/encryptshell/.m2/repository/org/springframework/security/spring-security-saml2-service-provider/6.4.2/spring-security-saml2-service-provider-6.4.2.jar
[INFO]   artifact: file:/Users/encryptshell/.m2/repository/org/springframework/security/spring-security-web/6.4.2/spring-security-web-6.4.2.jar
[INFO]   artifact: file:/Users/encryptshell/.m2/repository/org/opensaml/opensaml-saml-api/4.3.2/opensaml-saml-api-4.3.2.jar
[INFO]   artifact: file:/Users/encryptshell/.m2/repository/org/opensaml/opensaml-core/4.3.2/opensaml-core-4.3.2.jar
[INFO]   artifact: file:/Users/encryptshell/.m2/repository/org/opensaml/opensaml-messaging-api/4.3.2/opensaml-messaging-api-4.3.2.jar
[INFO]   artifact: file:/Users/encryptshell/.m2/repository/org/opensaml/opensaml-profile-api/4.3.2/opensaml-profile-api-4.3.2.jar
[INFO]   artifact: file:/Users/encryptshell/.m2/repository/org/opensaml/opensaml-security-api/4.3.2/opensaml-security-api-4.3.2.jar
[INFO]   artifact: file:/Users/encryptshell/.m2/repository/org/cryptacular/cryptacular/1.2.5/cryptacular-1.2.5.jar
[INFO]   artifact: file:/Users/encryptshell/.m2/repository/org/bouncycastle/bcprov-jdk18on/1.72/bcprov-jdk18on-1.72.jar
[INFO]   artifact: file:/Users/encryptshell/.m2/repository/org/bouncycastle/bcpkix-jdk18on/1.72/bcpkix-jdk18on-1.72.jar
[INFO]   artifact: file:/Users/encryptshell/.m2/repository/org/bouncycastle/bcutil-jdk18on/1.72/bcutil-jdk18on-1.72.jar
[INFO]   artifact: file:/Users/encryptshell/.m2/repository/org/opensaml/opensaml-soap-api/4.3.2/opensaml-soap-api-4.3.2.jar
[INFO]   artifact: file:/Users/encryptshell/.m2/repository/org/opensaml/opensaml-xmlsec-api/4.3.2/opensaml-xmlsec-api-4.3.2.jar
[INFO]   artifact: file:/Users/encryptshell/.m2/repository/org/apache/santuario/xmlsec/2.3.4/xmlsec-2.3.4.jar
[INFO]   artifact: file:/Users/encryptshell/.m2/repository/net/shibboleth/utilities/java-support/8.4.2/java-support-8.4.2.jar
[INFO]   artifact: file:/Users/encryptshell/.m2/repository/org/opensaml/opensaml-saml-impl/4.3.2/opensaml-saml-impl-4.3.2.jar
[INFO]   artifact: file:/Users/encryptshell/.m2/repository/org/opensaml/opensaml-security-impl/4.3.2/opensaml-security-impl-4.3.2.jar
[INFO]   artifact: file:/Users/encryptshell/.m2/repository/org/opensaml/opensaml-soap-impl/4.3.2/opensaml-soap-impl-4.3.2.jar
[INFO]   artifact: file:/Users/encryptshell/.m2/repository/org/opensaml/opensaml-storage-api/4.3.2/opensaml-storage-api-4.3.2.jar
[INFO]   artifact: file:/Users/encryptshell/.m2/repository/org/opensaml/opensaml-xmlsec-impl/4.3.2/opensaml-xmlsec-impl-4.3.2.jar
[INFO]   artifact: file:/Users/encryptshell/.m2/repository/io/dropwizard/metrics/metrics-core/4.2.25/metrics-core-4.2.25.jar
[INFO]   artifact: file:/Users/encryptshell/.m2/repository/org/apache/velocity/velocity-engine-core/2.3/velocity-engine-core-2.3.jar
[INFO]   artifact: file:/Users/encryptshell/.m2/repository/org/apache/httpcomponents/httpclient/4.5.3/httpclient-4.5.3.jar
[INFO]   artifact: file:/Users/encryptshell/.m2/repository/org/apache/httpcomponents/httpcore/4.4.16/httpcore-4.4.16.jar
[INFO]   artifact: file:/Users/encryptshell/.m2/repository/org/springframework/boot/spring-boot-starter-security/3.4.1/spring-boot-starter-security-3.4.1.jar
[INFO]   artifact: file:/Users/encryptshell/.m2/repository/org/springframework/spring-aop/6.2.1/spring-aop-6.2.1.jar
[INFO]   artifact: file:/Users/encryptshell/.m2/repository/org/springframework/security/spring-security-config/6.4.2/spring-security-config-6.4.2.jar
[INFO]   artifact: file:/Users/encryptshell/.m2/repository/org/springframework/security/spring-security-messaging/6.4.2/spring-security-messaging-6.4.2.jar
[INFO]   artifact: file:/Users/encryptshell/.m2/repository/org/springframework/security/spring-security-core/6.4.2/spring-security-core-6.4.2.jar
[INFO]   artifact: file:/Users/encryptshell/.m2/repository/org/springframework/security/spring-security-crypto/6.4.2/spring-security-crypto-6.4.2.jar
[INFO]   artifact: file:/Users/encryptshell/.m2/repository/org/springframework/spring-beans/6.2.1/spring-beans-6.2.1.jar
[INFO]   artifact: file:/Users/encryptshell/.m2/repository/org/springframework/spring-context/6.2.1/spring-context-6.2.1.jar
[INFO]   artifact: file:/Users/encryptshell/.m2/repository/org/springframework/spring-expression/6.2.1/spring-expression-6.2.1.jar
[INFO]   artifact: file:/Users/encryptshell/.m2/repository/org/springframework/spring-messaging/6.2.1/spring-messaging-6.2.1.jar
[INFO]   artifact: file:/Users/encryptshell/.m2/repository/org/springframework/boot/spring-boot-starter-thymeleaf/3.4.1/spring-boot-starter-thymeleaf-3.4.1.jar
[INFO]   artifact: file:/Users/encryptshell/.m2/repository/org/thymeleaf/thymeleaf-spring6/3.1.3.RELEASE/thymeleaf-spring6-3.1.3.RELEASE.jar
[INFO]   artifact: file:/Users/encryptshell/.m2/repository/org/thymeleaf/thymeleaf/3.1.3.RELEASE/thymeleaf-3.1.3.RELEASE.jar
[INFO]   artifact: file:/Users/encryptshell/.m2/repository/org/attoparser/attoparser/2.0.7.RELEASE/attoparser-2.0.7.RELEASE.jar
[INFO]   artifact: file:/Users/encryptshell/.m2/repository/org/unbescape/unbescape/1.1.6.RELEASE/unbescape-1.1.6.RELEASE.jar
[INFO]   artifact: file:/Users/encryptshell/.m2/repository/org/springframework/boot/spring-boot-starter-web/3.4.1/spring-boot-starter-web-3.4.1.jar
[INFO]   artifact: file:/Users/encryptshell/.m2/repository/org/springframework/boot/spring-boot-starter-json/3.4.1/spring-boot-starter-json-3.4.1.jar
[INFO]   artifact: file:/Users/encryptshell/.m2/repository/com/fasterxml/jackson/datatype/jackson-datatype-jdk8/2.18.2/jackson-datatype-jdk8-2.18.2.jar
[INFO]   artifact: file:/Users/encryptshell/.m2/repository/com/fasterxml/jackson/module/jackson-module-parameter-names/2.18.2/jackson-module-parameter-names-2.18.2.jar
[INFO]   artifact: file:/Users/encryptshell/.m2/repository/org/springframework/boot/spring-boot-starter-tomcat/3.4.1/spring-boot-starter-tomcat-3.4.1.jar
[INFO]   artifact: file:/Users/encryptshell/.m2/repository/org/apache/tomcat/embed/tomcat-embed-core/10.1.34/tomcat-embed-core-10.1.34.jar
[INFO]   artifact: file:/Users/encryptshell/.m2/repository/org/apache/tomcat/embed/tomcat-embed-websocket/10.1.34/tomcat-embed-websocket-10.1.34.jar
[INFO]   artifact: file:/Users/encryptshell/.m2/repository/org/springframework/spring-web/6.2.1/spring-web-6.2.1.jar
[INFO]   artifact: file:/Users/encryptshell/.m2/repository/org/springframework/spring-webmvc/6.2.1/spring-webmvc-6.2.1.jar
[INFO]   artifact: file:/Users/encryptshell/.m2/repository/org/springframework/boot/spring-boot-starter-webflux/3.4.1/spring-boot-starter-webflux-3.4.1.jar
[INFO]   artifact: file:/Users/encryptshell/.m2/repository/org/springframework/boot/spring-boot-starter-reactor-netty/3.4.1/spring-boot-starter-reactor-netty-3.4.1.jar
[INFO]   artifact: file:/Users/encryptshell/.m2/repository/io/projectreactor/netty/reactor-netty-http/1.2.1/reactor-netty-http-1.2.1.jar
[INFO]   artifact: file:/Users/encryptshell/.m2/repository/io/netty/netty-resolver-dns/4.1.116.Final/netty-resolver-dns-4.1.116.Final.jar
[INFO]   artifact: file:/Users/encryptshell/.m2/repository/io/netty/netty-codec-dns/4.1.116.Final/netty-codec-dns-4.1.116.Final.jar
[INFO]   artifact: file:/Users/encryptshell/.m2/repository/io/netty/netty-resolver-dns-native-macos/4.1.116.Final/netty-resolver-dns-native-macos-4.1.116.Final-osx-x86_64.jar
[INFO]   artifact: file:/Users/encryptshell/.m2/repository/io/netty/netty-resolver-dns-classes-macos/4.1.116.Final/netty-resolver-dns-classes-macos-4.1.116.Final.jar
[INFO]   artifact: file:/Users/encryptshell/.m2/repository/io/netty/netty-transport-native-epoll/4.1.116.Final/netty-transport-native-epoll-4.1.116.Final-linux-x86_64.jar
[INFO]   artifact: file:/Users/encryptshell/.m2/repository/io/netty/netty-transport-classes-epoll/4.1.116.Final/netty-transport-classes-epoll-4.1.116.Final.jar
[INFO]   artifact: file:/Users/encryptshell/.m2/repository/io/projectreactor/netty/reactor-netty-core/1.2.1/reactor-netty-core-1.2.1.jar
[INFO]   artifact: file:/Users/encryptshell/.m2/repository/org/springframework/spring-webflux/6.2.1/spring-webflux-6.2.1.jar
[INFO]   artifact: file:/Users/encryptshell/.m2/repository/io/projectreactor/reactor-core/3.7.1/reactor-core-3.7.1.jar
[INFO]   artifact: file:/Users/encryptshell/.m2/repository/org/reactivestreams/reactive-streams/1.0.4/reactive-streams-1.0.4.jar
[INFO]   artifact: file:/Users/encryptshell/.m2/repository/org/zalando/problem-spring-web-starter/0.29.1/problem-spring-web-starter-0.29.1.jar
[INFO]   artifact: file:/Users/encryptshell/.m2/repository/org/zalando/problem-spring-web-autoconfigure/0.29.1/problem-spring-web-autoconfigure-0.29.1.jar
[INFO]   artifact: file:/Users/encryptshell/.m2/repository/org/zalando/jackson-datatype-problem/0.27.1/jackson-datatype-problem-0.27.1.jar
[INFO]   artifact: file:/Users/encryptshell/.m2/repository/org/zalando/problem/0.27.1/problem-0.27.1.jar
[INFO]   artifact: file:/Users/encryptshell/.m2/repository/org/zalando/problem-spring-web/0.29.1/problem-spring-web-0.29.1.jar
[INFO]   artifact: file:/Users/encryptshell/.m2/repository/org/zalando/problem-violations/0.29.1/problem-violations-0.29.1.jar
[INFO]   artifact: file:/Users/encryptshell/.m2/repository/org/zalando/problem-spring-common/0.29.1/problem-spring-common-0.29.1.jar
[INFO]   artifact: file:/Users/encryptshell/.m2/repository/org/zalando/faux-pas/0.9.0/faux-pas-0.9.0.jar
[INFO]   artifact: file:/Users/encryptshell/.m2/repository/io/jsonwebtoken/jjwt-api/0.11.5/jjwt-api-0.11.5.jar
[INFO]   artifact: file:/Users/encryptshell/.m2/repository/io/jsonwebtoken/jjwt-impl/0.11.5/jjwt-impl-0.11.5.jar
[INFO]   artifact: file:/Users/encryptshell/.m2/repository/io/jsonwebtoken/jjwt-jackson/0.11.5/jjwt-jackson-0.11.5.jar
[INFO]   artifact: file:/Users/encryptshell/.m2/repository/org/springframework/security/spring-security-data/6.4.2/spring-security-data-6.4.2.jar
[INFO]   artifact: file:/Users/encryptshell/.m2/repository/org/springframework/data/spring-data-commons/3.4.1/spring-data-commons-3.4.1.jar
[INFO]   artifact: file:/Users/encryptshell/.m2/repository/net/sf/jtidy/jtidy/r938/jtidy-r938.jar
[INFO]   artifact: file:/Users/encryptshell/.m2/repository/dev/samstevens/totp/totp-spring-boot-starter/1.7.1/totp-spring-boot-starter-1.7.1.jar
[INFO]   artifact: file:/Users/encryptshell/.m2/repository/dev/samstevens/totp/totp/1.7.1/totp-1.7.1.jar
[INFO]   artifact: file:/Users/encryptshell/.m2/repository/org/springframework/boot/spring-boot-autoconfigure/3.4.1/spring-boot-autoconfigure-3.4.1.jar
[INFO]   artifact: file:/Users/encryptshell/.m2/repository/org/springframework/vault/spring-vault-core/3.1.2/spring-vault-core-3.1.2.jar
[INFO]   artifact: file:/Users/encryptshell/.m2/repository/org/apache/commons/commons-csv/1.8/commons-csv-1.8.jar
[INFO]   artifact: file:/Users/encryptshell/.m2/repository/com/itextpdf/itext7-core/7.2.0/itext7-core-7.2.0.pom
[INFO]   artifact: file:/Users/encryptshell/.m2/repository/com/itextpdf/barcodes/7.2.0/barcodes-7.2.0.jar
[INFO]   artifact: file:/Users/encryptshell/.m2/repository/com/itextpdf/font-asian/7.2.0/font-asian-7.2.0.jar
[INFO]   artifact: file:/Users/encryptshell/.m2/repository/com/itextpdf/forms/7.2.0/forms-7.2.0.jar
[INFO]   artifact: file:/Users/encryptshell/.m2/repository/com/itextpdf/hyph/7.2.0/hyph-7.2.0.jar
[INFO]   artifact: file:/Users/encryptshell/.m2/repository/com/itextpdf/io/7.2.0/io-7.2.0.jar
[INFO]   artifact: file:/Users/encryptshell/.m2/repository/com/itextpdf/commons/7.2.0/commons-7.2.0.jar
[INFO]   artifact: file:/Users/encryptshell/.m2/repository/com/itextpdf/kernel/7.2.0/kernel-7.2.0.jar
[INFO]   artifact: file:/Users/encryptshell/.m2/repository/org/bouncycastle/bcpkix-jdk15on/1.68/bcpkix-jdk15on-1.68.jar
[INFO]   artifact: file:/Users/encryptshell/.m2/repository/org/bouncycastle/bcprov-jdk15on/1.68/bcprov-jdk15on-1.68.jar
[INFO]   artifact: file:/Users/encryptshell/.m2/repository/com/itextpdf/layout/7.2.0/layout-7.2.0.jar
[INFO]   artifact: file:/Users/encryptshell/.m2/repository/com/itextpdf/pdfa/7.2.0/pdfa-7.2.0.jar
[INFO]   artifact: file:/Users/encryptshell/.m2/repository/com/itextpdf/sign/7.2.0/sign-7.2.0.jar
[INFO]   artifact: file:/Users/encryptshell/.m2/repository/com/itextpdf/styled-xml-parser/7.2.0/styled-xml-parser-7.2.0.jar
[INFO]   artifact: file:/Users/encryptshell/.m2/repository/com/itextpdf/svg/7.2.0/svg-7.2.0.jar
[INFO]   artifact: file:/Users/encryptshell/.m2/repository/org/xhtmlrenderer/flying-saucer-pdf/9.1.22/flying-saucer-pdf-9.1.22.jar
[INFO]   artifact: file:/Users/encryptshell/.m2/repository/com/lowagie/itext/2.1.7/itext-2.1.7.jar
[INFO]   artifact: file:/Users/encryptshell/.m2/repository/org/bouncycastle/bcmail-jdk14/1.64/bcmail-jdk14-1.64.jar
[INFO]   artifact: file:/Users/encryptshell/.m2/repository/org/bouncycastle/bcpkix-jdk14/1.64/bcpkix-jdk14-1.64.jar
[INFO]   artifact: file:/Users/encryptshell/.m2/repository/org/bouncycastle/bctsp-jdk14/1.46/bctsp-jdk14-1.46.jar
[INFO]   artifact: file:/Users/encryptshell/.m2/repository/org/bouncycastle/bcprov-jdk14/1.64/bcprov-jdk14-1.64.jar
[INFO]   artifact: file:/Users/encryptshell/.m2/repository/org/xhtmlrenderer/flying-saucer-core/9.1.22/flying-saucer-core-9.1.22.jar
[INFO]   artifact: file:/Users/encryptshell/.m2/repository/org/springdoc/springdoc-openapi-starter-webmvc-ui/2.6.0/springdoc-openapi-starter-webmvc-ui-2.6.0.jar
[INFO]   artifact: file:/Users/encryptshell/.m2/repository/org/springdoc/springdoc-openapi-starter-webmvc-api/2.7.0/springdoc-openapi-starter-webmvc-api-2.7.0.jar
[INFO]   artifact: file:/Users/encryptshell/.m2/repository/org/springdoc/springdoc-openapi-starter-common/2.7.0/springdoc-openapi-starter-common-2.7.0.jar
[INFO]   artifact: file:/Users/encryptshell/.m2/repository/io/swagger/core/v3/swagger-core-jakarta/2.2.25/swagger-core-jakarta-2.2.25.jar
[INFO]   artifact: file:/Users/encryptshell/.m2/repository/io/swagger/core/v3/swagger-annotations-jakarta/2.2.25/swagger-annotations-jakarta-2.2.25.jar
[INFO]   artifact: file:/Users/encryptshell/.m2/repository/io/swagger/core/v3/swagger-models-jakarta/2.2.25/swagger-models-jakarta-2.2.25.jar
[INFO]   artifact: file:/Users/encryptshell/.m2/repository/com/fasterxml/jackson/dataformat/jackson-dataformat-yaml/2.18.2/jackson-dataformat-yaml-2.18.2.jar
[INFO]   artifact: file:/Users/encryptshell/.m2/repository/org/webjars/swagger-ui/5.18.2/swagger-ui-5.18.2.jar
[INFO]   artifact: file:/Users/encryptshell/.m2/repository/org/opensearch/client/opensearch-java/2.10.4/opensearch-java-2.10.4.jar
[INFO]   artifact: file:/Users/encryptshell/.m2/repository/commons-logging/commons-logging/1.3.2/commons-logging-1.3.2.jar
[INFO]   artifact: file:/Users/encryptshell/.m2/repository/com/google/code/findbugs/jsr305/3.0.2/jsr305-3.0.2.jar
[INFO]   artifact: file:/Users/encryptshell/.m2/repository/org/opensearch/client/opensearch-rest-client/2.12.0/opensearch-rest-client-2.12.0.jar
[INFO]   artifact: file:/Users/encryptshell/.m2/repository/org/apache/httpcomponents/httpasyncclient/4.1.5/httpasyncclient-4.1.5.jar
[INFO]   artifact: file:/Users/encryptshell/.m2/repository/org/apache/httpcomponents/httpcore-nio/4.4.16/httpcore-nio-4.4.16.jar
[INFO]   artifact: file:/Users/encryptshell/.m2/repository/jakarta/json/bind/jakarta.json.bind-api/3.0.1/jakarta.json.bind-api-3.0.1.jar
[INFO]   artifact: file:/Users/encryptshell/.m2/repository/org/apache/httpcomponents/core5/httpcore5/5.3.1/httpcore5-5.3.1.jar
[INFO]   artifact: file:/Users/encryptshell/.m2/repository/org/apache/httpcomponents/core5/httpcore5-h2/5.3.1/httpcore5-h2-5.3.1.jar
[INFO]   artifact: file:/Users/encryptshell/.m2/repository/org/eclipse/yasson/3.0.4/yasson-3.0.4.jar
[INFO]   artifact: file:/Users/encryptshell/.m2/repository/org/apache/httpcomponents/client5/httpclient5/5.4.1/httpclient5-5.4.1.jar
[INFO]   artifact: file:/Users/encryptshell/.m2/repository/jakarta/json/jakarta.json-api/2.1.1/jakarta.json-api-2.1.1.jar
[INFO]   artifact: file:/Users/encryptshell/.m2/repository/org/eclipse/parsson/parsson/1.1.6/parsson-1.1.6.jar
[INFO]   artifact: file:/Users/encryptshell/.m2/repository/com/squareup/okhttp3/okhttp/4.11.0/okhttp-4.11.0.jar
[INFO]   artifact: file:/Users/encryptshell/.m2/repository/com/squareup/okio/okio/3.2.0/okio-3.2.0.jar
[INFO]   artifact: file:/Users/encryptshell/.m2/repository/com/squareup/okio/okio-jvm/3.2.0/okio-jvm-3.2.0.jar
[INFO]   artifact: file:/Users/encryptshell/.m2/repository/org/jetbrains/kotlin/kotlin-stdlib-common/1.9.25/kotlin-stdlib-common-1.9.25.jar
[INFO]   artifact: file:/Users/encryptshell/.m2/repository/org/jetbrains/kotlin/kotlin-stdlib/1.9.25/kotlin-stdlib-1.9.25.jar
[INFO]   artifact: file:/Users/encryptshell/.m2/repository/org/jetbrains/annotations/13.0/annotations-13.0.jar
[INFO]   artifact: file:/Users/encryptshell/.m2/repository/org/jetbrains/kotlin/kotlin-stdlib-jdk8/1.9.25/kotlin-stdlib-jdk8-1.9.25.jar
[INFO]   artifact: file:/Users/encryptshell/.m2/repository/org/jetbrains/kotlin/kotlin-stdlib-jdk7/1.9.25/kotlin-stdlib-jdk7-1.9.25.jar
[INFO]   artifact: file:/Users/encryptshell/.m2/repository/io/grpc/grpc-okhttp/1.65.1/grpc-okhttp-1.65.1.jar
[INFO]   artifact: file:/Users/encryptshell/.m2/repository/io/grpc/grpc-api/1.65.1/grpc-api-1.65.1.jar
[INFO]   artifact: file:/Users/encryptshell/.m2/repository/io/grpc/grpc-util/1.65.1/grpc-util-1.65.1.jar
[INFO]   artifact: file:/Users/encryptshell/.m2/repository/com/google/guava/guava/33.3.1-jre/guava-33.3.1-jre.jar
[INFO]   artifact: file:/Users/encryptshell/.m2/repository/com/google/guava/failureaccess/1.0.2/failureaccess-1.0.2.jar
[INFO]   artifact: file:/Users/encryptshell/.m2/repository/com/google/guava/listenablefuture/9999.0-empty-to-avoid-conflict-with-guava/listenablefuture-9999.0-empty-to-avoid-conflict-with-guava.jar
[INFO]   artifact: file:/Users/encryptshell/.m2/repository/com/google/j2objc/j2objc-annotations/3.0.0/j2objc-annotations-3.0.0.jar
[INFO]   artifact: file:/Users/encryptshell/.m2/repository/io/perfmark/perfmark-api/0.26.0/perfmark-api-0.26.0.jar
[INFO]   artifact: file:/Users/encryptshell/.m2/repository/io/grpc/grpc-netty/1.65.1/grpc-netty-1.65.1.jar
[INFO]   artifact: file:/Users/encryptshell/.m2/repository/io/netty/netty-codec-http2/4.1.116.Final/netty-codec-http2-4.1.116.Final.jar
[INFO]   artifact: file:/Users/encryptshell/.m2/repository/io/netty/netty-common/4.1.116.Final/netty-common-4.1.116.Final.jar
[INFO]   artifact: file:/Users/encryptshell/.m2/repository/io/netty/netty-buffer/4.1.116.Final/netty-buffer-4.1.116.Final.jar
[INFO]   artifact: file:/Users/encryptshell/.m2/repository/io/netty/netty-transport/4.1.116.Final/netty-transport-4.1.116.Final.jar
[INFO]   artifact: file:/Users/encryptshell/.m2/repository/io/netty/netty-resolver/4.1.116.Final/netty-resolver-4.1.116.Final.jar
[INFO]   artifact: file:/Users/encryptshell/.m2/repository/io/netty/netty-codec/4.1.116.Final/netty-codec-4.1.116.Final.jar
[INFO]   artifact: file:/Users/encryptshell/.m2/repository/io/netty/netty-handler/4.1.116.Final/netty-handler-4.1.116.Final.jar
[INFO]   artifact: file:/Users/encryptshell/.m2/repository/io/netty/netty-codec-http/4.1.116.Final/netty-codec-http-4.1.116.Final.jar
[INFO]   artifact: file:/Users/encryptshell/.m2/repository/io/netty/netty-handler-proxy/4.1.116.Final/netty-handler-proxy-4.1.116.Final.jar
[INFO]   artifact: file:/Users/encryptshell/.m2/repository/io/netty/netty-codec-socks/4.1.116.Final/netty-codec-socks-4.1.116.Final.jar
[INFO]   artifact: file:/Users/encryptshell/.m2/repository/com/google/errorprone/error_prone_annotations/2.23.0/error_prone_annotations-2.23.0.jar
[INFO]   artifact: file:/Users/encryptshell/.m2/repository/io/netty/netty-transport-native-unix-common/4.1.116.Final/netty-transport-native-unix-common-4.1.116.Final.jar
[INFO]   artifact: file:/Users/encryptshell/.m2/repository/io/grpc/grpc-protobuf/1.65.1/grpc-protobuf-1.65.1.jar
[INFO]   artifact: file:/Users/encryptshell/.m2/repository/com/google/api/grpc/proto-google-common-protos/2.29.0/proto-google-common-protos-2.29.0.jar
[INFO]   artifact: file:/Users/encryptshell/.m2/repository/io/grpc/grpc-protobuf-lite/1.65.1/grpc-protobuf-lite-1.65.1.jar
[INFO]   artifact: file:/Users/encryptshell/.m2/repository/io/grpc/grpc-stub/1.65.1/grpc-stub-1.65.1.jar
[INFO]   artifact: file:/Users/encryptshell/.m2/repository/io/grpc/grpc-core/1.65.1/grpc-core-1.65.1.jar
[INFO]   artifact: file:/Users/encryptshell/.m2/repository/com/google/android/annotations/4.1.1.4/annotations-4.1.1.4.jar
[INFO]   artifact: file:/Users/encryptshell/.m2/repository/org/codehaus/mojo/animal-sniffer-annotations/1.23/animal-sniffer-annotations-1.23.jar
[INFO]   artifact: file:/Users/encryptshell/.m2/repository/io/grpc/grpc-context/1.65.1/grpc-context-1.65.1.jar
[INFO]   artifact: file:/Users/encryptshell/.m2/repository/org/apache/tomcat/annotations-api/6.0.53/annotations-api-6.0.53.jar
[INFO]   artifact: file:/Users/encryptshell/.m2/repository/com/google/protobuf/protobuf-java/4.29.3/protobuf-java-4.29.3.jar
[INFO]   artifact: file:/Users/encryptshell/.m2/repository/org/springframework/boot/spring-boot-starter-websocket/3.4.1/spring-boot-starter-websocket-3.4.1.jar
[INFO]   artifact: file:/Users/encryptshell/.m2/repository/org/springframework/spring-websocket/6.2.1/spring-websocket-6.2.1.jar
[INFO]   artifact: file:/Users/encryptshell/.m2/repository/com/jayway/jsonpath/json-path/2.9.0/json-path-2.9.0.jar
[INFO]   artifact: file:/Users/encryptshell/.m2/repository/net/minidev/json-smart/2.5.1/json-smart-2.5.1.jar
[INFO]   artifact: file:/Users/encryptshell/.m2/repository/net/minidev/accessors-smart/2.5.1/accessors-smart-2.5.1.jar
[INFO]   artifact: file:/Users/encryptshell/.m2/repository/org/ow2/asm/asm/9.6/asm-9.6.jar
[INFO]   artifact: file:/Users/encryptshell/.m2/repository/org/apache/tika/tika-core/3.3.0/tika-core-3.3.0.jar
[INFO]   artifact: file:/Users/encryptshell/.m2/repository/commons-io/commons-io/2.21.0/commons-io-2.21.0.jar
[INFO]   artifact: file:/Users/encryptshell/.m2/repository/com/warrenstrange/googleauth/1.4.0/googleauth-1.4.0.jar
[INFO]   artifact: file:/Users/encryptshell/.m2/repository/commons-codec/commons-codec/1.17.1/commons-codec-1.17.1.jar
[INFO]   artifact: file:/Users/encryptshell/.m2/repository/com/google/zxing/core/3.4.1/core-3.4.1.jar
[INFO]   artifact: file:/Users/encryptshell/.m2/repository/com/google/zxing/javase/3.4.1/javase-3.4.1.jar
[INFO]   artifact: file:/Users/encryptshell/.m2/repository/com/beust/jcommander/1.78/jcommander-1.78.jar
[INFO]   artifact: file:/Users/encryptshell/.m2/repository/com/github/jai-imageio/jai-imageio-core/1.4.0/jai-imageio-core-1.4.0.jar
[INFO]   artifact: file:/Users/encryptshell/.m2/repository/com/github/ben-manes/caffeine/caffeine/3.0.5/caffeine-3.0.5.jar
[INFO]   artifact: file:/Users/encryptshell/.m2/repository/commons-net/commons-net/3.9.0/commons-net-3.9.0.jar
[INFO]   artifact: file:/Users/encryptshell/.m2/repository/net/logstash/logback/logstash-logback-encoder/8.0/logstash-logback-encoder-8.0.jar
[INFO]   artifact: file:/Users/encryptshell/.m2/repository/com/google/code/gson/gson/2.11.0/gson-2.11.0.jar
[INFO]   artifact: file:/Users/encryptshell/.m2/repository/org/apache/poi/poi/5.2.5/poi-5.2.5.jar
[INFO]   artifact: file:/Users/encryptshell/.m2/repository/org/apache/commons/commons-math3/3.6.1/commons-math3-3.6.1.jar
[INFO]   artifact: file:/Users/encryptshell/.m2/repository/com/zaxxer/SparseBitSet/1.3/SparseBitSet-1.3.jar
[INFO]   artifact: file:/Users/encryptshell/.m2/repository/org/apache/logging/log4j/log4j-api/2.24.3/log4j-api-2.24.3.jar
[INFO]   artifact: file:/Users/encryptshell/.m2/repository/org/apache/poi/poi-ooxml/5.2.5/poi-ooxml-5.2.5.jar
[INFO]   artifact: file:/Users/encryptshell/.m2/repository/org/apache/poi/poi-ooxml-lite/5.2.5/poi-ooxml-lite-5.2.5.jar
[INFO]   artifact: file:/Users/encryptshell/.m2/repository/org/apache/xmlbeans/xmlbeans/5.2.0/xmlbeans-5.2.0.jar
[INFO]   artifact: file:/Users/encryptshell/.m2/repository/com/github/virtuald/curvesapi/1.08/curvesapi-1.08.jar
[INFO]   artifact: file:/Users/encryptshell/.m2/repository/org/springframework/boot/spring-boot-starter-test/3.4.1/spring-boot-starter-test-3.4.1.jar
[INFO]   artifact: file:/Users/encryptshell/.m2/repository/org/springframework/boot/spring-boot-test/3.4.1/spring-boot-test-3.4.1.jar
[INFO]   artifact: file:/Users/encryptshell/.m2/repository/org/springframework/boot/spring-boot-test-autoconfigure/3.4.1/spring-boot-test-autoconfigure-3.4.1.jar
[INFO]   artifact: file:/Users/encryptshell/.m2/repository/org/assertj/assertj-core/3.26.3/assertj-core-3.26.3.jar
[INFO]   artifact: file:/Users/encryptshell/.m2/repository/org/awaitility/awaitility/4.2.2/awaitility-4.2.2.jar
[INFO]   artifact: file:/Users/encryptshell/.m2/repository/org/hamcrest/hamcrest/2.2/hamcrest-2.2.jar
[INFO]   artifact: file:/Users/encryptshell/.m2/repository/org/junit/jupiter/junit-jupiter/5.11.4/junit-jupiter-5.11.4.jar
[INFO]   artifact: file:/Users/encryptshell/.m2/repository/org/junit/jupiter/junit-jupiter-api/5.11.4/junit-jupiter-api-5.11.4.jar
[INFO]   artifact: file:/Users/encryptshell/.m2/repository/org/junit/jupiter/junit-jupiter-params/5.11.4/junit-jupiter-params-5.11.4.jar
[INFO]   artifact: file:/Users/encryptshell/.m2/repository/org/junit/jupiter/junit-jupiter-engine/5.11.4/junit-jupiter-engine-5.11.4.jar
[INFO]   artifact: file:/Users/encryptshell/.m2/repository/org/mockito/mockito-junit-jupiter/5.14.2/mockito-junit-jupiter-5.14.2.jar
[INFO]   artifact: file:/Users/encryptshell/.m2/repository/org/skyscreamer/jsonassert/1.5.3/jsonassert-1.5.3.jar
[INFO]   artifact: file:/Users/encryptshell/.m2/repository/com/vaadin/external/google/android-json/0.0.20131108.vaadin1/android-json-0.0.20131108.vaadin1.jar
[INFO]   artifact: file:/Users/encryptshell/.m2/repository/org/springframework/spring-test/6.2.1/spring-test-6.2.1.jar
[INFO]   artifact: file:/Users/encryptshell/.m2/repository/org/xmlunit/xmlunit-core/2.10.0/xmlunit-core-2.10.0.jar
[INFO]   artifact: file:/Users/encryptshell/.m2/repository/org/springframework/security/spring-security-test/6.4.2/spring-security-test-6.4.2.jar
[INFO]   artifact: file:/Users/encryptshell/.m2/repository/com/tngtech/archunit/archunit-junit5/0.21.0/archunit-junit5-0.21.0.jar
[INFO]   artifact: file:/Users/encryptshell/.m2/repository/com/tngtech/archunit/archunit-junit5-api/0.21.0/archunit-junit5-api-0.21.0.jar
[INFO]   artifact: file:/Users/encryptshell/.m2/repository/com/tngtech/archunit/archunit/0.21.0/archunit-0.21.0.jar
[INFO]   artifact: file:/Users/encryptshell/.m2/repository/com/tngtech/archunit/archunit-junit5-engine/0.21.0/archunit-junit5-engine-0.21.0.jar
[INFO]   artifact: file:/Users/encryptshell/.m2/repository/com/tngtech/archunit/archunit-junit5-engine-api/0.21.0/archunit-junit5-engine-api-0.21.0.jar
[INFO]   artifact: file:/Users/encryptshell/.m2/repository/net/jqwik/jqwik/1.8.3/jqwik-1.8.3.jar
[INFO]   artifact: file:/Users/encryptshell/.m2/repository/org/apiguardian/apiguardian-api/1.1.2/apiguardian-api-1.1.2.jar
[INFO]   artifact: file:/Users/encryptshell/.m2/repository/net/jqwik/jqwik-api/1.8.3/jqwik-api-1.8.3.jar
[INFO]   artifact: file:/Users/encryptshell/.m2/repository/org/opentest4j/opentest4j/1.3.0/opentest4j-1.3.0.jar
[INFO]   artifact: file:/Users/encryptshell/.m2/repository/org/junit/platform/junit-platform-commons/1.11.4/junit-platform-commons-1.11.4.jar
[INFO]   artifact: file:/Users/encryptshell/.m2/repository/net/jqwik/jqwik-web/1.8.3/jqwik-web-1.8.3.jar
[INFO]   artifact: file:/Users/encryptshell/.m2/repository/net/jqwik/jqwik-time/1.8.3/jqwik-time-1.8.3.jar
[INFO]   artifact: file:/Users/encryptshell/.m2/repository/net/jqwik/jqwik-engine/1.8.3/jqwik-engine-1.8.3.jar
[INFO]   artifact: file:/Users/encryptshell/.m2/repository/org/junit/platform/junit-platform-engine/1.11.4/junit-platform-engine-1.11.4.jar
[INFO]   artifact: file:/Users/encryptshell/.m2/repository/org/mockito/mockito-core/5.14.2/mockito-core-5.14.2.jar
[INFO]   artifact: file:/Users/encryptshell/.m2/repository/net/bytebuddy/byte-buddy-agent/1.15.11/byte-buddy-agent-1.15.11.jar
[INFO]   artifact: file:/Users/encryptshell/.m2/repository/org/objenesis/objenesis/3.3/objenesis-3.3.jar
[INFO]   artifact: file:/Users/encryptshell/.m2/repository/org/springframework/boot/spring-boot-starter-undertow/3.4.1/spring-boot-starter-undertow-3.4.1.jar
[INFO]   artifact: file:/Users/encryptshell/.m2/repository/io/undertow/undertow-core/2.3.18.Final/undertow-core-2.3.18.Final.jar
[INFO]   artifact: file:/Users/encryptshell/.m2/repository/org/jboss/xnio/xnio-api/3.8.16.Final/xnio-api-3.8.16.Final.jar
[INFO]   artifact: file:/Users/encryptshell/.m2/repository/org/wildfly/common/wildfly-common/1.5.4.Final/wildfly-common-1.5.4.Final.jar
[INFO]   artifact: file:/Users/encryptshell/.m2/repository/org/wildfly/client/wildfly-client-config/1.0.1.Final/wildfly-client-config-1.0.1.Final.jar
[INFO]   artifact: file:/Users/encryptshell/.m2/repository/org/jboss/xnio/xnio-nio/3.8.16.Final/xnio-nio-3.8.16.Final.jar
[INFO]   artifact: file:/Users/encryptshell/.m2/repository/org/jboss/threads/jboss-threads/3.5.0.Final/jboss-threads-3.5.0.Final.jar
[INFO]   artifact: file:/Users/encryptshell/.m2/repository/io/undertow/undertow-servlet/2.3.18.Final/undertow-servlet-2.3.18.Final.jar
[INFO]   artifact: file:/Users/encryptshell/.m2/repository/jakarta/servlet/jakarta.servlet-api/6.0.0/jakarta.servlet-api-6.0.0.jar
[INFO]   artifact: file:/Users/encryptshell/.m2/repository/io/undertow/undertow-websockets-jsr/2.3.18.Final/undertow-websockets-jsr-2.3.18.Final.jar
[INFO]   artifact: file:/Users/encryptshell/.m2/repository/jakarta/websocket/jakarta.websocket-api/2.1.1/jakarta.websocket-api-2.1.1.jar
[INFO]   artifact: file:/Users/encryptshell/.m2/repository/jakarta/websocket/jakarta.websocket-client-api/2.1.1/jakarta.websocket-client-api-2.1.1.jar
[INFO]   artifact: file:/Users/encryptshell/.m2/repository/org/apache/tomcat/embed/tomcat-embed-el/10.1.34/tomcat-embed-el-10.1.34.jar
[INFO]   artifact: file:/Users/encryptshell/.m2/repository/org/springframework/boot/spring-boot-devtools/3.4.1/spring-boot-devtools-3.4.1.jar
[INFO]   artifact: file:/Users/encryptshell/.m2/repository/org/springframework/boot/spring-boot/3.4.1/spring-boot-3.4.1.jar
[INFO]   artifact: file:/Users/encryptshell/GIT/UTMStack-11/backend/target/classes/
[INFO]   artifact: file:/Users/encryptshell/GIT/UTMStack-11/backend/target/test-classes/
[INFO] ------------------------------------------------------------------------
[INFO] ####################################################
##   _     _             _ _                      ##
##  | |   (_)           (_) |                     ##
##  | |    _  __ _ _   _ _| |__   __ _ ___  ___   ##
##  | |   | |/ _` | | | | | '_ \ / _` / __|/ _ \  ##
##  | |___| | (_| | |_| | | |_) | (_| \__ \  __/  ##
##  \_____/_|\__, |\__,_|_|_.__/ \__,_|___/\___|  ##
##              | |                               ##
##              |_|                               ##
##                                                ## 
##  Get documentation at docs.liquibase.com       ##
##  Get certified courses at learn.liquibase.com  ## 
##                                                ##
####################################################
Starting Liquibase at 06:20:48 (version 4.27.0 #1525 built at 2024-03-25 17:08+0000)
[INFO] Settings
----------------------------
[INFO]     driver: org.postgresql.Driver
[INFO]     url: jdbc:postgresql://localhost:5438/hivearmor
[INFO]     username: *****
[INFO]     password: *****
[INFO]     use empty password: false
[INFO]     properties file: null
[INFO]     properties file will override? false
[INFO]     clear checksums? false
[INFO]     changeLogDirectory: null
[INFO]     changeLogFile: config/liquibase/master.xml
[INFO]     context(s): !test
[INFO]     label(s): null
[INFO] ------------------------------------------------------------------------
[INFO] Set default schema name to public
[INFO] Executing on Database: jdbc:postgresql://localhost:5438/hivearmor
[ERROR] The string "--" is not permitted within comments.
[INFO] Logging exception.
[INFO] ERROR: Exception Details
[INFO] ERROR: Exception Primary Class:  SAXParseException
[INFO] ERROR: Exception Primary Reason:  The string "--" is not permitted within comments.
[INFO] ERROR: Exception Primary Source:  PostgreSQL 16.14
[INFO] Command execution complete
[INFO] ------------------------------------------------------------------------
[INFO] BUILD FAILURE
[INFO] ------------------------------------------------------------------------
[INFO] Total time:  2.567 s
[INFO] Finished at: 2026-07-30T06:20:49+05:30
[INFO] ------------------------------------------------------------------------
[ERROR] Failed to execute goal org.liquibase:liquibase-maven-plugin:4.27.0:validate (default-cli) on project hivearmor: 
[ERROR] Error setting up or running Liquibase:
[ERROR] liquibase.exception.ChangeLogParseException: liquibase.exception.SetupException: Error parsing line 7 column 43 of config/liquibase/changelog/20260724050_mssp_schema.xml: The string "--" is not permitted within comments.
[ERROR] -> [Help 1]
[ERROR] 
[ERROR] To see the full stack trace of the errors, re-run Maven with the -e switch.
[ERROR] Re-run Maven using the -X switch to enable full debug logging.
[ERROR] 
[ERROR] For more information about the errors and possible solutions, please read the following articles:
[ERROR] [Help 1] http://cwiki.apache.org/confluence/display/MAVEN/MojoExecutionException
EXIT:1
