[     114ms] [INFO] %cDownload the React DevTools for a better development experience: https://reactjs.org/link/react-devtools font-weight:bold @ http://localhost:3000/node_modules/.vite/deps/react-dom-BEjadErz.js?v=d60f55b8:17230
[     177ms] [ERROR] Failed to load resource: the server responded with a status of 500 (Internal Server Error) @ http://localhost:3000/api/overview/health:0
[     207ms] [ERROR] Failed to load resource: the server responded with a status of 500 (Internal Server Error) @ http://localhost:3000/api/overview/health:0
[     294ms] [WARNING] AG Grid: warning #2 Visit https://www.ag-grid.com/react-data-grid/errors/2?_version_=36.0.0&nodeId=71 
  Alternatively register the ValidationModule to see the full message in the console. @ http://localhost:3000/node_modules/.vite/deps/ag-grid-community.js?v=d60f55b8:6343
[     294ms] [WARNING] AG Grid: warning #2 Visit https://www.ag-grid.com/react-data-grid/errors/2?_version_=36.0.0&nodeId=142 
  Alternatively register the ValidationModule to see the full message in the console. @ http://localhost:3000/node_modules/.vite/deps/ag-grid-community.js?v=d60f55b8:6343
[     294ms] [WARNING] AG Grid: warning #2 Visit https://www.ag-grid.com/react-data-grid/errors/2?_version_=36.0.0&nodeId=61 
  Alternatively register the ValidationModule to see the full message in the console. @ http://localhost:3000/node_modules/.vite/deps/ag-grid-community.js?v=d60f55b8:6343
[     294ms] [WARNING] AG Grid: warning #2 Visit https://www.ag-grid.com/react-data-grid/errors/2?_version_=36.0.0&nodeId=41 
  Alternatively register the ValidationModule to see the full message in the console. @ http://localhost:3000/node_modules/.vite/deps/ag-grid-community.js?v=d60f55b8:6343
[     294ms] [WARNING] AG Grid: warning #2 Visit https://www.ag-grid.com/react-data-grid/errors/2?_version_=36.0.0&nodeId=122 
  Alternatively register the ValidationModule to see the full message in the console. @ http://localhost:3000/node_modules/.vite/deps/ag-grid-community.js?v=d60f55b8:6343
[     294ms] [WARNING] AG Grid: warning #2 Visit https://www.ag-grid.com/react-data-grid/errors/2?_version_=36.0.0&nodeId=21 
  Alternatively register the ValidationModule to see the full message in the console. @ http://localhost:3000/node_modules/.vite/deps/ag-grid-community.js?v=d60f55b8:6343
[     294ms] [WARNING] AG Grid: warning #2 Visit https://www.ag-grid.com/react-data-grid/errors/2?_version_=36.0.0&nodeId=51 
  Alternatively register the ValidationModule to see the full message in the console. @ http://localhost:3000/node_modules/.vite/deps/ag-grid-community.js?v=d60f55b8:6343
[     294ms] [WARNING] AG Grid: warning #2 Visit https://www.ag-grid.com/react-data-grid/errors/2?_version_=36.0.0&nodeId=112 
  Alternatively register the ValidationModule to see the full message in the console. @ http://localhost:3000/node_modules/.vite/deps/ag-grid-community.js?v=d60f55b8:6343
[     294ms] [WARNING] AG Grid: warning #2 Visit https://www.ag-grid.com/react-data-grid/errors/2?_version_=36.0.0&nodeId=11 
  Alternatively register the ValidationModule to see the full message in the console. @ http://localhost:3000/node_modules/.vite/deps/ag-grid-community.js?v=d60f55b8:6343
[     294ms] [WARNING] AG Grid: warning #2 Visit https://www.ag-grid.com/react-data-grid/errors/2?_version_=36.0.0&nodeId=132 
  Alternatively register the ValidationModule to see the full message in the console. @ http://localhost:3000/node_modules/.vite/deps/ag-grid-community.js?v=d60f55b8:6343
[     294ms] [WARNING] AG Grid: warning #2 Visit https://www.ag-grid.com/react-data-grid/errors/2?_version_=36.0.0&nodeId=31 
  Alternatively register the ValidationModule to see the full message in the console. @ http://localhost:3000/node_modules/.vite/deps/ag-grid-community.js?v=d60f55b8:6343
[   30173ms] [ERROR] Failed to load resource: the server responded with a status of 500 (Internal Server Error) @ http://localhost:3000/api/overview/health:0
[   53096ms] [ERROR] Warning: React.jsx: type is invalid -- expected a string (for built-in components) or a class/function (for composite components) but got: %s.%s%s object 

Check your code at RuleEditorPage.tsx:445. 
    at RuleEditorPage (http://localhost:3000/src/pages/detection-rules/RuleEditorPage.tsx:43:17)
    at AuthGuard (http://localhost:3000/src/router/AuthGuard.tsx:20:29)
    at RenderedRoute (http://localhost:3000/node_modules/.vite/deps/react-router-dom.js?v=d60f55b8:3821:10)
    at Outlet (http://localhost:3000/node_modules/.vite/deps/react-router-dom.js?v=d60f55b8:4229:27)
    at Suspense
    at main
    at div
    at AppLayout (http://localhost:3000/src/router/AppLayout.tsx:22:24)
    at RenderedRoute (http://localhost:3000/node_modules/.vite/deps/react-router-dom.js?v=d60f55b8:3821:10)
    at RenderErrorBoundary (http://localhost:3000/node_modules/.vite/deps/react-router-dom.js?v=d60f55b8:3788:5)
    at DataRoutes (http://localhost:3000/node_modules/.vite/deps/react-router-dom.js?v=d60f55b8:5096:10)
    at Router (http://localhost:3000/node_modules/.vite/deps/react-router-dom.js?v=d60f55b8:4249:20)
    at RouterProvider (http://localhost:3000/node_modules/.vite/deps/react-router-dom.js?v=d60f55b8:4929:10)
    at Suspense
    at AppInner (http://localhost:3000/src/App.tsx?t=1786155592176:18:30)
    at QueryClientProvider (http://localhost:3000/node_modules/.vite/deps/@tanstack_react-query.js?v=d60f55b8:2995:31)
    at App @ http://localhost:3000/node_modules/.vite/deps/react_jsx-dev-runtime.js?v=d60f55b8:52
[   53097ms] [ERROR] Warning: React.jsx: type is invalid -- expected a string (for built-in components) or a class/function (for composite components) but got: %s.%s%s object 

Check your code at RuleEditorPage.tsx:445. 
    at RuleEditorPage (http://localhost:3000/src/pages/detection-rules/RuleEditorPage.tsx:43:17)
    at AuthGuard (http://localhost:3000/src/router/AuthGuard.tsx:20:29)
    at RenderedRoute (http://localhost:3000/node_modules/.vite/deps/react-router-dom.js?v=d60f55b8:3821:10)
    at Outlet (http://localhost:3000/node_modules/.vite/deps/react-router-dom.js?v=d60f55b8:4229:27)
    at Suspense
    at main
    at div
    at AppLayout (http://localhost:3000/src/router/AppLayout.tsx:22:24)
    at RenderedRoute (http://localhost:3000/node_modules/.vite/deps/react-router-dom.js?v=d60f55b8:3821:10)
    at RenderErrorBoundary (http://localhost:3000/node_modules/.vite/deps/react-router-dom.js?v=d60f55b8:3788:5)
    at DataRoutes (http://localhost:3000/node_modules/.vite/deps/react-router-dom.js?v=d60f55b8:5096:10)
    at Router (http://localhost:3000/node_modules/.vite/deps/react-router-dom.js?v=d60f55b8:4249:20)
    at RouterProvider (http://localhost:3000/node_modules/.vite/deps/react-router-dom.js?v=d60f55b8:4929:10)
    at Suspense
    at AppInner (http://localhost:3000/src/App.tsx?t=1786155592176:18:30)
    at QueryClientProvider (http://localhost:3000/node_modules/.vite/deps/@tanstack_react-query.js?v=d60f55b8:2995:31)
    at App @ http://localhost:3000/node_modules/.vite/deps/react_jsx-dev-runtime.js?v=d60f55b8:52
[   53112ms] Error: Element type is invalid: expected a string (for built-in components) or a class/function (for composite components) but got: object.

Check the render method of `RuleEditorPage`.
    at createFiberFromTypeAndProps (http://localhost:3000/node_modules/.vite/deps/react-dom-BEjadErz.js?v=d60f55b8:16466:12)
    at createFiberFromElement (http://localhost:3000/node_modules/.vite/deps/react-dom-BEjadErz.js?v=d60f55b8:16481:16)
    at reconcileSingleElement (http://localhost:3000/node_modules/.vite/deps/react-dom-BEjadErz.js?v=d60f55b8:8849:22)
    at reconcileChildFibers (http://localhost:3000/node_modules/.vite/deps/react-dom-BEjadErz.js?v=d60f55b8:8879:56)
    at reconcileChildren (http://localhost:3000/node_modules/.vite/deps/react-dom-BEjadErz.js?v=d60f55b8:11924:49)
    at updateHostComponent (http://localhost:3000/node_modules/.vite/deps/react-dom-BEjadErz.js?v=d60f55b8:12287:4)
    at beginWork (http://localhost:3000/node_modules/.vite/deps/react-dom-BEjadErz.js?v=d60f55b8:13102:32)
    at HTMLUnknownElement.callCallback (http://localhost:3000/node_modules/.vite/deps/react-dom-BEjadErz.js?v=d60f55b8:3142:11)
    at Object.invokeGuardedCallbackDev (http://localhost:3000/node_modules/.vite/deps/react-dom-BEjadErz.js?v=d60f55b8:3162:14)
    at invokeGuardedCallback (http://localhost:3000/node_modules/.vite/deps/react-dom-BEjadErz.js?v=d60f55b8:3201:32)
[   53105ms] [ERROR] Error handled by React Router default ErrorBoundary: Error: Element type is invalid: expected a string (for built-in components) or a class/function (for composite components) but got: object.

Check the render method of `RuleEditorPage`.
    at createFiberFromTypeAndProps (http://localhost:3000/node_modules/.vite/deps/react-dom-BEjadErz.js?v=d60f55b8:16466:12)
    at createFiberFromElement (http://localhost:3000/node_modules/.vite/deps/react-dom-BEjadErz.js?v=d60f55b8:16481:16)
    at reconcileSingleElement (http://localhost:3000/node_modules/.vite/deps/react-dom-BEjadErz.js?v=d60f55b8:8849:22)
    at reconcileChildFibers (http://localhost:3000/node_modules/.vite/deps/react-dom-BEjadErz.js?v=d60f55b8:8879:56)
    at reconcileChildren (http://localhost:3000/node_modules/.vite/deps/react-dom-BEjadErz.js?v=d60f55b8:11924:49)
    at updateHostComponent (http://localhost:3000/node_modules/.vite/deps/react-dom-BEjadErz.js?v=d60f55b8:12287:4)
    at beginWork (http://localhost:3000/node_modules/.vite/deps/react-dom-BEjadErz.js?v=d60f55b8:13102:32)
    at beginWork$1 (http://localhost:3000/node_modules/.vite/deps/react-dom-BEjadErz.js?v=d60f55b8:15982:12)
    at performUnitOfWork (http://localhost:3000/node_modules/.vite/deps/react-dom-BEjadErz.js?v=d60f55b8:15568:12)
    at workLoopConcurrent (http://localhost:3000/node_modules/.vite/deps/react-dom-BEjadErz.js?v=d60f55b8:15560:54) @ http://localhost:3000/node_modules/.vite/deps/react-router-dom.js?v=d60f55b8:3780
[   53105ms] [ERROR] Error handled by React Router default ErrorBoundary: Error: Element type is invalid: expected a string (for built-in components) or a class/function (for composite components) but got: object.

Check the render method of `RuleEditorPage`.
    at createFiberFromTypeAndProps (http://localhost:3000/node_modules/.vite/deps/react-dom-BEjadErz.js?v=d60f55b8:16466:12)
    at createFiberFromElement (http://localhost:3000/node_modules/.vite/deps/react-dom-BEjadErz.js?v=d60f55b8:16481:16)
    at reconcileSingleElement (http://localhost:3000/node_modules/.vite/deps/react-dom-BEjadErz.js?v=d60f55b8:8849:22)
    at reconcileChildFibers (http://localhost:3000/node_modules/.vite/deps/react-dom-BEjadErz.js?v=d60f55b8:8879:56)
    at reconcileChildren (http://localhost:3000/node_modules/.vite/deps/react-dom-BEjadErz.js?v=d60f55b8:11924:49)
    at updateHostComponent (http://localhost:3000/node_modules/.vite/deps/react-dom-BEjadErz.js?v=d60f55b8:12287:4)
    at beginWork (http://localhost:3000/node_modules/.vite/deps/react-dom-BEjadErz.js?v=d60f55b8:13102:32)
    at beginWork$1 (http://localhost:3000/node_modules/.vite/deps/react-dom-BEjadErz.js?v=d60f55b8:15982:12)
    at performUnitOfWork (http://localhost:3000/node_modules/.vite/deps/react-dom-BEjadErz.js?v=d60f55b8:15568:12)
    at workLoopConcurrent (http://localhost:3000/node_modules/.vite/deps/react-dom-BEjadErz.js?v=d60f55b8:15560:54) @ http://localhost:3000/node_modules/.vite/deps/react-router-dom.js?v=d60f55b8:3780
[   53105ms] [ERROR] Warning: React.jsx: type is invalid -- expected a string (for built-in components) or a class/function (for composite components) but got: %s.%s%s object 

Check your code at RuleEditorPage.tsx:445. 
    at RuleEditorPage (http://localhost:3000/src/pages/detection-rules/RuleEditorPage.tsx:43:17)
    at AuthGuard (http://localhost:3000/src/router/AuthGuard.tsx:20:29)
    at RenderedRoute (http://localhost:3000/node_modules/.vite/deps/react-router-dom.js?v=d60f55b8:3821:10)
    at Outlet (http://localhost:3000/node_modules/.vite/deps/react-router-dom.js?v=d60f55b8:4229:27)
    at Suspense
    at main
    at div
    at AppLayout (http://localhost:3000/src/router/AppLayout.tsx:22:24)
    at RenderedRoute (http://localhost:3000/node_modules/.vite/deps/react-router-dom.js?v=d60f55b8:3821:10)
    at RenderErrorBoundary (http://localhost:3000/node_modules/.vite/deps/react-router-dom.js?v=d60f55b8:3788:5)
    at DataRoutes (http://localhost:3000/node_modules/.vite/deps/react-router-dom.js?v=d60f55b8:5096:10)
    at Router (http://localhost:3000/node_modules/.vite/deps/react-router-dom.js?v=d60f55b8:4249:20)
    at RouterProvider (http://localhost:3000/node_modules/.vite/deps/react-router-dom.js?v=d60f55b8:4929:10)
    at Suspense
    at AppInner (http://localhost:3000/src/App.tsx?t=1786155592176:18:30)
    at QueryClientProvider (http://localhost:3000/node_modules/.vite/deps/@tanstack_react-query.js?v=d60f55b8:2995:31)
    at App @ http://localhost:3000/node_modules/.vite/deps/react_jsx-dev-runtime.js?v=d60f55b8:52
[   53106ms] [ERROR] Warning: React.jsx: type is invalid -- expected a string (for built-in components) or a class/function (for composite components) but got: %s.%s%s object 

Check your code at RuleEditorPage.tsx:445. 
    at RuleEditorPage (http://localhost:3000/src/pages/detection-rules/RuleEditorPage.tsx:43:17)
    at AuthGuard (http://localhost:3000/src/router/AuthGuard.tsx:20:29)
    at RenderedRoute (http://localhost:3000/node_modules/.vite/deps/react-router-dom.js?v=d60f55b8:3821:10)
    at Outlet (http://localhost:3000/node_modules/.vite/deps/react-router-dom.js?v=d60f55b8:4229:27)
    at Suspense
    at main
    at div
    at AppLayout (http://localhost:3000/src/router/AppLayout.tsx:22:24)
    at RenderedRoute (http://localhost:3000/node_modules/.vite/deps/react-router-dom.js?v=d60f55b8:3821:10)
    at RenderErrorBoundary (http://localhost:3000/node_modules/.vite/deps/react-router-dom.js?v=d60f55b8:3788:5)
    at DataRoutes (http://localhost:3000/node_modules/.vite/deps/react-router-dom.js?v=d60f55b8:5096:10)
    at Router (http://localhost:3000/node_modules/.vite/deps/react-router-dom.js?v=d60f55b8:4249:20)
    at RouterProvider (http://localhost:3000/node_modules/.vite/deps/react-router-dom.js?v=d60f55b8:4929:10)
    at Suspense
    at AppInner (http://localhost:3000/src/App.tsx?t=1786155592176:18:30)
    at QueryClientProvider (http://localhost:3000/node_modules/.vite/deps/@tanstack_react-query.js?v=d60f55b8:2995:31)
    at App @ http://localhost:3000/node_modules/.vite/deps/react_jsx-dev-runtime.js?v=d60f55b8:52
[   53113ms] Error: Element type is invalid: expected a string (for built-in components) or a class/function (for composite components) but got: object.

Check the render method of `RuleEditorPage`.
    at createFiberFromTypeAndProps (http://localhost:3000/node_modules/.vite/deps/react-dom-BEjadErz.js?v=d60f55b8:16466:12)
    at createFiberFromElement (http://localhost:3000/node_modules/.vite/deps/react-dom-BEjadErz.js?v=d60f55b8:16481:16)
    at reconcileSingleElement (http://localhost:3000/node_modules/.vite/deps/react-dom-BEjadErz.js?v=d60f55b8:8849:22)
    at reconcileChildFibers (http://localhost:3000/node_modules/.vite/deps/react-dom-BEjadErz.js?v=d60f55b8:8879:56)
    at reconcileChildren (http://localhost:3000/node_modules/.vite/deps/react-dom-BEjadErz.js?v=d60f55b8:11924:49)
    at updateHostComponent (http://localhost:3000/node_modules/.vite/deps/react-dom-BEjadErz.js?v=d60f55b8:12287:4)
    at beginWork (http://localhost:3000/node_modules/.vite/deps/react-dom-BEjadErz.js?v=d60f55b8:13102:32)
    at HTMLUnknownElement.callCallback (http://localhost:3000/node_modules/.vite/deps/react-dom-BEjadErz.js?v=d60f55b8:3142:11)
    at Object.invokeGuardedCallbackDev (http://localhost:3000/node_modules/.vite/deps/react-dom-BEjadErz.js?v=d60f55b8:3162:14)
    at invokeGuardedCallback (http://localhost:3000/node_modules/.vite/deps/react-dom-BEjadErz.js?v=d60f55b8:3201:32)
[   53108ms] [ERROR] Error handled by React Router default ErrorBoundary: Error: Element type is invalid: expected a string (for built-in components) or a class/function (for composite components) but got: object.

Check the render method of `RuleEditorPage`.
    at createFiberFromTypeAndProps (http://localhost:3000/node_modules/.vite/deps/react-dom-BEjadErz.js?v=d60f55b8:16466:12)
    at createFiberFromElement (http://localhost:3000/node_modules/.vite/deps/react-dom-BEjadErz.js?v=d60f55b8:16481:16)
    at reconcileSingleElement (http://localhost:3000/node_modules/.vite/deps/react-dom-BEjadErz.js?v=d60f55b8:8849:22)
    at reconcileChildFibers (http://localhost:3000/node_modules/.vite/deps/react-dom-BEjadErz.js?v=d60f55b8:8879:56)
    at reconcileChildren (http://localhost:3000/node_modules/.vite/deps/react-dom-BEjadErz.js?v=d60f55b8:11924:49)
    at updateHostComponent (http://localhost:3000/node_modules/.vite/deps/react-dom-BEjadErz.js?v=d60f55b8:12287:4)
    at beginWork (http://localhost:3000/node_modules/.vite/deps/react-dom-BEjadErz.js?v=d60f55b8:13102:32)
    at beginWork$1 (http://localhost:3000/node_modules/.vite/deps/react-dom-BEjadErz.js?v=d60f55b8:15982:12)
    at performUnitOfWork (http://localhost:3000/node_modules/.vite/deps/react-dom-BEjadErz.js?v=d60f55b8:15568:12)
    at workLoopSync (http://localhost:3000/node_modules/.vite/deps/react-dom-BEjadErz.js?v=d60f55b8:15517:36) @ http://localhost:3000/node_modules/.vite/deps/react-router-dom.js?v=d60f55b8:3780
[   53108ms] [ERROR] Error handled by React Router default ErrorBoundary: Error: Element type is invalid: expected a string (for built-in components) or a class/function (for composite components) but got: object.

Check the render method of `RuleEditorPage`.
    at createFiberFromTypeAndProps (http://localhost:3000/node_modules/.vite/deps/react-dom-BEjadErz.js?v=d60f55b8:16466:12)
    at createFiberFromElement (http://localhost:3000/node_modules/.vite/deps/react-dom-BEjadErz.js?v=d60f55b8:16481:16)
    at reconcileSingleElement (http://localhost:3000/node_modules/.vite/deps/react-dom-BEjadErz.js?v=d60f55b8:8849:22)
    at reconcileChildFibers (http://localhost:3000/node_modules/.vite/deps/react-dom-BEjadErz.js?v=d60f55b8:8879:56)
    at reconcileChildren (http://localhost:3000/node_modules/.vite/deps/react-dom-BEjadErz.js?v=d60f55b8:11924:49)
    at updateHostComponent (http://localhost:3000/node_modules/.vite/deps/react-dom-BEjadErz.js?v=d60f55b8:12287:4)
    at beginWork (http://localhost:3000/node_modules/.vite/deps/react-dom-BEjadErz.js?v=d60f55b8:13102:32)
    at beginWork$1 (http://localhost:3000/node_modules/.vite/deps/react-dom-BEjadErz.js?v=d60f55b8:15982:12)
    at performUnitOfWork (http://localhost:3000/node_modules/.vite/deps/react-dom-BEjadErz.js?v=d60f55b8:15568:12)
    at workLoopSync (http://localhost:3000/node_modules/.vite/deps/react-dom-BEjadErz.js?v=d60f55b8:15517:36) @ http://localhost:3000/node_modules/.vite/deps/react-router-dom.js?v=d60f55b8:3780
[   53109ms] [ERROR] The above error occurred in the <div> component:

    at div
    at section
    at main
    at section
    at RuleEditorPage (http://localhost:3000/src/pages/detection-rules/RuleEditorPage.tsx:43:17)
    at AuthGuard (http://localhost:3000/src/router/AuthGuard.tsx:20:29)
    at RenderedRoute (http://localhost:3000/node_modules/.vite/deps/react-router-dom.js?v=d60f55b8:3821:10)
    at Outlet (http://localhost:3000/node_modules/.vite/deps/react-router-dom.js?v=d60f55b8:4229:27)
    at Suspense
    at main
    at div
    at AppLayout (http://localhost:3000/src/router/AppLayout.tsx:22:24)
    at RenderedRoute (http://localhost:3000/node_modules/.vite/deps/react-router-dom.js?v=d60f55b8:3821:10)
    at RenderErrorBoundary (http://localhost:3000/node_modules/.vite/deps/react-router-dom.js?v=d60f55b8:3788:5)
    at DataRoutes (http://localhost:3000/node_modules/.vite/deps/react-router-dom.js?v=d60f55b8:5096:10)
    at Router (http://localhost:3000/node_modules/.vite/deps/react-router-dom.js?v=d60f55b8:4249:20)
    at RouterProvider (http://localhost:3000/node_modules/.vite/deps/react-router-dom.js?v=d60f55b8:4929:10)
    at Suspense
    at AppInner (http://localhost:3000/src/App.tsx?t=1786155592176:18:30)
    at QueryClientProvider (http://localhost:3000/node_modules/.vite/deps/@tanstack_react-query.js?v=d60f55b8:2995:31)
    at App

React will try to recreate this component tree from scratch using the error boundary you provided, RenderErrorBoundary. @ http://localhost:3000/node_modules/.vite/deps/react-dom-BEjadErz.js?v=d60f55b8:11718
[   53109ms] [ERROR] React Router caught the following error during render Error: Element type is invalid: expected a string (for built-in components) or a class/function (for composite components) but got: object.

Check the render method of `RuleEditorPage`.
    at createFiberFromTypeAndProps (http://localhost:3000/node_modules/.vite/deps/react-dom-BEjadErz.js?v=d60f55b8:16466:12)
    at createFiberFromElement (http://localhost:3000/node_modules/.vite/deps/react-dom-BEjadErz.js?v=d60f55b8:16481:16)
    at reconcileSingleElement (http://localhost:3000/node_modules/.vite/deps/react-dom-BEjadErz.js?v=d60f55b8:8849:22)
    at reconcileChildFibers (http://localhost:3000/node_modules/.vite/deps/react-dom-BEjadErz.js?v=d60f55b8:8879:56)
    at reconcileChildren (http://localhost:3000/node_modules/.vite/deps/react-dom-BEjadErz.js?v=d60f55b8:11924:49)
    at updateHostComponent (http://localhost:3000/node_modules/.vite/deps/react-dom-BEjadErz.js?v=d60f55b8:12287:4)
    at beginWork (http://localhost:3000/node_modules/.vite/deps/react-dom-BEjadErz.js?v=d60f55b8:13102:32)
    at beginWork$1 (http://localhost:3000/node_modules/.vite/deps/react-dom-BEjadErz.js?v=d60f55b8:15982:12)
    at performUnitOfWork (http://localhost:3000/node_modules/.vite/deps/react-dom-BEjadErz.js?v=d60f55b8:15568:12)
    at workLoopSync (http://localhost:3000/node_modules/.vite/deps/react-dom-BEjadErz.js?v=d60f55b8:15517:36) {componentStack: 
    at div
    at section
    at main
    at sect…ack_react-query.js?v=d60f55b8:2995:31)
    at App} @ http://localhost:3000/node_modules/.vite/deps/react-router-dom.js?v=d60f55b8:3810
