[     285ms] [INFO] %cDownload the React DevTools for a better development experience: https://reactjs.org/link/react-devtools font-weight:bold @ http://localhost:3000/node_modules/.vite/deps/react-dom-BEjadErz.js?v=d7848635:17230
[     462ms] [ERROR] Failed to load resource: the server responded with a status of 500 (Internal Server Error) @ http://localhost:3000/api/overview/health:0
[     462ms] [ERROR] Failed to load resource: the server responded with a status of 500 (Internal Server Error) @ http://localhost:3000/api/ha-oidc/providers/enabled:0
[     468ms] [ERROR] Failed to load resource: the server responded with a status of 500 (Internal Server Error) @ http://localhost:3000/api/overview/health:0
[   56105ms] [ERROR] Failed to load resource: the server responded with a status of 500 (Internal Server Error) @ http://localhost:3000/api/overview/health:0
[   56113ms] [ERROR] Failed to load resource: the server responded with a status of 500 (Internal Server Error) @ http://localhost:3000/api/overview/health:0
[   56155ms] TypeError: Cannot read properties of null (reading 'toLocaleString')
    at http://localhost:3000/src/pages/search-hunt/components/FieldBrowser.tsx:238:139
    at Array.map (<anonymous>)
    at http://localhost:3000/src/pages/search-hunt/components/FieldBrowser.tsx:221:87
    at Array.map (<anonymous>)
    at FieldBrowser (http://localhost:3000/src/pages/search-hunt/components/FieldBrowser.tsx:187:42)
    at renderWithHooks (http://localhost:3000/node_modules/.vite/deps/react-dom-BEjadErz.js?v=d7848635:9632:19)
    at updateFunctionComponent (http://localhost:3000/node_modules/.vite/deps/react-dom-BEjadErz.js?v=d7848635:12122:19)
    at beginWork (http://localhost:3000/node_modules/.vite/deps/react-dom-BEjadErz.js?v=d7848635:13096:13)
    at HTMLUnknownElement.callCallback (http://localhost:3000/node_modules/.vite/deps/react-dom-BEjadErz.js?v=d7848635:3142:11)
    at Object.invokeGuardedCallbackDev (http://localhost:3000/node_modules/.vite/deps/react-dom-BEjadErz.js?v=d7848635:3162:14)
[   56138ms] [ERROR] Error handled by React Router default ErrorBoundary: TypeError: Cannot read properties of null (reading 'toLocaleString')
    at http://localhost:3000/src/pages/search-hunt/components/FieldBrowser.tsx:238:139
    at Array.map (<anonymous>)
    at http://localhost:3000/src/pages/search-hunt/components/FieldBrowser.tsx:221:87
    at Array.map (<anonymous>)
    at FieldBrowser (http://localhost:3000/src/pages/search-hunt/components/FieldBrowser.tsx:187:42)
    at renderWithHooks (http://localhost:3000/node_modules/.vite/deps/react-dom-BEjadErz.js?v=d7848635:9632:19)
    at updateFunctionComponent (http://localhost:3000/node_modules/.vite/deps/react-dom-BEjadErz.js?v=d7848635:12122:19)
    at beginWork (http://localhost:3000/node_modules/.vite/deps/react-dom-BEjadErz.js?v=d7848635:13096:13)
    at beginWork$1 (http://localhost:3000/node_modules/.vite/deps/react-dom-BEjadErz.js?v=d7848635:15982:12)
    at performUnitOfWork (http://localhost:3000/node_modules/.vite/deps/react-dom-BEjadErz.js?v=d7848635:15568:12) @ http://localhost:3000/node_modules/.vite/deps/react-router-dom.js?v=0309025e:3780
[   56139ms] [ERROR] Error handled by React Router default ErrorBoundary: TypeError: Cannot read properties of null (reading 'toLocaleString')
    at http://localhost:3000/src/pages/search-hunt/components/FieldBrowser.tsx:238:139
    at Array.map (<anonymous>)
    at http://localhost:3000/src/pages/search-hunt/components/FieldBrowser.tsx:221:87
    at Array.map (<anonymous>)
    at FieldBrowser (http://localhost:3000/src/pages/search-hunt/components/FieldBrowser.tsx:187:42)
    at renderWithHooks (http://localhost:3000/node_modules/.vite/deps/react-dom-BEjadErz.js?v=d7848635:9632:19)
    at updateFunctionComponent (http://localhost:3000/node_modules/.vite/deps/react-dom-BEjadErz.js?v=d7848635:12122:19)
    at beginWork (http://localhost:3000/node_modules/.vite/deps/react-dom-BEjadErz.js?v=d7848635:13096:13)
    at beginWork$1 (http://localhost:3000/node_modules/.vite/deps/react-dom-BEjadErz.js?v=d7848635:15982:12)
    at performUnitOfWork (http://localhost:3000/node_modules/.vite/deps/react-dom-BEjadErz.js?v=d7848635:15568:12) @ http://localhost:3000/node_modules/.vite/deps/react-router-dom.js?v=0309025e:3780
[   56187ms] TypeError: Cannot read properties of null (reading 'toLocaleString')
    at http://localhost:3000/src/pages/search-hunt/components/FieldBrowser.tsx:238:139
    at Array.map (<anonymous>)
    at http://localhost:3000/src/pages/search-hunt/components/FieldBrowser.tsx:221:87
    at Array.map (<anonymous>)
    at FieldBrowser (http://localhost:3000/src/pages/search-hunt/components/FieldBrowser.tsx:187:42)
    at renderWithHooks (http://localhost:3000/node_modules/.vite/deps/react-dom-BEjadErz.js?v=d7848635:9632:19)
    at updateFunctionComponent (http://localhost:3000/node_modules/.vite/deps/react-dom-BEjadErz.js?v=d7848635:12122:19)
    at beginWork (http://localhost:3000/node_modules/.vite/deps/react-dom-BEjadErz.js?v=d7848635:13096:13)
    at HTMLUnknownElement.callCallback (http://localhost:3000/node_modules/.vite/deps/react-dom-BEjadErz.js?v=d7848635:3142:11)
    at Object.invokeGuardedCallbackDev (http://localhost:3000/node_modules/.vite/deps/react-dom-BEjadErz.js?v=d7848635:3162:14)
[   56141ms] [ERROR] Error handled by React Router default ErrorBoundary: TypeError: Cannot read properties of null (reading 'toLocaleString')
    at http://localhost:3000/src/pages/search-hunt/components/FieldBrowser.tsx:238:139
    at Array.map (<anonymous>)
    at http://localhost:3000/src/pages/search-hunt/components/FieldBrowser.tsx:221:87
    at Array.map (<anonymous>)
    at FieldBrowser (http://localhost:3000/src/pages/search-hunt/components/FieldBrowser.tsx:187:42)
    at renderWithHooks (http://localhost:3000/node_modules/.vite/deps/react-dom-BEjadErz.js?v=d7848635:9632:19)
    at updateFunctionComponent (http://localhost:3000/node_modules/.vite/deps/react-dom-BEjadErz.js?v=d7848635:12122:19)
    at beginWork (http://localhost:3000/node_modules/.vite/deps/react-dom-BEjadErz.js?v=d7848635:13096:13)
    at beginWork$1 (http://localhost:3000/node_modules/.vite/deps/react-dom-BEjadErz.js?v=d7848635:15982:12)
    at performUnitOfWork (http://localhost:3000/node_modules/.vite/deps/react-dom-BEjadErz.js?v=d7848635:15568:12) @ http://localhost:3000/node_modules/.vite/deps/react-router-dom.js?v=0309025e:3780
[   56141ms] [ERROR] Error handled by React Router default ErrorBoundary: TypeError: Cannot read properties of null (reading 'toLocaleString')
    at http://localhost:3000/src/pages/search-hunt/components/FieldBrowser.tsx:238:139
    at Array.map (<anonymous>)
    at http://localhost:3000/src/pages/search-hunt/components/FieldBrowser.tsx:221:87
    at Array.map (<anonymous>)
    at FieldBrowser (http://localhost:3000/src/pages/search-hunt/components/FieldBrowser.tsx:187:42)
    at renderWithHooks (http://localhost:3000/node_modules/.vite/deps/react-dom-BEjadErz.js?v=d7848635:9632:19)
    at updateFunctionComponent (http://localhost:3000/node_modules/.vite/deps/react-dom-BEjadErz.js?v=d7848635:12122:19)
    at beginWork (http://localhost:3000/node_modules/.vite/deps/react-dom-BEjadErz.js?v=d7848635:13096:13)
    at beginWork$1 (http://localhost:3000/node_modules/.vite/deps/react-dom-BEjadErz.js?v=d7848635:15982:12)
    at performUnitOfWork (http://localhost:3000/node_modules/.vite/deps/react-dom-BEjadErz.js?v=d7848635:15568:12) @ http://localhost:3000/node_modules/.vite/deps/react-router-dom.js?v=0309025e:3780
[   56141ms] [ERROR] The above error occurred in the <FieldBrowser> component:

    at FieldBrowser (http://localhost:3000/src/pages/search-hunt/components/FieldBrowser.tsx:17:32)
    at div
    at section
    at SearchHuntPage (http://localhost:3000/src/pages/search-hunt/SearchHuntPage.tsx?t=1785829423949:134:22)
    at AuthGuard (http://localhost:3000/src/router/AuthGuard.tsx:20:29)
    at RenderedRoute (http://localhost:3000/node_modules/.vite/deps/react-router-dom.js?v=0309025e:3821:10)
    at Outlet (http://localhost:3000/node_modules/.vite/deps/react-router-dom.js?v=0309025e:4229:27)
    at Suspense
    at main
    at div
    at AppLayout (http://localhost:3000/src/router/AppLayout.tsx:22:24)
    at RenderedRoute (http://localhost:3000/node_modules/.vite/deps/react-router-dom.js?v=0309025e:3821:10)
    at RenderErrorBoundary (http://localhost:3000/node_modules/.vite/deps/react-router-dom.js?v=0309025e:3788:5)
    at DataRoutes (http://localhost:3000/node_modules/.vite/deps/react-router-dom.js?v=0309025e:5096:10)
    at Router (http://localhost:3000/node_modules/.vite/deps/react-router-dom.js?v=0309025e:4249:20)
    at RouterProvider (http://localhost:3000/node_modules/.vite/deps/react-router-dom.js?v=0309025e:4929:10)
    at Suspense
    at AppInner (http://localhost:3000/src/App.tsx?t=1785829423949:18:30)
    at QueryClientProvider (http://localhost:3000/node_modules/.vite/deps/@tanstack_react-query.js?v=ee613ef6:2995:31)
    at App

React will try to recreate this component tree from scratch using the error boundary you provided, RenderErrorBoundary. @ http://localhost:3000/node_modules/.vite/deps/react-dom-BEjadErz.js?v=d7848635:11718
[   56142ms] [ERROR] React Router caught the following error during render TypeError: Cannot read properties of null (reading 'toLocaleString')
    at http://localhost:3000/src/pages/search-hunt/components/FieldBrowser.tsx:238:139
    at Array.map (<anonymous>)
    at http://localhost:3000/src/pages/search-hunt/components/FieldBrowser.tsx:221:87
    at Array.map (<anonymous>)
    at FieldBrowser (http://localhost:3000/src/pages/search-hunt/components/FieldBrowser.tsx:187:42)
    at renderWithHooks (http://localhost:3000/node_modules/.vite/deps/react-dom-BEjadErz.js?v=d7848635:9632:19)
    at updateFunctionComponent (http://localhost:3000/node_modules/.vite/deps/react-dom-BEjadErz.js?v=d7848635:12122:19)
    at beginWork (http://localhost:3000/node_modules/.vite/deps/react-dom-BEjadErz.js?v=d7848635:13096:13)
    at beginWork$1 (http://localhost:3000/node_modules/.vite/deps/react-dom-BEjadErz.js?v=d7848635:15982:12)
    at performUnitOfWork (http://localhost:3000/node_modules/.vite/deps/react-dom-BEjadErz.js?v=d7848635:15568:12) {componentStack: 
    at FieldBrowser (http://localhost:3000/src/pa…ack_react-query.js?v=ee613ef6:2995:31)
    at App} @ http://localhost:3000/node_modules/.vite/deps/react-router-dom.js?v=0309025e:3810
[  101789ms] [INFO] %cDownload the React DevTools for a better development experience: https://reactjs.org/link/react-devtools font-weight:bold @ http://localhost:3000/node_modules/.vite/deps/react-dom-BEjadErz.js?v=d7848635:17230
[  101930ms] [ERROR] Failed to load resource: the server responded with a status of 500 (Internal Server Error) @ http://localhost:3000/api/overview/health:0
[  101945ms] [ERROR] Failed to load resource: the server responded with a status of 500 (Internal Server Error) @ http://localhost:3000/api/overview/health:0
