[     389ms] [INFO] %cDownload the React DevTools for a better development experience: https://reactjs.org/link/react-devtools font-weight:bold @ http://localhost:3000/node_modules/.vite/deps/react-dom-BEjadErz.js?v=d60f55b8:17230
[     605ms] [ERROR] Failed to load resource: the server responded with a status of 500 (Internal Server Error) @ http://localhost:3000/api/overview/health:0
[     622ms] [ERROR] Failed to load resource: the server responded with a status of 500 (Internal Server Error) @ http://localhost:3000/api/overview/health:0
[   30601ms] [ERROR] Failed to load resource: the server responded with a status of 500 (Internal Server Error) @ http://localhost:3000/api/overview/health:0
[   60601ms] [ERROR] Failed to load resource: the server responded with a status of 500 (Internal Server Error) @ http://localhost:3000/api/overview/health:0
[   90592ms] [ERROR] Failed to load resource: the server responded with a status of 500 (Internal Server Error) @ http://localhost:3000/api/overview/health:0
[  120598ms] [ERROR] Failed to load resource: the server responded with a status of 500 (Internal Server Error) @ http://localhost:3000/api/overview/health:0
[  150596ms] [ERROR] Failed to load resource: the server responded with a status of 500 (Internal Server Error) @ http://localhost:3000/api/overview/health:0
[  180590ms] [ERROR] Failed to load resource: the server responded with a status of 500 (Internal Server Error) @ http://localhost:3000/api/overview/health:0
[  210620ms] [ERROR] Failed to load resource: the server responded with a status of 500 (Internal Server Error) @ http://localhost:3000/api/overview/health:0
[  235823ms] [ERROR] Failed to load resource: the server responded with a status of 502 (Bad Gateway) @ http://localhost:3000/api/ha-graph/edges?timeRange=1h&edgeType=CONNECTED_TO&edgeType=SPAWNED&edgeType=LOGGED_IN_FROM&edgeType=RESOLVED_TO&edgeType=CONTAINS&edgeType=ACCESSED&edgeType=AUTHENTICATED_TO&edgeType=COMMUNICATED_WITH&edgeType=EXECUTED_ON&depth=2:0
[  235825ms] [ERROR] Failed to load resource: the server responded with a status of 502 (Bad Gateway) @ http://localhost:3000/api/ha-graph/nodes?type=user&type=host&type=ip&type=process&type=file&type=domain&type=service&type=cloud&minRisk=0&timeRange=1h&limit=150&depth=2:0
[  238043ms] [ERROR] Failed to load resource: the server responded with a status of 502 (Bad Gateway) @ http://localhost:3000/api/ha-graph/nodes?type=user&type=host&type=ip&type=process&type=file&type=domain&type=service&type=cloud&minRisk=0&timeRange=4h&limit=150&depth=2:0
[  238043ms] [ERROR] Failed to load resource: the server responded with a status of 502 (Bad Gateway) @ http://localhost:3000/api/ha-graph/edges?timeRange=4h&edgeType=CONNECTED_TO&edgeType=SPAWNED&edgeType=LOGGED_IN_FROM&edgeType=RESOLVED_TO&edgeType=CONTAINS&edgeType=ACCESSED&edgeType=AUTHENTICATED_TO&edgeType=COMMUNICATED_WITH&edgeType=EXECUTED_ON&depth=2:0
[  239682ms] [ERROR] Failed to load resource: the server responded with a status of 502 (Bad Gateway) @ http://localhost:3000/api/ha-graph/nodes?type=user&type=host&type=ip&type=process&type=file&type=domain&type=service&type=cloud&minRisk=0&timeRange=24h&limit=150&depth=2:0
[  239683ms] [ERROR] Failed to load resource: the server responded with a status of 502 (Bad Gateway) @ http://localhost:3000/api/ha-graph/edges?timeRange=24h&edgeType=CONNECTED_TO&edgeType=SPAWNED&edgeType=LOGGED_IN_FROM&edgeType=RESOLVED_TO&edgeType=CONTAINS&edgeType=ACCESSED&edgeType=AUTHENTICATED_TO&edgeType=COMMUNICATED_WITH&edgeType=EXECUTED_ON&depth=2:0
[  240583ms] [ERROR] Failed to load resource: the server responded with a status of 502 (Bad Gateway) @ http://localhost:3000/api/overview/health:0
[  241927ms] [ERROR] Failed to load resource: the server responded with a status of 502 (Bad Gateway) @ http://localhost:3000/api/ha-graph/edges?timeRange=24h&edgeType=CONNECTED_TO&edgeType=SPAWNED&edgeType=LOGGED_IN_FROM&edgeType=RESOLVED_TO&edgeType=CONTAINS&edgeType=ACCESSED&edgeType=AUTHENTICATED_TO&edgeType=COMMUNICATED_WITH&edgeType=EXECUTED_ON&depth=2:0
[  241927ms] [ERROR] Failed to load resource: the server responded with a status of 502 (Bad Gateway) @ http://localhost:3000/api/ha-graph/nodes?type=user&type=host&type=ip&type=process&type=file&type=domain&type=service&type=cloud&minRisk=0&timeRange=24h&limit=150&depth=2:0
[  270613ms] [ERROR] Failed to load resource: the server responded with a status of 500 (Internal Server Error) @ http://localhost:3000/api/overview/health:0
