[     228ms] [INFO] %cDownload the React DevTools for a better development experience: https://reactjs.org/link/react-devtools font-weight:bold @ http://localhost:3000/node_modules/.vite/deps/react-dom-BEjadErz.js?v=d60f55b8:17230
[     290ms] [ERROR] Failed to load resource: the server responded with a status of 500 (Internal Server Error) @ http://localhost:3000/api/overview/health:0
[     313ms] [ERROR] Failed to load resource: the server responded with a status of 500 (Internal Server Error) @ http://localhost:3000/api/overview/health:0
[     387ms] [WARNING] AG Grid: warning #2 Visit https://www.ag-grid.com/react-data-grid/errors/2?_version_=36.0.0&nodeId=ent-ip-203-0-113-88 
  Alternatively register the ValidationModule to see the full message in the console. @ http://localhost:3000/node_modules/.vite/deps/ag-grid-community.js?v=d60f55b8:6343
[     387ms] [WARNING] AG Grid: warning #2 Visit https://www.ag-grid.com/react-data-grid/errors/2?_version_=36.0.0&nodeId=ent-ip-203-0-113-99 
  Alternatively register the ValidationModule to see the full message in the console. @ http://localhost:3000/node_modules/.vite/deps/ag-grid-community.js?v=d60f55b8:6343
[     387ms] [WARNING] AG Grid: warning #2 Visit https://www.ag-grid.com/react-data-grid/errors/2?_version_=36.0.0&nodeId=ent-ip-198-51-100-30 
  Alternatively register the ValidationModule to see the full message in the console. @ http://localhost:3000/node_modules/.vite/deps/ag-grid-community.js?v=d60f55b8:6343
[   30277ms] [ERROR] Failed to load resource: the server responded with a status of 500 (Internal Server Error) @ http://localhost:3000/api/overview/health:0
[   47380ms] [INFO] %cDownload the React DevTools for a better development experience: https://reactjs.org/link/react-devtools font-weight:bold @ http://localhost:3000/node_modules/.vite/deps/react-dom-BEjadErz.js?v=d60f55b8:17230
[   47458ms] [ERROR] Failed to load resource: the server responded with a status of 500 (Internal Server Error) @ http://localhost:3000/api/overview/health:0
[   47471ms] [ERROR] Failed to load resource: the server responded with a status of 500 (Internal Server Error) @ http://localhost:3000/api/overview/health:0
[   47523ms] [WARNING] AG Grid: warning #2 Visit https://www.ag-grid.com/react-data-grid/errors/2?_version_=36.0.0&nodeId=ent-ip-203-0-113-88 
  Alternatively register the ValidationModule to see the full message in the console. @ http://localhost:3000/node_modules/.vite/deps/ag-grid-community.js?v=d60f55b8:6343
[   47523ms] [WARNING] AG Grid: warning #2 Visit https://www.ag-grid.com/react-data-grid/errors/2?_version_=36.0.0&nodeId=ent-ip-203-0-113-99 
  Alternatively register the ValidationModule to see the full message in the console. @ http://localhost:3000/node_modules/.vite/deps/ag-grid-community.js?v=d60f55b8:6343
[   47523ms] [WARNING] AG Grid: warning #2 Visit https://www.ag-grid.com/react-data-grid/errors/2?_version_=36.0.0&nodeId=ent-ip-198-51-100-30 
  Alternatively register the ValidationModule to see the full message in the console. @ http://localhost:3000/node_modules/.vite/deps/ag-grid-community.js?v=d60f55b8:6343
[   77449ms] [ERROR] Failed to load resource: the server responded with a status of 500 (Internal Server Error) @ http://localhost:3000/api/overview/health:0
[  107447ms] [ERROR] Failed to load resource: the server responded with a status of 500 (Internal Server Error) @ http://localhost:3000/api/overview/health:0
[  137451ms] [ERROR] Failed to load resource: the server responded with a status of 500 (Internal Server Error) @ http://localhost:3000/api/overview/health:0
[  167450ms] [ERROR] Failed to load resource: the server responded with a status of 500 (Internal Server Error) @ http://localhost:3000/api/overview/health:0
[  174764ms] [INFO] %cDownload the React DevTools for a better development experience: https://reactjs.org/link/react-devtools font-weight:bold @ http://localhost:3000/node_modules/.vite/deps/react-dom-BEjadErz.js?v=d60f55b8:17230
[  174821ms] [ERROR] Failed to load resource: the server responded with a status of 500 (Internal Server Error) @ http://localhost:3000/api/overview/health:0
[  174836ms] [ERROR] Failed to load resource: the server responded with a status of 500 (Internal Server Error) @ http://localhost:3000/api/overview/health:0
[  174893ms] [WARNING] AG Grid: warning #2 Visit https://www.ag-grid.com/react-data-grid/errors/2?_version_=36.0.0&nodeId=ent-ip-203-0-113-88 
  Alternatively register the ValidationModule to see the full message in the console. @ http://localhost:3000/node_modules/.vite/deps/ag-grid-community.js?v=d60f55b8:6343
[  174893ms] [WARNING] AG Grid: warning #2 Visit https://www.ag-grid.com/react-data-grid/errors/2?_version_=36.0.0&nodeId=ent-ip-203-0-113-99 
  Alternatively register the ValidationModule to see the full message in the console. @ http://localhost:3000/node_modules/.vite/deps/ag-grid-community.js?v=d60f55b8:6343
[  174893ms] [WARNING] AG Grid: warning #2 Visit https://www.ag-grid.com/react-data-grid/errors/2?_version_=36.0.0&nodeId=ent-ip-198-51-100-30 
  Alternatively register the ValidationModule to see the full message in the console. @ http://localhost:3000/node_modules/.vite/deps/ag-grid-community.js?v=d60f55b8:6343
[  204829ms] [ERROR] Failed to load resource: the server responded with a status of 500 (Internal Server Error) @ http://localhost:3000/api/overview/health:0
