[     159ms] [INFO] %cDownload the React DevTools for a better development experience: https://reactjs.org/link/react-devtools font-weight:bold @ http://localhost:3000/node_modules/.vite/deps/react-dom-DZQ9hRBr.js?v=fbd45312:17230
[     206ms] [ERROR] Failed to load resource: the server responded with a status of 500 (Internal Server Error) @ http://localhost:3000/api/overview/health:0
[     209ms] [ERROR] Failed to load resource: the server responded with a status of 500 (Internal Server Error) @ http://localhost:3000/api/live-eps/stream:0
[     209ms] [ERROR] Failed to load resource: the server responded with a status of 500 (Internal Server Error) @ http://localhost:3000/api/overview/health:0
[     224ms] [ERROR] AG Grid: error #239 Visit https://www.ag-grid.com/react-data-grid/errors/239?_version_=36.0.1 
  Alternatively register the ValidationModule to see the full message in the console. @ http://localhost:3000/@vite/client:524
[     239ms] [ERROR] AG Grid: error #200 Visit https://www.ag-grid.com/react-data-grid/errors/200?_version_=36.0.1&gridId=1&gridScoped=false&rowModelType=clientSide&isUmd=false&usesAgGridProvider=false&moduleName=ColumnFilter&reasonOrId=filter 
  Alternatively register the ValidationModule to see the full message in the console. @ http://localhost:3000/@vite/client:524
[     239ms] [ERROR] AG Grid: error #200 Visit https://www.ag-grid.com/react-data-grid/errors/200?_version_=36.0.1&gridId=1&gridScoped=false&rowModelType=clientSide&isUmd=false&usesAgGridProvider=false&moduleName=CellStyle&reasonOrId=cellStyle 
  Alternatively register the ValidationModule to see the full message in the console. @ http://localhost:3000/@vite/client:524
[     250ms] TypeError: Cannot read properties of undefined (reading 'length')
    at cellRenderer (http://localhost:3000/src/pages/response/ResponseAuthorityPage.tsx:273:43)
    at renderWithHooks (http://localhost:3000/node_modules/.vite/deps/react-dom-DZQ9hRBr.js?v=fbd45312:9632:19)
    at mountIndeterminateComponent (http://localhost:3000/node_modules/.vite/deps/react-dom-DZQ9hRBr.js?v=fbd45312:12362:12)
    at beginWork (http://localhost:3000/node_modules/.vite/deps/react-dom-DZQ9hRBr.js?v=fbd45312:13089:41)
    at HTMLUnknownElement.callCallback (http://localhost:3000/node_modules/.vite/deps/react-dom-DZQ9hRBr.js?v=fbd45312:3142:11)
    at Object.invokeGuardedCallbackDev (http://localhost:3000/node_modules/.vite/deps/react-dom-DZQ9hRBr.js?v=fbd45312:3162:14)
    at invokeGuardedCallback (http://localhost:3000/node_modules/.vite/deps/react-dom-DZQ9hRBr.js?v=fbd45312:3201:32)
    at beginWork$1 (http://localhost:3000/node_modules/.vite/deps/react-dom-DZQ9hRBr.js?v=fbd45312:15990:5)
    at performUnitOfWork (http://localhost:3000/node_modules/.vite/deps/react-dom-DZQ9hRBr.js?v=fbd45312:15568:12)
    at workLoopSync (http://localhost:3000/node_modules/.vite/deps/react-dom-DZQ9hRBr.js?v=fbd45312:15517:36)
[     253ms] TypeError: Cannot read properties of undefined (reading 'length')
    at cellRenderer (http://localhost:3000/src/pages/response/ResponseAuthorityPage.tsx:273:43)
    at renderWithHooks (http://localhost:3000/node_modules/.vite/deps/react-dom-DZQ9hRBr.js?v=fbd45312:9632:19)
    at mountIndeterminateComponent (http://localhost:3000/node_modules/.vite/deps/react-dom-DZQ9hRBr.js?v=fbd45312:12362:12)
    at beginWork (http://localhost:3000/node_modules/.vite/deps/react-dom-DZQ9hRBr.js?v=fbd45312:13089:41)
    at HTMLUnknownElement.callCallback (http://localhost:3000/node_modules/.vite/deps/react-dom-DZQ9hRBr.js?v=fbd45312:3142:11)
    at Object.invokeGuardedCallbackDev (http://localhost:3000/node_modules/.vite/deps/react-dom-DZQ9hRBr.js?v=fbd45312:3162:14)
    at invokeGuardedCallback (http://localhost:3000/node_modules/.vite/deps/react-dom-DZQ9hRBr.js?v=fbd45312:3201:32)
    at beginWork$1 (http://localhost:3000/node_modules/.vite/deps/react-dom-DZQ9hRBr.js?v=fbd45312:15990:5)
    at performUnitOfWork (http://localhost:3000/node_modules/.vite/deps/react-dom-DZQ9hRBr.js?v=fbd45312:15568:12)
    at workLoopSync (http://localhost:3000/node_modules/.vite/deps/react-dom-DZQ9hRBr.js?v=fbd45312:15517:36)
[     253ms] TypeError: Cannot read properties of undefined (reading 'length')
    at cellRenderer (http://localhost:3000/src/pages/response/ResponseAuthorityPage.tsx:273:43)
    at renderWithHooks (http://localhost:3000/node_modules/.vite/deps/react-dom-DZQ9hRBr.js?v=fbd45312:9632:19)
    at mountIndeterminateComponent (http://localhost:3000/node_modules/.vite/deps/react-dom-DZQ9hRBr.js?v=fbd45312:12362:12)
    at beginWork (http://localhost:3000/node_modules/.vite/deps/react-dom-DZQ9hRBr.js?v=fbd45312:13089:41)
    at HTMLUnknownElement.callCallback (http://localhost:3000/node_modules/.vite/deps/react-dom-DZQ9hRBr.js?v=fbd45312:3142:11)
    at Object.invokeGuardedCallbackDev (http://localhost:3000/node_modules/.vite/deps/react-dom-DZQ9hRBr.js?v=fbd45312:3162:14)
    at invokeGuardedCallback (http://localhost:3000/node_modules/.vite/deps/react-dom-DZQ9hRBr.js?v=fbd45312:3201:32)
    at beginWork$1 (http://localhost:3000/node_modules/.vite/deps/react-dom-DZQ9hRBr.js?v=fbd45312:15990:5)
    at performUnitOfWork (http://localhost:3000/node_modules/.vite/deps/react-dom-DZQ9hRBr.js?v=fbd45312:15568:12)
    at workLoopSync (http://localhost:3000/node_modules/.vite/deps/react-dom-DZQ9hRBr.js?v=fbd45312:15517:36)
[     253ms] TypeError: Cannot read properties of undefined (reading 'length')
    at cellRenderer (http://localhost:3000/src/pages/response/ResponseAuthorityPage.tsx:273:43)
    at renderWithHooks (http://localhost:3000/node_modules/.vite/deps/react-dom-DZQ9hRBr.js?v=fbd45312:9632:19)
    at mountIndeterminateComponent (http://localhost:3000/node_modules/.vite/deps/react-dom-DZQ9hRBr.js?v=fbd45312:12362:12)
    at beginWork (http://localhost:3000/node_modules/.vite/deps/react-dom-DZQ9hRBr.js?v=fbd45312:13089:41)
    at HTMLUnknownElement.callCallback (http://localhost:3000/node_modules/.vite/deps/react-dom-DZQ9hRBr.js?v=fbd45312:3142:11)
    at Object.invokeGuardedCallbackDev (http://localhost:3000/node_modules/.vite/deps/react-dom-DZQ9hRBr.js?v=fbd45312:3162:14)
    at invokeGuardedCallback (http://localhost:3000/node_modules/.vite/deps/react-dom-DZQ9hRBr.js?v=fbd45312:3201:32)
    at beginWork$1 (http://localhost:3000/node_modules/.vite/deps/react-dom-DZQ9hRBr.js?v=fbd45312:15990:5)
    at performUnitOfWork (http://localhost:3000/node_modules/.vite/deps/react-dom-DZQ9hRBr.js?v=fbd45312:15568:12)
    at workLoopSync (http://localhost:3000/node_modules/.vite/deps/react-dom-DZQ9hRBr.js?v=fbd45312:15517:36)
[     254ms] TypeError: Cannot read properties of undefined (reading 'length')
    at cellRenderer (http://localhost:3000/src/pages/response/ResponseAuthorityPage.tsx:273:43)
    at renderWithHooks (http://localhost:3000/node_modules/.vite/deps/react-dom-DZQ9hRBr.js?v=fbd45312:9632:19)
    at mountIndeterminateComponent (http://localhost:3000/node_modules/.vite/deps/react-dom-DZQ9hRBr.js?v=fbd45312:12362:12)
    at beginWork (http://localhost:3000/node_modules/.vite/deps/react-dom-DZQ9hRBr.js?v=fbd45312:13089:41)
    at HTMLUnknownElement.callCallback (http://localhost:3000/node_modules/.vite/deps/react-dom-DZQ9hRBr.js?v=fbd45312:3142:11)
    at Object.invokeGuardedCallbackDev (http://localhost:3000/node_modules/.vite/deps/react-dom-DZQ9hRBr.js?v=fbd45312:3162:14)
    at invokeGuardedCallback (http://localhost:3000/node_modules/.vite/deps/react-dom-DZQ9hRBr.js?v=fbd45312:3201:32)
    at beginWork$1 (http://localhost:3000/node_modules/.vite/deps/react-dom-DZQ9hRBr.js?v=fbd45312:15990:5)
    at performUnitOfWork (http://localhost:3000/node_modules/.vite/deps/react-dom-DZQ9hRBr.js?v=fbd45312:15568:12)
    at workLoopSync (http://localhost:3000/node_modules/.vite/deps/react-dom-DZQ9hRBr.js?v=fbd45312:15517:36)
[     255ms] [ERROR] Error handled by React Router default ErrorBoundary: TypeError: Cannot read properties of undefined (reading 'length')
    at cellRenderer (http://localhost:3000/src/pages/response/ResponseAuthorityPage.tsx:273:43)
    at renderWithHooks (http://localhost:3000/node_modules/.vite/deps/react-dom-DZQ9hRBr.js?v=fbd45312:9632:19)
    at mountIndeterminateComponent (http://localhost:3000/node_modules/.vite/deps/react-dom-DZQ9hRBr.js?v=fbd45312:12362:12)
    at beginWork (http://localhost:3000/node_modules/.vite/deps/react-dom-DZQ9hRBr.js?v=fbd45312:13089:41)
    at beginWork$1 (http://localhost:3000/node_modules/.vite/deps/react-dom-DZQ9hRBr.js?v=fbd45312:15982:12)
    at performUnitOfWork (http://localhost:3000/node_modules/.vite/deps/react-dom-DZQ9hRBr.js?v=fbd45312:15568:12)
    at workLoopSync (http://localhost:3000/node_modules/.vite/deps/react-dom-DZQ9hRBr.js?v=fbd45312:15517:36)
    at renderRootSync (http://localhost:3000/node_modules/.vite/deps/react-dom-DZQ9hRBr.js?v=fbd45312:15500:6)
    at performSyncWorkOnRoot (http://localhost:3000/node_modules/.vite/deps/react-dom-DZQ9hRBr.js?v=fbd45312:15299:21)
    at flushSyncCallbacks (http://localhost:3000/node_modules/.vite/deps/react-dom-DZQ9hRBr.js?v=fbd45312:7802:19) @ http://localhost:3000/@vite/client:524
[     255ms] [ERROR] Error handled by React Router default ErrorBoundary: TypeError: Cannot read properties of undefined (reading 'length')
    at cellRenderer (http://localhost:3000/src/pages/response/ResponseAuthorityPage.tsx:273:43)
    at renderWithHooks (http://localhost:3000/node_modules/.vite/deps/react-dom-DZQ9hRBr.js?v=fbd45312:9632:19)
    at mountIndeterminateComponent (http://localhost:3000/node_modules/.vite/deps/react-dom-DZQ9hRBr.js?v=fbd45312:12362:12)
    at beginWork (http://localhost:3000/node_modules/.vite/deps/react-dom-DZQ9hRBr.js?v=fbd45312:13089:41)
    at beginWork$1 (http://localhost:3000/node_modules/.vite/deps/react-dom-DZQ9hRBr.js?v=fbd45312:15982:12)
    at performUnitOfWork (http://localhost:3000/node_modules/.vite/deps/react-dom-DZQ9hRBr.js?v=fbd45312:15568:12)
    at workLoopSync (http://localhost:3000/node_modules/.vite/deps/react-dom-DZQ9hRBr.js?v=fbd45312:15517:36)
    at renderRootSync (http://localhost:3000/node_modules/.vite/deps/react-dom-DZQ9hRBr.js?v=fbd45312:15500:6)
    at performSyncWorkOnRoot (http://localhost:3000/node_modules/.vite/deps/react-dom-DZQ9hRBr.js?v=fbd45312:15299:21)
    at flushSyncCallbacks (http://localhost:3000/node_modules/.vite/deps/react-dom-DZQ9hRBr.js?v=fbd45312:7802:19) @ http://localhost:3000/@vite/client:524
[     255ms] TypeError: Cannot read properties of undefined (reading 'length')
    at cellRenderer (http://localhost:3000/src/pages/response/ResponseAuthorityPage.tsx:273:43)
    at renderWithHooks (http://localhost:3000/node_modules/.vite/deps/react-dom-DZQ9hRBr.js?v=fbd45312:9632:19)
    at mountIndeterminateComponent (http://localhost:3000/node_modules/.vite/deps/react-dom-DZQ9hRBr.js?v=fbd45312:12362:12)
    at beginWork (http://localhost:3000/node_modules/.vite/deps/react-dom-DZQ9hRBr.js?v=fbd45312:13089:41)
    at HTMLUnknownElement.callCallback (http://localhost:3000/node_modules/.vite/deps/react-dom-DZQ9hRBr.js?v=fbd45312:3142:11)
    at Object.invokeGuardedCallbackDev (http://localhost:3000/node_modules/.vite/deps/react-dom-DZQ9hRBr.js?v=fbd45312:3162:14)
    at invokeGuardedCallback (http://localhost:3000/node_modules/.vite/deps/react-dom-DZQ9hRBr.js?v=fbd45312:3201:32)
    at beginWork$1 (http://localhost:3000/node_modules/.vite/deps/react-dom-DZQ9hRBr.js?v=fbd45312:15990:5)
    at performUnitOfWork (http://localhost:3000/node_modules/.vite/deps/react-dom-DZQ9hRBr.js?v=fbd45312:15568:12)
    at workLoopSync (http://localhost:3000/node_modules/.vite/deps/react-dom-DZQ9hRBr.js?v=fbd45312:15517:36)
[     256ms] TypeError: Cannot read properties of undefined (reading 'length')
    at cellRenderer (http://localhost:3000/src/pages/response/ResponseAuthorityPage.tsx:273:43)
    at renderWithHooks (http://localhost:3000/node_modules/.vite/deps/react-dom-DZQ9hRBr.js?v=fbd45312:9632:19)
    at mountIndeterminateComponent (http://localhost:3000/node_modules/.vite/deps/react-dom-DZQ9hRBr.js?v=fbd45312:12362:12)
    at beginWork (http://localhost:3000/node_modules/.vite/deps/react-dom-DZQ9hRBr.js?v=fbd45312:13089:41)
    at HTMLUnknownElement.callCallback (http://localhost:3000/node_modules/.vite/deps/react-dom-DZQ9hRBr.js?v=fbd45312:3142:11)
    at Object.invokeGuardedCallbackDev (http://localhost:3000/node_modules/.vite/deps/react-dom-DZQ9hRBr.js?v=fbd45312:3162:14)
    at invokeGuardedCallback (http://localhost:3000/node_modules/.vite/deps/react-dom-DZQ9hRBr.js?v=fbd45312:3201:32)
    at beginWork$1 (http://localhost:3000/node_modules/.vite/deps/react-dom-DZQ9hRBr.js?v=fbd45312:15990:5)
    at performUnitOfWork (http://localhost:3000/node_modules/.vite/deps/react-dom-DZQ9hRBr.js?v=fbd45312:15568:12)
    at workLoopSync (http://localhost:3000/node_modules/.vite/deps/react-dom-DZQ9hRBr.js?v=fbd45312:15517:36)
[     256ms] TypeError: Cannot read properties of undefined (reading 'length')
    at cellRenderer (http://localhost:3000/src/pages/response/ResponseAuthorityPage.tsx:273:43)
    at renderWithHooks (http://localhost:3000/node_modules/.vite/deps/react-dom-DZQ9hRBr.js?v=fbd45312:9632:19)
    at mountIndeterminateComponent (http://localhost:3000/node_modules/.vite/deps/react-dom-DZQ9hRBr.js?v=fbd45312:12362:12)
    at beginWork (http://localhost:3000/node_modules/.vite/deps/react-dom-DZQ9hRBr.js?v=fbd45312:13089:41)
    at HTMLUnknownElement.callCallback (http://localhost:3000/node_modules/.vite/deps/react-dom-DZQ9hRBr.js?v=fbd45312:3142:11)
    at Object.invokeGuardedCallbackDev (http://localhost:3000/node_modules/.vite/deps/react-dom-DZQ9hRBr.js?v=fbd45312:3162:14)
    at invokeGuardedCallback (http://localhost:3000/node_modules/.vite/deps/react-dom-DZQ9hRBr.js?v=fbd45312:3201:32)
    at beginWork$1 (http://localhost:3000/node_modules/.vite/deps/react-dom-DZQ9hRBr.js?v=fbd45312:15990:5)
    at performUnitOfWork (http://localhost:3000/node_modules/.vite/deps/react-dom-DZQ9hRBr.js?v=fbd45312:15568:12)
    at workLoopSync (http://localhost:3000/node_modules/.vite/deps/react-dom-DZQ9hRBr.js?v=fbd45312:15517:36)
[     256ms] TypeError: Cannot read properties of undefined (reading 'length')
    at cellRenderer (http://localhost:3000/src/pages/response/ResponseAuthorityPage.tsx:273:43)
    at renderWithHooks (http://localhost:3000/node_modules/.vite/deps/react-dom-DZQ9hRBr.js?v=fbd45312:9632:19)
    at mountIndeterminateComponent (http://localhost:3000/node_modules/.vite/deps/react-dom-DZQ9hRBr.js?v=fbd45312:12362:12)
    at beginWork (http://localhost:3000/node_modules/.vite/deps/react-dom-DZQ9hRBr.js?v=fbd45312:13089:41)
    at HTMLUnknownElement.callCallback (http://localhost:3000/node_modules/.vite/deps/react-dom-DZQ9hRBr.js?v=fbd45312:3142:11)
    at Object.invokeGuardedCallbackDev (http://localhost:3000/node_modules/.vite/deps/react-dom-DZQ9hRBr.js?v=fbd45312:3162:14)
    at invokeGuardedCallback (http://localhost:3000/node_modules/.vite/deps/react-dom-DZQ9hRBr.js?v=fbd45312:3201:32)
    at beginWork$1 (http://localhost:3000/node_modules/.vite/deps/react-dom-DZQ9hRBr.js?v=fbd45312:15990:5)
    at performUnitOfWork (http://localhost:3000/node_modules/.vite/deps/react-dom-DZQ9hRBr.js?v=fbd45312:15568:12)
    at workLoopSync (http://localhost:3000/node_modules/.vite/deps/react-dom-DZQ9hRBr.js?v=fbd45312:15517:36)
[     257ms] TypeError: Cannot read properties of undefined (reading 'length')
    at cellRenderer (http://localhost:3000/src/pages/response/ResponseAuthorityPage.tsx:273:43)
    at renderWithHooks (http://localhost:3000/node_modules/.vite/deps/react-dom-DZQ9hRBr.js?v=fbd45312:9632:19)
    at mountIndeterminateComponent (http://localhost:3000/node_modules/.vite/deps/react-dom-DZQ9hRBr.js?v=fbd45312:12362:12)
    at beginWork (http://localhost:3000/node_modules/.vite/deps/react-dom-DZQ9hRBr.js?v=fbd45312:13089:41)
    at HTMLUnknownElement.callCallback (http://localhost:3000/node_modules/.vite/deps/react-dom-DZQ9hRBr.js?v=fbd45312:3142:11)
    at Object.invokeGuardedCallbackDev (http://localhost:3000/node_modules/.vite/deps/react-dom-DZQ9hRBr.js?v=fbd45312:3162:14)
    at invokeGuardedCallback (http://localhost:3000/node_modules/.vite/deps/react-dom-DZQ9hRBr.js?v=fbd45312:3201:32)
    at beginWork$1 (http://localhost:3000/node_modules/.vite/deps/react-dom-DZQ9hRBr.js?v=fbd45312:15990:5)
    at performUnitOfWork (http://localhost:3000/node_modules/.vite/deps/react-dom-DZQ9hRBr.js?v=fbd45312:15568:12)
    at workLoopSync (http://localhost:3000/node_modules/.vite/deps/react-dom-DZQ9hRBr.js?v=fbd45312:15517:36)
[     257ms] [ERROR] Error handled by React Router default ErrorBoundary: TypeError: Cannot read properties of undefined (reading 'length')
    at cellRenderer (http://localhost:3000/src/pages/response/ResponseAuthorityPage.tsx:273:43)
    at renderWithHooks (http://localhost:3000/node_modules/.vite/deps/react-dom-DZQ9hRBr.js?v=fbd45312:9632:19)
    at mountIndeterminateComponent (http://localhost:3000/node_modules/.vite/deps/react-dom-DZQ9hRBr.js?v=fbd45312:12362:12)
    at beginWork (http://localhost:3000/node_modules/.vite/deps/react-dom-DZQ9hRBr.js?v=fbd45312:13089:41)
    at beginWork$1 (http://localhost:3000/node_modules/.vite/deps/react-dom-DZQ9hRBr.js?v=fbd45312:15982:12)
    at performUnitOfWork (http://localhost:3000/node_modules/.vite/deps/react-dom-DZQ9hRBr.js?v=fbd45312:15568:12)
    at workLoopSync (http://localhost:3000/node_modules/.vite/deps/react-dom-DZQ9hRBr.js?v=fbd45312:15517:36)
    at renderRootSync (http://localhost:3000/node_modules/.vite/deps/react-dom-DZQ9hRBr.js?v=fbd45312:15500:6)
    at recoverFromConcurrentError (http://localhost:3000/node_modules/.vite/deps/react-dom-DZQ9hRBr.js?v=fbd45312:15193:21)
    at performSyncWorkOnRoot (http://localhost:3000/node_modules/.vite/deps/react-dom-DZQ9hRBr.js?v=fbd45312:15304:19) @ http://localhost:3000/@vite/client:524
[     257ms] [ERROR] Error handled by React Router default ErrorBoundary: TypeError: Cannot read properties of undefined (reading 'length')
    at cellRenderer (http://localhost:3000/src/pages/response/ResponseAuthorityPage.tsx:273:43)
    at renderWithHooks (http://localhost:3000/node_modules/.vite/deps/react-dom-DZQ9hRBr.js?v=fbd45312:9632:19)
    at mountIndeterminateComponent (http://localhost:3000/node_modules/.vite/deps/react-dom-DZQ9hRBr.js?v=fbd45312:12362:12)
    at beginWork (http://localhost:3000/node_modules/.vite/deps/react-dom-DZQ9hRBr.js?v=fbd45312:13089:41)
    at beginWork$1 (http://localhost:3000/node_modules/.vite/deps/react-dom-DZQ9hRBr.js?v=fbd45312:15982:12)
    at performUnitOfWork (http://localhost:3000/node_modules/.vite/deps/react-dom-DZQ9hRBr.js?v=fbd45312:15568:12)
    at workLoopSync (http://localhost:3000/node_modules/.vite/deps/react-dom-DZQ9hRBr.js?v=fbd45312:15517:36)
    at renderRootSync (http://localhost:3000/node_modules/.vite/deps/react-dom-DZQ9hRBr.js?v=fbd45312:15500:6)
    at recoverFromConcurrentError (http://localhost:3000/node_modules/.vite/deps/react-dom-DZQ9hRBr.js?v=fbd45312:15193:21)
    at performSyncWorkOnRoot (http://localhost:3000/node_modules/.vite/deps/react-dom-DZQ9hRBr.js?v=fbd45312:15304:19) @ http://localhost:3000/@vite/client:524
[     259ms] [ERROR] The above error occurred in the <cellRenderer> component:

    at cellRenderer (http://localhost:3000/src/pages/response/ResponseAuthorityPage.tsx:273:26)
    at Suspense
    at div
    at CellComp (http://localhost:3000/node_modules/.vite/deps/ag-grid-react.js?v=fbd45312:28581:19)
    at div
    at div
    at RowComp (http://localhost:3000/node_modules/.vite/deps/ag-grid-react.js?v=fbd45312:28863:18)
    at div
    at RowContainerComp (http://localhost:3000/node_modules/.vite/deps/ag-grid-react.js?v=fbd45312:29162:27)
    at div
    at div
    at div
    at div
    at GridBodyComp (http://localhost:3000/node_modules/.vite/deps/ag-grid-react.js?v=fbd45312:29274:75)
    at TabGuardCompRef (http://localhost:3000/node_modules/.vite/deps/ag-grid-react.js?v=fbd45312:29476:10)
    at div
    at div
    at GridComp (http://localhost:3000/node_modules/.vite/deps/ag-grid-react.js?v=fbd45312:29529:19)
    at div
    at div
    at div
    at div
    at AgGridReactUi (http://localhost:3000/node_modules/.vite/deps/ag-grid-react.js?v=fbd45312:29725:57)
    at AgGridReact (http://localhost:3000/node_modules/.vite/deps/ag-grid-react.js?v=fbd45312:30001:3)
    at div
    at _c (http://localhost:3000/src/components/siem-data-grid/SiemDataGrid.tsx:22:48)
    at div
    at div
    at ResponseAuthorityPage (http://localhost:3000/src/pages/response/ResponseAuthorityPage.tsx:123:22)
    at AuthGuard (http://localhost:3000/src/router/AuthGuard.tsx?t=1784910164738:22:29)
    at RenderedRoute (http://localhost:3000/node_modules/.vite/deps/react-router-dom.js?v=fbd45312:3235:8)
    at Outlet (http://localhost:3000/node_modules/.vite/deps/react-router-dom.js?v=fbd45312:3585:25)
    at main
    at div
    at AppLayout (http://localhost:3000/src/router/AppLayout.tsx:25:24)
    at RenderedRoute (http://localhost:3000/node_modules/.vite/deps/react-router-dom.js?v=fbd45312:3235:8)
    at RenderErrorBoundary (http://localhost:3000/node_modules/.vite/deps/react-router-dom.js?v=fbd45312:3202:3)
    at DataRoutes (http://localhost:3000/node_modules/.vite/deps/react-router-dom.js?v=fbd45312:4278:8)
    at Router (http://localhost:3000/node_modules/.vite/deps/react-router-dom.js?v=fbd45312:3605:18)
    at RouterProvider (http://localhost:3000/node_modules/.vite/deps/react-router-dom.js?v=fbd45312:4111:8)
    at AppInner (http://localhost:3000/src/App.tsx?t=1784910225177:26:30)
    at QueryClientProvider (http://localhost:3000/node_modules/.vite/deps/@tanstack_react-query.js?v=fbd45312:2553:30)
    at App

React will try to recreate this component tree from scratch using the error boundary you provided, RenderErrorBoundary. @ http://localhost:3000/@vite/client:524
[     259ms] [ERROR] React Router caught the following error during render TypeError: Cannot read properties of undefined (reading 'length')
    at cellRenderer (http://localhost:3000/src/pages/response/ResponseAuthorityPage.tsx:273:43)
    at renderWithHooks (http://localhost:3000/node_modules/.vite/deps/react-dom-DZQ9hRBr.js?v=fbd45312:9632:19)
    at mountIndeterminateComponent (http://localhost:3000/node_modules/.vite/deps/react-dom-DZQ9hRBr.js?v=fbd45312:12362:12)
    at beginWork (http://localhost:3000/node_modules/.vite/deps/react-dom-DZQ9hRBr.js?v=fbd45312:13089:41)
    at beginWork$1 (http://localhost:3000/node_modules/.vite/deps/react-dom-DZQ9hRBr.js?v=fbd45312:15982:12)
    at performUnitOfWork (http://localhost:3000/node_modules/.vite/deps/react-dom-DZQ9hRBr.js?v=fbd45312:15568:12)
    at workLoopSync (http://localhost:3000/node_modules/.vite/deps/react-dom-DZQ9hRBr.js?v=fbd45312:15517:36)
    at renderRootSync (http://localhost:3000/node_modules/.vite/deps/react-dom-DZQ9hRBr.js?v=fbd45312:15500:6)
    at recoverFromConcurrentError (http://localhost:3000/node_modules/.vite/deps/react-dom-DZQ9hRBr.js?v=fbd45312:15193:21)
    at performSyncWorkOnRoot (http://localhost:3000/node_modules/.vite/deps/react-dom-DZQ9hRBr.js?v=fbd45312:15304:19) {componentStack: 
    at cellRenderer (http://localhost:3000/src/pa…ack_react-query.js?v=fbd45312:2553:30)
    at App} @ http://localhost:3000/@vite/client:524
[     259ms] [ERROR] The above error occurred in the <cellRenderer> component:

    at cellRenderer (http://localhost:3000/src/pages/response/ResponseAuthorityPage.tsx:273:26)
    at Suspense
    at div
    at CellComp (http://localhost:3000/node_modules/.vite/deps/ag-grid-react.js?v=fbd45312:28581:19)
    at div
    at div
    at RowComp (http://localhost:3000/node_modules/.vite/deps/ag-grid-react.js?v=fbd45312:28863:18)
    at div
    at RowContainerComp (http://localhost:3000/node_modules/.vite/deps/ag-grid-react.js?v=fbd45312:29162:27)
    at div
    at div
    at div
    at div
    at GridBodyComp (http://localhost:3000/node_modules/.vite/deps/ag-grid-react.js?v=fbd45312:29274:75)
    at TabGuardCompRef (http://localhost:3000/node_modules/.vite/deps/ag-grid-react.js?v=fbd45312:29476:10)
    at div
    at div
    at GridComp (http://localhost:3000/node_modules/.vite/deps/ag-grid-react.js?v=fbd45312:29529:19)
    at div
    at div
    at div
    at div
    at AgGridReactUi (http://localhost:3000/node_modules/.vite/deps/ag-grid-react.js?v=fbd45312:29725:57)
    at AgGridReact (http://localhost:3000/node_modules/.vite/deps/ag-grid-react.js?v=fbd45312:30001:3)
    at div
    at _c (http://localhost:3000/src/components/siem-data-grid/SiemDataGrid.tsx:22:48)
    at div
    at div
    at ResponseAuthorityPage (http://localhost:3000/src/pages/response/ResponseAuthorityPage.tsx:123:22)
    at AuthGuard (http://localhost:3000/src/router/AuthGuard.tsx?t=1784910164738:22:29)
    at RenderedRoute (http://localhost:3000/node_modules/.vite/deps/react-router-dom.js?v=fbd45312:3235:8)
    at Outlet (http://localhost:3000/node_modules/.vite/deps/react-router-dom.js?v=fbd45312:3585:25)
    at main
    at div
    at AppLayout (http://localhost:3000/src/router/AppLayout.tsx:25:24)
    at RenderedRoute (http://localhost:3000/node_modules/.vite/deps/react-router-dom.js?v=fbd45312:3235:8)
    at RenderErrorBoundary (http://localhost:3000/node_modules/.vite/deps/react-router-dom.js?v=fbd45312:3202:3)
    at DataRoutes (http://localhost:3000/node_modules/.vite/deps/react-router-dom.js?v=fbd45312:4278:8)
    at Router (http://localhost:3000/node_modules/.vite/deps/react-router-dom.js?v=fbd45312:3605:18)
    at RouterProvider (http://localhost:3000/node_modules/.vite/deps/react-router-dom.js?v=fbd45312:4111:8)
    at AppInner (http://localhost:3000/src/App.tsx?t=1784910225177:26:30)
    at QueryClientProvider (http://localhost:3000/node_modules/.vite/deps/@tanstack_react-query.js?v=fbd45312:2553:30)
    at App

React will try to recreate this component tree from scratch using the error boundary you provided, RenderErrorBoundary. @ http://localhost:3000/@vite/client:524
[     259ms] [ERROR] React Router caught the following error during render TypeError: Cannot read properties of undefined (reading 'length')
    at cellRenderer (http://localhost:3000/src/pages/response/ResponseAuthorityPage.tsx:273:43)
    at renderWithHooks (http://localhost:3000/node_modules/.vite/deps/react-dom-DZQ9hRBr.js?v=fbd45312:9632:19)
    at mountIndeterminateComponent (http://localhost:3000/node_modules/.vite/deps/react-dom-DZQ9hRBr.js?v=fbd45312:12362:12)
    at beginWork (http://localhost:3000/node_modules/.vite/deps/react-dom-DZQ9hRBr.js?v=fbd45312:13089:41)
    at beginWork$1 (http://localhost:3000/node_modules/.vite/deps/react-dom-DZQ9hRBr.js?v=fbd45312:15982:12)
    at performUnitOfWork (http://localhost:3000/node_modules/.vite/deps/react-dom-DZQ9hRBr.js?v=fbd45312:15568:12)
    at workLoopSync (http://localhost:3000/node_modules/.vite/deps/react-dom-DZQ9hRBr.js?v=fbd45312:15517:36)
    at renderRootSync (http://localhost:3000/node_modules/.vite/deps/react-dom-DZQ9hRBr.js?v=fbd45312:15500:6)
    at recoverFromConcurrentError (http://localhost:3000/node_modules/.vite/deps/react-dom-DZQ9hRBr.js?v=fbd45312:15193:21)
    at performSyncWorkOnRoot (http://localhost:3000/node_modules/.vite/deps/react-dom-DZQ9hRBr.js?v=fbd45312:15304:19) {componentStack: 
    at cellRenderer (http://localhost:3000/src/pa…ack_react-query.js?v=fbd45312:2553:30)
    at App} @ http://localhost:3000/@vite/client:524
[     259ms] [ERROR] The above error occurred in the <cellRenderer> component:

    at cellRenderer (http://localhost:3000/src/pages/response/ResponseAuthorityPage.tsx:273:26)
    at Suspense
    at div
    at CellComp (http://localhost:3000/node_modules/.vite/deps/ag-grid-react.js?v=fbd45312:28581:19)
    at div
    at div
    at RowComp (http://localhost:3000/node_modules/.vite/deps/ag-grid-react.js?v=fbd45312:28863:18)
    at div
    at RowContainerComp (http://localhost:3000/node_modules/.vite/deps/ag-grid-react.js?v=fbd45312:29162:27)
    at div
    at div
    at div
    at div
    at GridBodyComp (http://localhost:3000/node_modules/.vite/deps/ag-grid-react.js?v=fbd45312:29274:75)
    at TabGuardCompRef (http://localhost:3000/node_modules/.vite/deps/ag-grid-react.js?v=fbd45312:29476:10)
    at div
    at div
    at GridComp (http://localhost:3000/node_modules/.vite/deps/ag-grid-react.js?v=fbd45312:29529:19)
    at div
    at div
    at div
    at div
    at AgGridReactUi (http://localhost:3000/node_modules/.vite/deps/ag-grid-react.js?v=fbd45312:29725:57)
    at AgGridReact (http://localhost:3000/node_modules/.vite/deps/ag-grid-react.js?v=fbd45312:30001:3)
    at div
    at _c (http://localhost:3000/src/components/siem-data-grid/SiemDataGrid.tsx:22:48)
    at div
    at div
    at ResponseAuthorityPage (http://localhost:3000/src/pages/response/ResponseAuthorityPage.tsx:123:22)
    at AuthGuard (http://localhost:3000/src/router/AuthGuard.tsx?t=1784910164738:22:29)
    at RenderedRoute (http://localhost:3000/node_modules/.vite/deps/react-router-dom.js?v=fbd45312:3235:8)
    at Outlet (http://localhost:3000/node_modules/.vite/deps/react-router-dom.js?v=fbd45312:3585:25)
    at main
    at div
    at AppLayout (http://localhost:3000/src/router/AppLayout.tsx:25:24)
    at RenderedRoute (http://localhost:3000/node_modules/.vite/deps/react-router-dom.js?v=fbd45312:3235:8)
    at RenderErrorBoundary (http://localhost:3000/node_modules/.vite/deps/react-router-dom.js?v=fbd45312:3202:3)
    at DataRoutes (http://localhost:3000/node_modules/.vite/deps/react-router-dom.js?v=fbd45312:4278:8)
    at Router (http://localhost:3000/node_modules/.vite/deps/react-router-dom.js?v=fbd45312:3605:18)
    at RouterProvider (http://localhost:3000/node_modules/.vite/deps/react-router-dom.js?v=fbd45312:4111:8)
    at AppInner (http://localhost:3000/src/App.tsx?t=1784910225177:26:30)
    at QueryClientProvider (http://localhost:3000/node_modules/.vite/deps/@tanstack_react-query.js?v=fbd45312:2553:30)
    at App

React will try to recreate this component tree from scratch using the error boundary you provided, RenderErrorBoundary. @ http://localhost:3000/@vite/client:524
[     259ms] [ERROR] React Router caught the following error during render TypeError: Cannot read properties of undefined (reading 'length')
    at cellRenderer (http://localhost:3000/src/pages/response/ResponseAuthorityPage.tsx:273:43)
    at renderWithHooks (http://localhost:3000/node_modules/.vite/deps/react-dom-DZQ9hRBr.js?v=fbd45312:9632:19)
    at mountIndeterminateComponent (http://localhost:3000/node_modules/.vite/deps/react-dom-DZQ9hRBr.js?v=fbd45312:12362:12)
    at beginWork (http://localhost:3000/node_modules/.vite/deps/react-dom-DZQ9hRBr.js?v=fbd45312:13089:41)
    at beginWork$1 (http://localhost:3000/node_modules/.vite/deps/react-dom-DZQ9hRBr.js?v=fbd45312:15982:12)
    at performUnitOfWork (http://localhost:3000/node_modules/.vite/deps/react-dom-DZQ9hRBr.js?v=fbd45312:15568:12)
    at workLoopSync (http://localhost:3000/node_modules/.vite/deps/react-dom-DZQ9hRBr.js?v=fbd45312:15517:36)
    at renderRootSync (http://localhost:3000/node_modules/.vite/deps/react-dom-DZQ9hRBr.js?v=fbd45312:15500:6)
    at recoverFromConcurrentError (http://localhost:3000/node_modules/.vite/deps/react-dom-DZQ9hRBr.js?v=fbd45312:15193:21)
    at performSyncWorkOnRoot (http://localhost:3000/node_modules/.vite/deps/react-dom-DZQ9hRBr.js?v=fbd45312:15304:19) {componentStack: 
    at cellRenderer (http://localhost:3000/src/pa…ack_react-query.js?v=fbd45312:2553:30)
    at App} @ http://localhost:3000/@vite/client:524
[     259ms] [ERROR] The above error occurred in the <cellRenderer> component:

    at cellRenderer (http://localhost:3000/src/pages/response/ResponseAuthorityPage.tsx:273:26)
    at Suspense
    at div
    at CellComp (http://localhost:3000/node_modules/.vite/deps/ag-grid-react.js?v=fbd45312:28581:19)
    at div
    at div
    at RowComp (http://localhost:3000/node_modules/.vite/deps/ag-grid-react.js?v=fbd45312:28863:18)
    at div
    at RowContainerComp (http://localhost:3000/node_modules/.vite/deps/ag-grid-react.js?v=fbd45312:29162:27)
    at div
    at div
    at div
    at div
    at GridBodyComp (http://localhost:3000/node_modules/.vite/deps/ag-grid-react.js?v=fbd45312:29274:75)
    at TabGuardCompRef (http://localhost:3000/node_modules/.vite/deps/ag-grid-react.js?v=fbd45312:29476:10)
    at div
    at div
    at GridComp (http://localhost:3000/node_modules/.vite/deps/ag-grid-react.js?v=fbd45312:29529:19)
    at div
    at div
    at div
    at div
    at AgGridReactUi (http://localhost:3000/node_modules/.vite/deps/ag-grid-react.js?v=fbd45312:29725:57)
    at AgGridReact (http://localhost:3000/node_modules/.vite/deps/ag-grid-react.js?v=fbd45312:30001:3)
    at div
    at _c (http://localhost:3000/src/components/siem-data-grid/SiemDataGrid.tsx:22:48)
    at div
    at div
    at ResponseAuthorityPage (http://localhost:3000/src/pages/response/ResponseAuthorityPage.tsx:123:22)
    at AuthGuard (http://localhost:3000/src/router/AuthGuard.tsx?t=1784910164738:22:29)
    at RenderedRoute (http://localhost:3000/node_modules/.vite/deps/react-router-dom.js?v=fbd45312:3235:8)
    at Outlet (http://localhost:3000/node_modules/.vite/deps/react-router-dom.js?v=fbd45312:3585:25)
    at main
    at div
    at AppLayout (http://localhost:3000/src/router/AppLayout.tsx:25:24)
    at RenderedRoute (http://localhost:3000/node_modules/.vite/deps/react-router-dom.js?v=fbd45312:3235:8)
    at RenderErrorBoundary (http://localhost:3000/node_modules/.vite/deps/react-router-dom.js?v=fbd45312:3202:3)
    at DataRoutes (http://localhost:3000/node_modules/.vite/deps/react-router-dom.js?v=fbd45312:4278:8)
    at Router (http://localhost:3000/node_modules/.vite/deps/react-router-dom.js?v=fbd45312:3605:18)
    at RouterProvider (http://localhost:3000/node_modules/.vite/deps/react-router-dom.js?v=fbd45312:4111:8)
    at AppInner (http://localhost:3000/src/App.tsx?t=1784910225177:26:30)
    at QueryClientProvider (http://localhost:3000/node_modules/.vite/deps/@tanstack_react-query.js?v=fbd45312:2553:30)
    at App

React will try to recreate this component tree from scratch using the error boundary you provided, RenderErrorBoundary. @ http://localhost:3000/@vite/client:524
[     259ms] [ERROR] React Router caught the following error during render TypeError: Cannot read properties of undefined (reading 'length')
    at cellRenderer (http://localhost:3000/src/pages/response/ResponseAuthorityPage.tsx:273:43)
    at renderWithHooks (http://localhost:3000/node_modules/.vite/deps/react-dom-DZQ9hRBr.js?v=fbd45312:9632:19)
    at mountIndeterminateComponent (http://localhost:3000/node_modules/.vite/deps/react-dom-DZQ9hRBr.js?v=fbd45312:12362:12)
    at beginWork (http://localhost:3000/node_modules/.vite/deps/react-dom-DZQ9hRBr.js?v=fbd45312:13089:41)
    at beginWork$1 (http://localhost:3000/node_modules/.vite/deps/react-dom-DZQ9hRBr.js?v=fbd45312:15982:12)
    at performUnitOfWork (http://localhost:3000/node_modules/.vite/deps/react-dom-DZQ9hRBr.js?v=fbd45312:15568:12)
    at workLoopSync (http://localhost:3000/node_modules/.vite/deps/react-dom-DZQ9hRBr.js?v=fbd45312:15517:36)
    at renderRootSync (http://localhost:3000/node_modules/.vite/deps/react-dom-DZQ9hRBr.js?v=fbd45312:15500:6)
    at recoverFromConcurrentError (http://localhost:3000/node_modules/.vite/deps/react-dom-DZQ9hRBr.js?v=fbd45312:15193:21)
    at performSyncWorkOnRoot (http://localhost:3000/node_modules/.vite/deps/react-dom-DZQ9hRBr.js?v=fbd45312:15304:19) {componentStack: 
    at cellRenderer (http://localhost:3000/src/pa…ack_react-query.js?v=fbd45312:2553:30)
    at App} @ http://localhost:3000/@vite/client:524
[     259ms] [ERROR] The above error occurred in the <cellRenderer> component:

    at cellRenderer (http://localhost:3000/src/pages/response/ResponseAuthorityPage.tsx:273:26)
    at Suspense
    at div
    at CellComp (http://localhost:3000/node_modules/.vite/deps/ag-grid-react.js?v=fbd45312:28581:19)
    at div
    at div
    at RowComp (http://localhost:3000/node_modules/.vite/deps/ag-grid-react.js?v=fbd45312:28863:18)
    at div
    at RowContainerComp (http://localhost:3000/node_modules/.vite/deps/ag-grid-react.js?v=fbd45312:29162:27)
    at div
    at div
    at div
    at div
    at GridBodyComp (http://localhost:3000/node_modules/.vite/deps/ag-grid-react.js?v=fbd45312:29274:75)
    at TabGuardCompRef (http://localhost:3000/node_modules/.vite/deps/ag-grid-react.js?v=fbd45312:29476:10)
    at div
    at div
    at GridComp (http://localhost:3000/node_modules/.vite/deps/ag-grid-react.js?v=fbd45312:29529:19)
    at div
    at div
    at div
    at div
    at AgGridReactUi (http://localhost:3000/node_modules/.vite/deps/ag-grid-react.js?v=fbd45312:29725:57)
    at AgGridReact (http://localhost:3000/node_modules/.vite/deps/ag-grid-react.js?v=fbd45312:30001:3)
    at div
    at _c (http://localhost:3000/src/components/siem-data-grid/SiemDataGrid.tsx:22:48)
    at div
    at div
    at ResponseAuthorityPage (http://localhost:3000/src/pages/response/ResponseAuthorityPage.tsx:123:22)
    at AuthGuard (http://localhost:3000/src/router/AuthGuard.tsx?t=1784910164738:22:29)
    at RenderedRoute (http://localhost:3000/node_modules/.vite/deps/react-router-dom.js?v=fbd45312:3235:8)
    at Outlet (http://localhost:3000/node_modules/.vite/deps/react-router-dom.js?v=fbd45312:3585:25)
    at main
    at div
    at AppLayout (http://localhost:3000/src/router/AppLayout.tsx:25:24)
    at RenderedRoute (http://localhost:3000/node_modules/.vite/deps/react-router-dom.js?v=fbd45312:3235:8)
    at RenderErrorBoundary (http://localhost:3000/node_modules/.vite/deps/react-router-dom.js?v=fbd45312:3202:3)
    at DataRoutes (http://localhost:3000/node_modules/.vite/deps/react-router-dom.js?v=fbd45312:4278:8)
    at Router (http://localhost:3000/node_modules/.vite/deps/react-router-dom.js?v=fbd45312:3605:18)
    at RouterProvider (http://localhost:3000/node_modules/.vite/deps/react-router-dom.js?v=fbd45312:4111:8)
    at AppInner (http://localhost:3000/src/App.tsx?t=1784910225177:26:30)
    at QueryClientProvider (http://localhost:3000/node_modules/.vite/deps/@tanstack_react-query.js?v=fbd45312:2553:30)
    at App

React will try to recreate this component tree from scratch using the error boundary you provided, RenderErrorBoundary. @ http://localhost:3000/@vite/client:524
[     259ms] [ERROR] React Router caught the following error during render TypeError: Cannot read properties of undefined (reading 'length')
    at cellRenderer (http://localhost:3000/src/pages/response/ResponseAuthorityPage.tsx:273:43)
    at renderWithHooks (http://localhost:3000/node_modules/.vite/deps/react-dom-DZQ9hRBr.js?v=fbd45312:9632:19)
    at mountIndeterminateComponent (http://localhost:3000/node_modules/.vite/deps/react-dom-DZQ9hRBr.js?v=fbd45312:12362:12)
    at beginWork (http://localhost:3000/node_modules/.vite/deps/react-dom-DZQ9hRBr.js?v=fbd45312:13089:41)
    at beginWork$1 (http://localhost:3000/node_modules/.vite/deps/react-dom-DZQ9hRBr.js?v=fbd45312:15982:12)
    at performUnitOfWork (http://localhost:3000/node_modules/.vite/deps/react-dom-DZQ9hRBr.js?v=fbd45312:15568:12)
    at workLoopSync (http://localhost:3000/node_modules/.vite/deps/react-dom-DZQ9hRBr.js?v=fbd45312:15517:36)
    at renderRootSync (http://localhost:3000/node_modules/.vite/deps/react-dom-DZQ9hRBr.js?v=fbd45312:15500:6)
    at recoverFromConcurrentError (http://localhost:3000/node_modules/.vite/deps/react-dom-DZQ9hRBr.js?v=fbd45312:15193:21)
    at performSyncWorkOnRoot (http://localhost:3000/node_modules/.vite/deps/react-dom-DZQ9hRBr.js?v=fbd45312:15304:19) {componentStack: 
    at cellRenderer (http://localhost:3000/src/pa…ack_react-query.js?v=fbd45312:2553:30)
    at App} @ http://localhost:3000/@vite/client:524
